Archive member included to satisfy reference by file (symbol)

/opt/homebrew/Cellar/arm-none-eabi-gcc/10.3-2021.07/gcc/bin/../lib/gcc/arm-none-eabi/10.3.1/thumb/v6-m/nofp/libgcc.a(_dvmd_tls.o)
                              CMakeFiles/main.dir/Users/hcy2206/Library/Mobile_Documents/com~apple~CloudDocs/Github/Pico/pico-sdk/src/rp2_common/pico_divider/divider.S.obj (__aeabi_idiv0)
/opt/homebrew/Cellar/arm-none-eabi-gcc/10.3-2021.07/gcc/bin/../lib/gcc/arm-none-eabi/10.3.1/../../../../arm-none-eabi/lib/thumb/v6-m/nofp/libg.a(lib_a-calloc.o)
                              CMakeFiles/main.dir/Users/hcy2206/Library/Mobile_Documents/com~apple~CloudDocs/Github/Pico/pico-sdk/src/rp2_common/pico_malloc/pico_malloc.c.obj (calloc)
/opt/homebrew/Cellar/arm-none-eabi-gcc/10.3-2021.07/gcc/bin/../lib/gcc/arm-none-eabi/10.3.1/../../../../arm-none-eabi/lib/thumb/v6-m/nofp/libg.a(lib_a-callocr.o)
                              /opt/homebrew/Cellar/arm-none-eabi-gcc/10.3-2021.07/gcc/bin/../lib/gcc/arm-none-eabi/10.3.1/../../../../arm-none-eabi/lib/thumb/v6-m/nofp/libg.a(lib_a-calloc.o) (_calloc_r)
/opt/homebrew/Cellar/arm-none-eabi-gcc/10.3-2021.07/gcc/bin/../lib/gcc/arm-none-eabi/10.3.1/../../../../arm-none-eabi/lib/thumb/v6-m/nofp/libg.a(lib_a-errno.o)
                              /opt/homebrew/Cellar/arm-none-eabi-gcc/10.3-2021.07/gcc/bin/../lib/gcc/arm-none-eabi/10.3.1/../../../../arm-none-eabi/lib/thumb/v6-m/nofp/libg.a(lib_a-callocr.o) (__errno)
/opt/homebrew/Cellar/arm-none-eabi-gcc/10.3-2021.07/gcc/bin/../lib/gcc/arm-none-eabi/10.3.1/../../../../arm-none-eabi/lib/thumb/v6-m/nofp/libg.a(lib_a-impure.o)
                              /opt/homebrew/Cellar/arm-none-eabi-gcc/10.3-2021.07/gcc/bin/../lib/gcc/arm-none-eabi/10.3.1/../../../../arm-none-eabi/lib/thumb/v6-m/nofp/libg.a(lib_a-calloc.o) (_impure_ptr)
/opt/homebrew/Cellar/arm-none-eabi-gcc/10.3-2021.07/gcc/bin/../lib/gcc/arm-none-eabi/10.3.1/../../../../arm-none-eabi/lib/thumb/v6-m/nofp/libg.a(lib_a-init.o)
                              /opt/homebrew/Cellar/arm-none-eabi-gcc/10.3-2021.07/gcc/bin/../lib/gcc/arm-none-eabi/10.3.1/../../../../arm-none-eabi/lib/thumb/v6-m/nofp/crt0.o (__libc_init_array)
/opt/homebrew/Cellar/arm-none-eabi-gcc/10.3-2021.07/gcc/bin/../lib/gcc/arm-none-eabi/10.3.1/../../../../arm-none-eabi/lib/thumb/v6-m/nofp/libg.a(lib_a-malloc.o)
                              CMakeFiles/main.dir/Users/hcy2206/Library/Mobile_Documents/com~apple~CloudDocs/Github/Pico/pico-sdk/src/rp2_common/pico_malloc/pico_malloc.c.obj (malloc)
/opt/homebrew/Cellar/arm-none-eabi-gcc/10.3-2021.07/gcc/bin/../lib/gcc/arm-none-eabi/10.3.1/../../../../arm-none-eabi/lib/thumb/v6-m/nofp/libg.a(lib_a-mallocr.o)
                              /opt/homebrew/Cellar/arm-none-eabi-gcc/10.3-2021.07/gcc/bin/../lib/gcc/arm-none-eabi/10.3.1/../../../../arm-none-eabi/lib/thumb/v6-m/nofp/libg.a(lib_a-callocr.o) (_malloc_r)
/opt/homebrew/Cellar/arm-none-eabi-gcc/10.3-2021.07/gcc/bin/../lib/gcc/arm-none-eabi/10.3.1/../../../../arm-none-eabi/lib/thumb/v6-m/nofp/libg.a(lib_a-mlock.o)
                              /opt/homebrew/Cellar/arm-none-eabi-gcc/10.3-2021.07/gcc/bin/../lib/gcc/arm-none-eabi/10.3.1/../../../../arm-none-eabi/lib/thumb/v6-m/nofp/libg.a(lib_a-mallocr.o) (__malloc_lock)
/opt/homebrew/Cellar/arm-none-eabi-gcc/10.3-2021.07/gcc/bin/../lib/gcc/arm-none-eabi/10.3.1/../../../../arm-none-eabi/lib/thumb/v6-m/nofp/libg.a(lib_a-realloc.o)
                              CMakeFiles/main.dir/Users/hcy2206/Library/Mobile_Documents/com~apple~CloudDocs/Github/Pico/pico-sdk/src/rp2_common/pico_malloc/pico_malloc.c.obj (realloc)
/opt/homebrew/Cellar/arm-none-eabi-gcc/10.3-2021.07/gcc/bin/../lib/gcc/arm-none-eabi/10.3.1/../../../../arm-none-eabi/lib/thumb/v6-m/nofp/libg.a(lib_a-reallocr.o)
                              /opt/homebrew/Cellar/arm-none-eabi-gcc/10.3-2021.07/gcc/bin/../lib/gcc/arm-none-eabi/10.3.1/../../../../arm-none-eabi/lib/thumb/v6-m/nofp/libg.a(lib_a-realloc.o) (_realloc_r)
/opt/homebrew/Cellar/arm-none-eabi-gcc/10.3-2021.07/gcc/bin/../lib/gcc/arm-none-eabi/10.3.1/../../../../arm-none-eabi/lib/thumb/v6-m/nofp/libg.a(lib_a-sbrkr.o)
                              /opt/homebrew/Cellar/arm-none-eabi-gcc/10.3-2021.07/gcc/bin/../lib/gcc/arm-none-eabi/10.3.1/../../../../arm-none-eabi/lib/thumb/v6-m/nofp/libg.a(lib_a-mallocr.o) (_sbrk_r)
/opt/homebrew/Cellar/arm-none-eabi-gcc/10.3-2021.07/gcc/bin/../lib/gcc/arm-none-eabi/10.3.1/../../../../arm-none-eabi/lib/thumb/v6-m/nofp/libg.a(lib_a-strlen-stub.o)
                              CMakeFiles/main.dir/Users/hcy2206/Library/Mobile_Documents/com~apple~CloudDocs/Github/Pico/pico-sdk/src/rp2_common/pico_stdio/stdio.c.obj (strlen)
/opt/homebrew/Cellar/arm-none-eabi-gcc/10.3-2021.07/gcc/bin/../lib/gcc/arm-none-eabi/10.3.1/../../../../arm-none-eabi/lib/thumb/v6-m/nofp/libg.a(lib_a-freer.o)
[...]
Memory Configuration

Name             Origin             Length             Attributes
FLASH            0x0000000010000000 0x0000000000200000 xr
RAM              0x0000000020000000 0x0000000000040000 xrw
SCRATCH_X        0x0000000020040000 0x0000000000001000 xrw
SCRATCH_Y        0x0000000020041000 0x0000000000001000 xrw
*default*        0x0000000000000000 0xffffffffffffffff

Linker script and memory map

LOAD /opt/homebrew/Cellar/arm-none-eabi-gcc/10.3-2021.07/gcc/bin/../lib/gcc/arm-none-eabi/10.3.1/thumb/v6-m/nofp/crti.o
LOAD /opt/homebrew/Cellar/arm-none-eabi-gcc/10.3-2021.07/gcc/bin/../lib/gcc/arm-none-eabi/10.3.1/thumb/v6-m/nofp/crtbegin.o
LOAD /opt/homebrew/Cellar/arm-none-eabi-gcc/10.3-2021.07/gcc/bin/../lib/gcc/arm-none-eabi/10.3.1/../../../../arm-none-eabi/lib/thumb/v6-m/nofp/crt0.o

.flash_begin    0x0000000010000000        0x0
                0x0000000010000000                __flash_binary_start = .

.boot2          0x0000000010000000      0x100
                0x0000000010000000                __boot2_start__ = .
 *(.boot2)
 .boot2         0x0000000010000000      0x100 /var/folders/5q/h16gbyyd0hd0bht8xwx77fq80000gn/T//cczYqJ7s.o
                0x0000000010000100                __boot2_end__ = .
                0x0000000000000001                ASSERT (((__boot2_end__ - __boot2_start__) == 0x100), ERROR: Pico second stage bootloader must be 256 bytes in size)

.text           0x0000000010000100     0x44e8
                0x0000000010000100                __logical_binary_start = .
 *(.vectors)
 .vectors       0x0000000010000100       0xd4 CMakeFiles/main.dir/Users/hcy2206/Library/Mobile_Documents/com~apple~CloudDocs/Github/Pico/pico-sdk/src/rp2_common/pico_standard_link/crt0.S.obj
                0x0000000010000100                __VECTOR_TABLE
                0x0000000010000100                __vectors
                0x00000000100001c0                __default_isrs_start
                0x00000000100001c0                isr_invalid
                0x00000000100001c2                isr_nmi
                0x00000000100001c4                isr_hardfault
                0x00000000100001c6                isr_svcall
                0x00000000100001c8                isr_pendsv
                0x00000000100001ca                isr_systick
                0x00000000100001cc                isr_irq28
                0x00000000100001cc                isr_irq19
                0x00000000100001cc                isr_irq0
                0x00000000100001cc                isr_irq6
                0x00000000100001cc                isr_irq22
                0x00000000100001cc                isr_irq17
                0x00000000100001cc                isr_irq14
                0x00000000100001cc                isr_irq2
                0x00000000100001cc                isr_irq10
                0x00000000100001cc                isr_irq8
                0x00000000100001cc                isr_irq24
                0x00000000100001cc                isr_irq1
                0x00000000100001cc                isr_irq7
                0x00000000100001cc                isr_irq21
                0x00000000100001cc                isr_irq20
                0x00000000100001cc                isr_irq15
                0x00000000100001cc                isr_irq25
                0x00000000100001cc                isr_irq4
                0x00000000100001cc                isr_irq16
                0x00000000100001cc                isr_irq29
                0x00000000100001cc                isr_irq26
                0x00000000100001cc                __default_isrs_end
                0x00000000100001cc                isr_irq3
                0x00000000100001cc                isr_irq9
                0x00000000100001cc                __unhandled_user_irq
                0x00000000100001cc                isr_irq13
                0x00000000100001cc                isr_irq27
                0x00000000100001cc                isr_irq31
                0x00000000100001cc                isr_irq5
                0x00000000100001cc                isr_irq11
                0x00000000100001cc                isr_irq23
                0x00000000100001cc                isr_irq18
                0x00000000100001cc                isr_irq30
                0x00000000100001cc                isr_irq12
                0x00000000100001d2                unhandled_user_irq_num_in_r0
 *(.binary_info_header)
 .binary_info_header
                0x00000000100001d4       0x14 CMakeFiles/main.dir/Users/hcy2206/Library/Mobile_Documents/com~apple~CloudDocs/Github/Pico/pico-sdk/src/rp2_common/pico_standard_link/crt0.S.obj
                0x00000000100001e8                __binary_info_header_end = .
 *(.reset)
 .reset         0x00000000100001e8       0xa0 CMakeFiles/main.dir/Users/hcy2206/Library/Mobile_Documents/com~apple~CloudDocs/Github/Pico/pico-sdk/src/rp2_common/pico_standard_link/crt0.S.obj
                0x00000000100001e8                _entry_point
 .reset         0x0000000010000288       0x30 CMakeFiles/main.dir/Users/hcy2206/Library/Mobile_Documents/com~apple~CloudDocs/Github/Pico/pico-sdk/src/rp2_common/pico_standard_link/binary_info.c.obj
 *(.init)
 .init          0x00000000100002b8        0x4 /opt/homebrew/Cellar/arm-none-eabi-gcc/10.3-2021.07/gcc/bin/../lib/gcc/arm-none-eabi/10.3.1/thumb/v6-m/nofp/crti.o
                0x00000000100002b8                _init
 *(EXCLUDE_FILE(*libm.a: *libc.a:*lib_a-mem*.o *libgcc.a:) .text*)
 .text          0x00000000100002bc       0x48 /opt/homebrew/Cellar/arm-none-eabi-gcc/10.3-2021.07/gcc/bin/../lib/gcc/arm-none-eabi/10.3.1/thumb/v6-m/nofp/crtbegin.o
 .text.main     0x0000000010000304       0x1c CMakeFiles/main.dir/main.cpp.obj
                0x0000000010000304                main
 .text.gpio_set_function
                0x0000000010000320       0x30 CMakeFiles/main.dir/Users/hcy2206/Library/Mobile_Documents/com~apple~CloudDocs/Github/Pico/pico-sdk/src/rp2_common/hardware_gpio/gpio.c.obj
                0x0000000010000320                gpio_set_function
 .text.running_on_fpga
                0x0000000010000350       0x14 CMakeFiles/main.dir/Users/hcy2206/Library/Mobile_Documents/com~apple~CloudDocs/Github/Pico/pico-sdk/src/rp2_common/pico_platform/platform.c.obj
                0x0000000010000350                running_on_fpga
 .text.hw_claim_lock
                0x0000000010000364       0x18 CMakeFiles/main.dir/Users/hcy2206/Library/Mobile_Documents/com~apple~CloudDocs/Github/Pico/pico-sdk/src/rp2_common/hardware_claim/claim.c.obj
                0x0000000010000364                hw_claim_lock
 .text.hw_claim_unlock
                0x000000001000037c       0x14 CMakeFiles/main.dir/Users/hcy2206/Library/Mobile_Documents/com~apple~CloudDocs/Github/Pico/pico-sdk/src/rp2_common/hardware_claim/claim.c.obj
                0x000000001000037c                hw_claim_unlock
 .text.hw_claim_or_assert
                0x0000000010000390       0x32 CMakeFiles/main.dir/Users/hcy2206/Library/Mobile_Documents/com~apple~CloudDocs/Github/Pico/pico-sdk/src/rp2_common/hardware_claim/claim.c.obj
                0x0000000010000390                hw_claim_or_assert
 *fill*         0x00000000100003c2        0x2 
 .text.spin_locks_reset
                0x00000000100003c4       0x20 CMakeFiles/main.dir/Users/hcy2206/Library/Mobile_Documents/com~apple~CloudDocs/Github/Pico/pico-sdk/src/rp2_common/hardware_sync/sync.c.obj
                0x00000000100003c4                spin_locks_reset
 .text.next_striped_spin_lock_num
                0x00000000100003e4       0x1c CMakeFiles/main.dir/Users/hcy2206/Library/Mobile_Documents/com~apple~CloudDocs/Github/Pico/pico-sdk/src/rp2_common/hardware_sync/sync.c.obj
                0x00000000100003e4                next_striped_spin_lock_num
 .text.set_raw_irq_handler_and_unlock
                0x0000000010000400       0x28 CMakeFiles/main.dir/Users/hcy2206/Library/Mobile_Documents/com~apple~CloudDocs/Github/Pico/pico-sdk/src/rp2_common/hardware_irq/irq.c.obj
 .text.make_branch
                0x0000000010000428       0x48 CMakeFiles/main.dir/Users/hcy2206/Library/Mobile_Documents/com~apple~CloudDocs/Github/Pico/pico-sdk/src/rp2_common/hardware_irq/irq.c.obj
 .text.insert_branch_and_link
                0x0000000010000470       0x40 CMakeFiles/main.dir/Users/hcy2206/Library/Mobile_Documents/com~apple~CloudDocs/Github/Pico/pico-sdk/src/rp2_common/hardware_irq/irq.c.obj
 .text.irq_is_enabled
                0x00000000100004b0       0x18 CMakeFiles/main.dir/Users/hcy2206/Library/Mobile_Documents/com~apple~CloudDocs/Github/Pico/pico-sdk/src/rp2_common/hardware_irq/irq.c.obj
                0x00000000100004b0                irq_is_enabled
 .text.irq_set_mask_enabled
                0x00000000100004c8       0x20 CMakeFiles/main.dir/Users/hcy2206/Library/Mobile_Documents/com~apple~CloudDocs/Github/Pico/pico-sdk/src/rp2_common/hardware_irq/irq.c.obj
                0x00000000100004c8                irq_set_mask_enabled
 .text.irq_set_enabled
                0x00000000100004e8        0xe CMakeFiles/main.dir/Users/hcy2206/Library/Mobile_Documents/com~apple~CloudDocs/Github/Pico/pico-sdk/src/rp2_common/hardware_irq/irq.c.obj
                0x00000000100004e8                irq_set_enabled
 *fill*         0x00000000100004f6        0x2 
 .text.irq_get_vtable_handler
                0x00000000100004f8       0x10 CMakeFiles/main.dir/Users/hcy2206/Library/Mobile_Documents/com~apple~CloudDocs/Github/Pico/pico-sdk/src/rp2_common/hardware_irq/irq.c.obj
                0x00000000100004f8                irq_get_vtable_handler
 .text.irq_set_exclusive_handler
                0x0000000010000508       0x54 CMakeFiles/main.dir/Users/hcy2206/Library/Mobile_Documents/com~apple~CloudDocs/Github/Pico/pico-sdk/src/rp2_common/hardware_irq/irq.c.obj
                0x0000000010000508                irq_set_exclusive_handler
 .text.irq_remove_handler
                0x000000001000055c      0x1ac CMakeFiles/main.dir/Users/hcy2206/Library/Mobile_Documents/com~apple~CloudDocs/Github/Pico/pico-sdk/src/rp2_common/hardware_irq/irq.c.obj
                0x000000001000055c                irq_remove_handler
 .text.irq_add_tail_to_free_list
                0x0000000010000708       0xf0 CMakeFiles/main.dir/Users/hcy2206/Library/Mobile_Documents/com~apple~CloudDocs/Github/Pico/pico-sdk/src/rp2_common/hardware_irq/irq.c.obj
                0x0000000010000708                irq_add_tail_to_free_list
 .text.irq_init_priorities
                0x00000000100007f8       0x1c CMakeFiles/main.dir/Users/hcy2206/Library/Mobile_Documents/com~apple~CloudDocs/Github/Pico/pico-sdk/src/rp2_common/hardware_irq/irq.c.obj
                0x00000000100007f8                irq_init_priorities
 .text.lock_init
                0x0000000010000814       0x10 CMakeFiles/main.dir/Users/hcy2206/Library/Mobile_Documents/com~apple~CloudDocs/Github/Pico/pico-sdk/src/common/pico_sync/lock_core.c.obj
                0x0000000010000814                lock_init
 .text.mutex_init
                0x0000000010000824       0x1a CMakeFiles/main.dir/Users/hcy2206/Library/Mobile_Documents/com~apple~CloudDocs/Github/Pico/pico-sdk/src/common/pico_sync/mutex.c.obj
                0x0000000010000824                mutex_init
 .text.recursive_mutex_init
                0x000000001000083e       0x1e CMakeFiles/main.dir/Users/hcy2206/Library/Mobile_Documents/com~apple~CloudDocs/Github/Pico/pico-sdk/src/common/pico_sync/mutex.c.obj
                0x000000001000083e                recursive_mutex_init
 .text.alarm_pool_post_alloc_init
                0x000000001000085c       0x40 CMakeFiles/main.dir/Users/hcy2206/Library/Mobile_Documents/com~apple~CloudDocs/Github/Pico/pico-sdk/src/common/pico_time/time.c.obj
 .text.sleep_until_callback
                0x000000001000089c       0x30 CMakeFiles/main.dir/Users/hcy2206/Library/Mobile_Documents/com~apple~CloudDocs/Github/Pico/pico-sdk/src/common/pico_time/time.c.obj
 .text.timer_pool_entry_comparator
                0x00000000100008cc       0x7c CMakeFiles/main.dir/Users/hcy2206/Library/Mobile_Documents/com~apple~CloudDocs/Github/Pico/pico-sdk/src/common/pico_time/time.c.obj
                0x00000000100008cc                timer_pool_entry_comparator
 .text.ph_add_child_node
                0x0000000010000948       0xa4 CMakeFiles/main.dir/Users/hcy2206/Library/Mobile_Documents/com~apple~CloudDocs/Github/Pico/pico-sdk/src/common/pico_time/time.c.obj
 .text.ph_merge_nodes
                0x00000000100009ec       0x3e CMakeFiles/main.dir/Users/hcy2206/Library/Mobile_Documents/com~apple~CloudDocs/Github/Pico/pico-sdk/src/common/pico_time/time.c.obj
 *fill*         0x0000000010000a2a        0x2 
 .text.add_alarm_under_lock
                0x0000000010000a2c      0x174 CMakeFiles/main.dir/Users/hcy2206/Library/Mobile_Documents/com~apple~CloudDocs/Github/Pico/pico-sdk/src/common/pico_time/time.c.obj
 .text.alarm_pool_alarm_callback
                0x0000000010000ba0      0x33c CMakeFiles/main.dir/Users/hcy2206/Library/Mobile_Documents/com~apple~CloudDocs/Github/Pico/pico-sdk/src/common/pico_time/time.c.obj
 .text.alarm_pool_init_default
                0x0000000010000edc       0x40 CMakeFiles/main.dir/Users/hcy2206/Library/Mobile_Documents/com~apple~CloudDocs/Github/Pico/pico-sdk/src/common/pico_time/time.c.obj
                0x0000000010000edc                alarm_pool_init_default
 .text.alarm_pool_get_default
                0x0000000010000f1c       0x2c CMakeFiles/main.dir/Users/hcy2206/Library/Mobile_Documents/com~apple~CloudDocs/Github/Pico/pico-sdk/src/common/pico_time/time.c.obj
                0x0000000010000f1c                alarm_pool_get_default
 .text.alarm_pool_add_alarm_at
                0x0000000010000f48      0x168 CMakeFiles/main.dir/Users/hcy2206/Library/Mobile_Documents/com~apple~CloudDocs/Github/Pico/pico-sdk/src/common/pico_time/time.c.obj
                0x0000000010000f48                alarm_pool_add_alarm_at
 .text.alarm_pool_cancel_alarm
                0x00000000100010b0       0xf0 CMakeFiles/main.dir/Users/hcy2206/Library/Mobile_Documents/com~apple~CloudDocs/Github/Pico/pico-sdk/src/common/pico_time/time.c.obj
                0x00000000100010b0                alarm_pool_cancel_alarm
 .text.sleep_until
                0x00000000100011a0       0xfc CMakeFiles/main.dir/Users/hcy2206/Library/Mobile_Documents/com~apple~CloudDocs/Github/Pico/pico-sdk/src/common/pico_time/time.c.obj
                0x00000000100011a0                sleep_until
 .text.sleep_us
                0x000000001000129c       0x58 CMakeFiles/main.dir/Users/hcy2206/Library/Mobile_Documents/com~apple~CloudDocs/Github/Pico/pico-sdk/src/common/pico_time/time.c.obj
                0x000000001000129c                sleep_us
 .text.sleep_ms
                0x00000000100012f4       0x14 CMakeFiles/main.dir/Users/hcy2206/Library/Mobile_Documents/com~apple~CloudDocs/Github/Pico/pico-sdk/src/common/pico_time/time.c.obj
                0x00000000100012f4                sleep_ms
 .text.best_effort_wfe_or_timeout
                0x0000000010001308       0xac CMakeFiles/main.dir/Users/hcy2206/Library/Mobile_Documents/com~apple~CloudDocs/Github/Pico/pico-sdk/src/common/pico_time/time.c.obj
                0x0000000010001308                best_effort_wfe_or_timeout
 .text.hardware_alarm_irq_handler
                0x00000000100013b4       0x90 CMakeFiles/main.dir/Users/hcy2206/Library/Mobile_Documents/com~apple~CloudDocs/Github/Pico/pico-sdk/src/rp2_common/hardware_timer/timer.c.obj
 .text.hardware_alarm_claim
                0x0000000010001444       0x18 CMakeFiles/main.dir/Users/hcy2206/Library/Mobile_Documents/com~apple~CloudDocs/Github/Pico/pico-sdk/src/rp2_common/hardware_timer/timer.c.obj
                0x0000000010001444                hardware_alarm_claim
 .text.time_us_64
                0x000000001000145c       0x18 CMakeFiles/main.dir/Users/hcy2206/Library/Mobile_Documents/com~apple~CloudDocs/Github/Pico/pico-sdk/src/rp2_common/hardware_timer/timer.c.obj
                0x000000001000145c                time_us_64
 .text.busy_wait_until
                0x0000000010001474       0x28 CMakeFiles/main.dir/Users/hcy2206/Library/Mobile_Documents/com~apple~CloudDocs/Github/Pico/pico-sdk/src/rp2_common/hardware_timer/timer.c.obj
                0x0000000010001474                busy_wait_until
 .text.hardware_alarm_set_callback
                0x000000001000149c       0x90 CMakeFiles/main.dir/Users/hcy2206/Library/Mobile_Documents/com~apple~CloudDocs/Github/Pico/pico-sdk/src/rp2_common/hardware_timer/timer.c.obj
                0x000000001000149c                hardware_alarm_set_callback
 .text.hardware_alarm_set_target
                0x000000001000152c       0xe8 CMakeFiles/main.dir/Users/hcy2206/Library/Mobile_Documents/com~apple~CloudDocs/Github/Pico/pico-sdk/src/rp2_common/hardware_timer/timer.c.obj
                0x000000001000152c                hardware_alarm_set_target
 .text.hardware_alarm_cancel
                0x0000000010001614       0x40 CMakeFiles/main.dir/Users/hcy2206/Library/Mobile_Documents/com~apple~CloudDocs/Github/Pico/pico-sdk/src/rp2_common/hardware_timer/timer.c.obj
                0x0000000010001614                hardware_alarm_cancel
 .text.ph_add_child_node
                0x0000000010001654       0xa4 CMakeFiles/main.dir/Users/hcy2206/Library/Mobile_Documents/com~apple~CloudDocs/Github/Pico/pico-sdk/src/common/pico_util/pheap.c.obj
 .text.ph_merge_nodes
                0x00000000100016f8       0x3e CMakeFiles/main.dir/Users/hcy2206/Library/Mobile_Documents/com~apple~CloudDocs/Github/Pico/pico-sdk/src/common/pico_util/pheap.c.obj
 *fill*         0x0000000010001736        0x2 
 .text.ph_clear
                0x0000000010001738       0x70 CMakeFiles/main.dir/Users/hcy2206/Library/Mobile_Documents/com~apple~CloudDocs/Github/Pico/pico-sdk/src/common/pico_util/pheap.c.obj
                0x0000000010001738                ph_clear
 .text.ph_post_alloc_init
                0x00000000100017a8        0xe CMakeFiles/main.dir/Users/hcy2206/Library/Mobile_Documents/com~apple~CloudDocs/Github/Pico/pico-sdk/src/common/pico_util/pheap.c.obj
                0x00000000100017a8                ph_post_alloc_init
 *fill*         0x00000000100017b6        0x2 
 .text.ph_merge_two_pass
                0x00000000100017b8       0xa8 CMakeFiles/main.dir/Users/hcy2206/Library/Mobile_Documents/com~apple~CloudDocs/Github/Pico/pico-sdk/src/common/pico_util/pheap.c.obj
                0x00000000100017b8                ph_merge_two_pass
 .text.ph_remove_any_head
                0x0000000010001860      0x128 CMakeFiles/main.dir/Users/hcy2206/Library/Mobile_Documents/com~apple~CloudDocs/Github/Pico/pico-sdk/src/common/pico_util/pheap.c.obj
 .text.ph_remove_head
                0x0000000010001988       0x14 CMakeFiles/main.dir/Users/hcy2206/Library/Mobile_Documents/com~apple~CloudDocs/Github/Pico/pico-sdk/src/common/pico_util/pheap.c.obj
                0x0000000010001988                ph_remove_head
 .text.ph_remove_and_free_node
                0x000000001000199c       0xf8 CMakeFiles/main.dir/Users/hcy2206/Library/Mobile_Documents/com~apple~CloudDocs/Github/Pico/pico-sdk/src/common/pico_util/pheap.c.obj
                0x000000001000199c                ph_remove_and_free_node
 .text.uart_set_baudrate
                0x0000000010001a94       0x5c CMakeFiles/main.dir/Users/hcy2206/Library/Mobile_Documents/com~apple~CloudDocs/Github/Pico/pico-sdk/src/rp2_common/hardware_uart/uart.c.obj
                0x0000000010001a94                uart_set_baudrate
 .text.uart_set_translate_crlf
                0x0000000010001af0       0x28 CMakeFiles/main.dir/Users/hcy2206/Library/Mobile_Documents/com~apple~CloudDocs/Github/Pico/pico-sdk/src/rp2_common/hardware_uart/uart.c.obj
                0x0000000010001af0                uart_set_translate_crlf
 .text.uart_init
                0x0000000010001b18       0x80 CMakeFiles/main.dir/Users/hcy2206/Library/Mobile_Documents/com~apple~CloudDocs/Github/Pico/pico-sdk/src/rp2_common/hardware_uart/uart.c.obj
                0x0000000010001b18                uart_init
 .text.clock_configure
                0x0000000010001b98      0x104 CMakeFiles/main.dir/Users/hcy2206/Library/Mobile_Documents/com~apple~CloudDocs/Github/Pico/pico-sdk/src/rp2_common/hardware_clocks/clocks.c.obj
                0x0000000010001b98                clock_configure
 .text.clocks_init
                0x0000000010001c9c      0x100 CMakeFiles/main.dir/Users/hcy2206/Library/Mobile_Documents/com~apple~CloudDocs/Github/Pico/pico-sdk/src/rp2_common/hardware_clocks/clocks.c.obj
                0x0000000010001c9c                clocks_init
 .text.clock_get_hz
                0x0000000010001d9c        0xc CMakeFiles/main.dir/Users/hcy2206/Library/Mobile_Documents/com~apple~CloudDocs/Github/Pico/pico-sdk/src/rp2_common/hardware_clocks/clocks.c.obj
                0x0000000010001d9c                clock_get_hz
 .text.pll_init
                0x0000000010001da8      0x12c CMakeFiles/main.dir/Users/hcy2206/Library/Mobile_Documents/com~apple~CloudDocs/Github/Pico/pico-sdk/src/rp2_common/hardware_pll/pll.c.obj
                0x0000000010001da8                pll_init
 .text.watchdog_start_tick
                0x0000000010001ed4       0x10 CMakeFiles/main.dir/Users/hcy2206/Library/Mobile_Documents/com~apple~CloudDocs/Github/Pico/pico-sdk/src/rp2_common/hardware_watchdog/watchdog.c.obj
                0x0000000010001ed4                watchdog_start_tick
 .text.xosc_init
                0x0000000010001ee4       0x28 CMakeFiles/main.dir/Users/hcy2206/Library/Mobile_Documents/com~apple~CloudDocs/Github/Pico/pico-sdk/src/rp2_common/hardware_xosc/xosc.c.obj
                0x0000000010001ee4                xosc_init
 .text._exit    0x0000000010001f0c        0x4 CMakeFiles/main.dir/Users/hcy2206/Library/Mobile_Documents/com~apple~CloudDocs/Github/Pico/pico-sdk/src/rp2_common/pico_runtime/runtime.c.obj
                0x0000000010001f0c                _exit
 .text.exit     0x0000000010001f10        0x6 CMakeFiles/main.dir/Users/hcy2206/Library/Mobile_Documents/com~apple~CloudDocs/Github/Pico/pico-sdk/src/rp2_common/pico_runtime/runtime.c.obj
                0x0000000010001f10                exit
 *fill*         0x0000000010001f16        0x2 
 .text.__assert_func
                0x0000000010001f18       0x3c CMakeFiles/main.dir/Users/hcy2206/Library/Mobile_Documents/com~apple~CloudDocs/Github/Pico/pico-sdk/src/rp2_common/pico_runtime/runtime.c.obj
                0x0000000010001f18                __assert_func
 .text.runtime_init
                0x0000000010001f54       0xf8 CMakeFiles/main.dir/Users/hcy2206/Library/Mobile_Documents/com~apple~CloudDocs/Github/Pico/pico-sdk/src/rp2_common/pico_runtime/runtime.c.obj
                0x0000000010001f54                runtime_init
 .text.panic    0x000000001000204c       0x30 CMakeFiles/main.dir/Users/hcy2206/Library/Mobile_Documents/com~apple~CloudDocs/Github/Pico/pico-sdk/src/rp2_common/pico_runtime/runtime.c.obj
                0x000000001000204c                panic
 .text._out_null
                0x000000001000207c        0x2 CMakeFiles/main.dir/Users/hcy2206/Library/Mobile_Documents/com~apple~CloudDocs/Github/Pico/pico-sdk/src/rp2_common/pico_printf/printf.c.obj
 .text._out_fct
                0x000000001000207e        0xe CMakeFiles/main.dir/Users/hcy2206/Library/Mobile_Documents/com~apple~CloudDocs/Github/Pico/pico-sdk/src/rp2_common/pico_printf/printf.c.obj
 .text._atoi    0x000000001000208c       0x24 CMakeFiles/main.dir/Users/hcy2206/Library/Mobile_Documents/com~apple~CloudDocs/Github/Pico/pico-sdk/src/rp2_common/pico_printf/printf.c.obj
 .text._out_rev
                0x00000000100020b0       0xae CMakeFiles/main.dir/Users/hcy2206/Library/Mobile_Documents/com~apple~CloudDocs/Github/Pico/pico-sdk/src/rp2_common/pico_printf/printf.c.obj
 .text._ntoa_format
                0x000000001000215e      0x112 CMakeFiles/main.dir/Users/hcy2206/Library/Mobile_Documents/com~apple~CloudDocs/Github/Pico/pico-sdk/src/rp2_common/pico_printf/printf.c.obj
 .text._ntoa_long
                0x0000000010002270       0xbc CMakeFiles/main.dir/Users/hcy2206/Library/Mobile_Documents/com~apple~CloudDocs/Github/Pico/pico-sdk/src/rp2_common/pico_printf/printf.c.obj
 .text._ntoa_long_long
                0x000000001000232c       0xe2 CMakeFiles/main.dir/Users/hcy2206/Library/Mobile_Documents/com~apple~CloudDocs/Github/Pico/pico-sdk/src/rp2_common/pico_printf/printf.c.obj
 *fill*         0x000000001000240e        0x2 
 .text._etoa    0x0000000010002410      0x414 CMakeFiles/main.dir/Users/hcy2206/Library/Mobile_Documents/com~apple~CloudDocs/Github/Pico/pico-sdk/src/rp2_common/pico_printf/printf.c.obj
 .text._ftoa    0x0000000010002824      0x354 CMakeFiles/main.dir/Users/hcy2206/Library/Mobile_Documents/com~apple~CloudDocs/Github/Pico/pico-sdk/src/rp2_common/pico_printf/printf.c.obj
 .text._vsnprintf
                0x0000000010002b78      0x624 CMakeFiles/main.dir/Users/hcy2206/Library/Mobile_Documents/com~apple~CloudDocs/Github/Pico/pico-sdk/src/rp2_common/pico_printf/printf.c.obj
 .text.vfctprintf
                0x000000001000319c       0x20 CMakeFiles/main.dir/Users/hcy2206/Library/Mobile_Documents/com~apple~CloudDocs/Github/Pico/pico-sdk/src/rp2_common/pico_printf/printf.c.obj
                0x000000001000319c                vfctprintf
 .text          0x00000000100031bc       0x10 CMakeFiles/main.dir/Users/hcy2206/Library/Mobile_Documents/com~apple~CloudDocs/Github/Pico/pico-sdk/src/rp2_common/pico_bit_ops/bit_ops_aeabi.S.obj
 .text.rom_func_lookup
                0x00000000100031cc       0x10 CMakeFiles/main.dir/Users/hcy2206/Library/Mobile_Documents/com~apple~CloudDocs/Github/Pico/pico-sdk/src/rp2_common/pico_bootrom/bootrom.c.obj
                0x00000000100031cc                rom_func_lookup
 .text.rom_data_lookup
                0x00000000100031dc       0x10 CMakeFiles/main.dir/Users/hcy2206/Library/Mobile_Documents/com~apple~CloudDocs/Github/Pico/pico-sdk/src/rp2_common/pico_bootrom/bootrom.c.obj
                0x00000000100031dc                rom_data_lookup
 .text.rom_funcs_lookup
                0x00000000100031ec       0x36 CMakeFiles/main.dir/Users/hcy2206/Library/Mobile_Documents/com~apple~CloudDocs/Github/Pico/pico-sdk/src/rp2_common/pico_bootrom/bootrom.c.obj
                0x00000000100031ec                rom_funcs_lookup
 *fill*         0x0000000010003222        0x2 
 .text.__wrap___aeabi_idiv
                0x0000000010003224       0x50 CMakeFiles/main.dir/Users/hcy2206/Library/Mobile_Documents/com~apple~CloudDocs/Github/Pico/pico-sdk/src/rp2_common/pico_divider/divider.S.obj
                0x0000000010003224                __wrap___aeabi_idivmod
                0x0000000010003224                divmod_s32s32
                0x0000000010003224                div_s32s32
                0x0000000010003224                __wrap___aeabi_idiv
                0x000000001000322c                divmod_s32s32_unsafe
                0x0000000010003258                divmod_s32s32_savestate
 .text.__wrap___aeabi_uidiv
                0x0000000010003274       0x4c CMakeFiles/main.dir/Users/hcy2206/Library/Mobile_Documents/com~apple~CloudDocs/Github/Pico/pico-sdk/src/rp2_common/pico_divider/divider.S.obj
                0x0000000010003274                __wrap___aeabi_uidiv
                0x0000000010003274                __wrap___aeabi_uidivmod
                0x0000000010003274                div_u32u32
                0x0000000010003274                divmod_u32u32
                0x000000001000327c                divmod_u32u32_unsafe
                0x00000000100032a4                divmod_u32u32_savestate
 .text.__wrap___aeabi_ldiv
                0x00000000100032c0      0x424 CMakeFiles/main.dir/Users/hcy2206/Library/Mobile_Documents/com~apple~CloudDocs/Github/Pico/pico-sdk/src/rp2_common/pico_divider/divider.S.obj
                0x00000000100032c0                __wrap___aeabi_ldivmod
                0x00000000100032c0                div_s64s64
                0x00000000100032c0                divmod_s64s64
                0x00000000100032f0                divmod_u64u64
                0x00000000100032f0                div_u64u64
                0x00000000100032f0                __wrap___aeabi_uldivmod
                0x0000000010003300                divmod_u64u64_savestate
                0x0000000010003320                divmod_s64s64_unsafe
                0x00000000100033a8                divmod_u64u64_unsafe
 .text.__wrap___aeabi_darithmetic
                0x00000000100036e4       0x80 CMakeFiles/main.dir/Users/hcy2206/Library/Mobile_Documents/com~apple~CloudDocs/Github/Pico/pico-sdk/src/rp2_common/pico_double/double_aeabi.S.obj
                0x00000000100036e4                __wrap___aeabi_drsub
                0x00000000100036ea                __wrap___aeabi_dsub
                0x00000000100036fc                __wrap___aeabi_dadd
                0x000000001000370e                __wrap___aeabi_ddiv
                0x000000001000374a                __wrap___aeabi_dmul
 .text.__wrap___aeabi_cdcmple
                0x0000000010003764       0x6c CMakeFiles/main.dir/Users/hcy2206/Library/Mobile_Documents/com~apple~CloudDocs/Github/Pico/pico-sdk/src/rp2_common/pico_double/double_aeabi.S.obj
                0x0000000010003764                __wrap___aeabi_cdrcmple
                0x0000000010003774                __wrap___aeabi_cdcmple
                0x0000000010003774                __wrap___aeabi_cdcmpeq
 .text.__wrap___aeabi_dcmplt
                0x00000000100037d0        0xc CMakeFiles/main.dir/Users/hcy2206/Library/Mobile_Documents/com~apple~CloudDocs/Github/Pico/pico-sdk/src/rp2_common/pico_double/double_aeabi.S.obj
                0x00000000100037d0                __wrap___aeabi_dcmplt
 .text.__wrap___aeabi_dcmple
                0x00000000100037dc       0x10 CMakeFiles/main.dir/Users/hcy2206/Library/Mobile_Documents/com~apple~CloudDocs/Github/Pico/pico-sdk/src/rp2_common/pico_double/double_aeabi.S.obj
                0x00000000100037dc                __wrap___aeabi_dcmple
 .text.__wrap___aeabi_dcmpge
                0x00000000100037ec       0x10 CMakeFiles/main.dir/Users/hcy2206/Library/Mobile_Documents/com~apple~CloudDocs/Github/Pico/pico-sdk/src/rp2_common/pico_double/double_aeabi.S.obj
                0x00000000100037ec                __wrap___aeabi_dcmpge
 .text.__wrap___aeabi_dcmpgt
                0x00000000100037fc        0xa CMakeFiles/main.dir/Users/hcy2206/Library/Mobile_Documents/com~apple~CloudDocs/Github/Pico/pico-sdk/src/rp2_common/pico_double/double_aeabi.S.obj
                0x00000000100037fc                __wrap___aeabi_dcmpgt
 .text.__wrap___aeabi_dcmpun
                0x0000000010003806       0x1c CMakeFiles/main.dir/Users/hcy2206/Library/Mobile_Documents/com~apple~CloudDocs/Github/Pico/pico-sdk/src/rp2_common/pico_double/double_aeabi.S.obj
                0x0000000010003806                __wrap___aeabi_dcmpun
 *fill*         0x0000000010003822        0x2 
 .text.__wrap___aeabi_i2d
                0x0000000010003824       0x38 CMakeFiles/main.dir/Users/hcy2206/Library/Mobile_Documents/com~apple~CloudDocs/Github/Pico/pico-sdk/src/rp2_common/pico_double/double_aeabi.S.obj
                0x0000000010003824                __wrap___aeabi_ui2d
                0x000000001000382c                __wrap___aeabi_i2d
 .text.__wrap___aeabi_d2iz
                0x000000001000385c       0x48 CMakeFiles/main.dir/Users/hcy2206/Library/Mobile_Documents/com~apple~CloudDocs/Github/Pico/pico-sdk/src/rp2_common/pico_double/double_aeabi.S.obj
                0x000000001000385c                __wrap___aeabi_d2iz
                0x000000001000385c                double2int_z
 .text.__wrap___aeabi_d2uiz
                0x00000000100038a4       0x18 CMakeFiles/main.dir/Users/hcy2206/Library/Mobile_Documents/com~apple~CloudDocs/Github/Pico/pico-sdk/src/rp2_common/pico_double/double_aeabi.S.obj
                0x00000000100038a4                double2uint
                0x00000000100038a4                __wrap___aeabi_d2uiz
 .text.__aeabi_double_init
                0x00000000100038bc       0xc8 CMakeFiles/main.dir/Users/hcy2206/Library/Mobile_Documents/com~apple~CloudDocs/Github/Pico/pico-sdk/src/rp2_common/pico_double/double_init_rom.c.obj
                0x00000000100038bc                __aeabi_double_init
 .text.double_table_shim_on_use_helper
                0x0000000010003984       0x34 CMakeFiles/main.dir/Users/hcy2206/Library/Mobile_Documents/com~apple~CloudDocs/Github/Pico/pico-sdk/src/rp2_common/pico_double/double_v1_rom_shim.S.obj
                0x0000000010003984                double_table_shim_on_use_helper
 .text.__wrap___aeabi_dsub
                0x00000000100039b8       0x10 CMakeFiles/main.dir/Users/hcy2206/Library/Mobile_Documents/com~apple~CloudDocs/Github/Pico/pico-sdk/src/rp2_common/pico_double/double_v1_rom_shim.S.obj
                0x00000000100039b8                drsub_shim
                0x00000000100039be                dsub_shim
 .text.dadd_shim
                0x00000000100039c8      0x15c CMakeFiles/main.dir/Users/hcy2206/Library/Mobile_Documents/com~apple~CloudDocs/Github/Pico/pico-sdk/src/rp2_common/pico_double/double_v1_rom_shim.S.obj
                0x00000000100039c8                dadd_shim
 .text.dmul_shim
                0x0000000010003b24      0x15c CMakeFiles/main.dir/Users/hcy2206/Library/Mobile_Documents/com~apple~CloudDocs/Github/Pico/pico-sdk/src/rp2_common/pico_double/double_v1_rom_shim.S.obj
                0x0000000010003b24                dmul_shim
 .text.ddiv_shim
                0x0000000010003c80      0x1b0 CMakeFiles/main.dir/Users/hcy2206/Library/Mobile_Documents/com~apple~CloudDocs/Github/Pico/pico-sdk/src/rp2_common/pico_double/double_v1_rom_shim.S.obj
                0x0000000010003c80                ddiv_shim
 .text.double2uint_shim
                0x0000000010003e30        0xe CMakeFiles/main.dir/Users/hcy2206/Library/Mobile_Documents/com~apple~CloudDocs/Github/Pico/pico-sdk/src/rp2_common/pico_double/double_v1_rom_shim.S.obj
                0x0000000010003e30                double2uint_shim
                0x0000000010003e32                double2ufix_shim
 *fill*         0x0000000010003e3e        0x2 
 .text.double2uint64_shim
                0x0000000010003e40       0x70 CMakeFiles/main.dir/Users/hcy2206/Library/Mobile_Documents/com~apple~CloudDocs/Github/Pico/pico-sdk/src/rp2_common/pico_double/double_v1_rom_shim.S.obj
                0x0000000010003e40                double2uint64_shim
                0x0000000010003e42                double2ufix64_shim
                0x0000000010003e62                d2fix_a
 .text.dunpacks
                0x0000000010003eb0       0x3c CMakeFiles/main.dir/Users/hcy2206/Library/Mobile_Documents/com~apple~CloudDocs/Github/Pico/pico-sdk/src/rp2_common/pico_double/double_v1_rom_shim.S.obj
                0x0000000010003eb0                dunpacks
 .text.__aeabi_lmul
                0x0000000010003eec       0x32 CMakeFiles/main.dir/Users/hcy2206/Library/Mobile_Documents/com~apple~CloudDocs/Github/Pico/pico-sdk/src/rp2_common/pico_int64_ops/pico_int64_ops_aeabi.S.obj
                0x0000000010003eec                __wrap___aeabi_lmul
 *fill*         0x0000000010003f1e        0x2 
 .text.__aeabi_float_init
                0x0000000010003f20       0xfc CMakeFiles/main.dir/Users/hcy2206/Library/Mobile_Documents/com~apple~CloudDocs/Github/Pico/pico-sdk/src/rp2_common/pico_float/float_init_rom.c.obj
                0x0000000010003f20                __aeabi_float_init
 .text.float_table_shim_on_use_helper
                0x000000001000401c       0x34 CMakeFiles/main.dir/Users/hcy2206/Library/Mobile_Documents/com~apple~CloudDocs/Github/Pico/pico-sdk/src/rp2_common/pico_float/float_v1_rom_shim.S.obj
                0x000000001000401c                float_table_shim_on_use_helper
 .text          0x0000000010004050       0x10 CMakeFiles/main.dir/Users/hcy2206/Library/Mobile_Documents/com~apple~CloudDocs/Github/Pico/pico-sdk/src/rp2_common/pico_mem_ops/mem_ops_aeabi.S.obj
                0x0000000010004050                __aeabi_mem_init
 .text.memcpy   0x0000000010004060        0xc CMakeFiles/main.dir/Users/hcy2206/Library/Mobile_Documents/com~apple~CloudDocs/Github/Pico/pico-sdk/src/rp2_common/pico_mem_ops/mem_ops_aeabi.S.obj
                0x0000000010004060                __wrap___aeabi_memcpy
                0x0000000010004060                __wrap_memcpy
 .text.stdio_out_chars_no_crlf
                0x000000001000406c        0xe CMakeFiles/main.dir/Users/hcy2206/Library/Mobile_Documents/com~apple~CloudDocs/Github/Pico/pico-sdk/src/rp2_common/pico_stdio/stdio.c.obj
 *fill*         0x000000001000407a        0x2 
 .text.stdio_out_chars_crlf
                0x000000001000407c       0x80 CMakeFiles/main.dir/Users/hcy2206/Library/Mobile_Documents/com~apple~CloudDocs/Github/Pico/pico-sdk/src/rp2_common/pico_stdio/stdio.c.obj
 .text.stdio_stack_buffer_flush
                0x00000000100040fc       0x44 CMakeFiles/main.dir/Users/hcy2206/Library/Mobile_Documents/com~apple~CloudDocs/Github/Pico/pico-sdk/src/rp2_common/pico_stdio/stdio.c.obj
 .text.stdio_buffered_printer
                0x0000000010004140       0x20 CMakeFiles/main.dir/Users/hcy2206/Library/Mobile_Documents/com~apple~CloudDocs/Github/Pico/pico-sdk/src/rp2_common/pico_stdio/stdio.c.obj
 .text.stdout_serialize_begin
                0x0000000010004160       0x5c CMakeFiles/main.dir/Users/hcy2206/Library/Mobile_Documents/com~apple~CloudDocs/Github/Pico/pico-sdk/src/rp2_common/pico_stdio/stdio.c.obj
                0x0000000010004160                stdout_serialize_begin
 .text.stdout_serialize_end
                0x00000000100041bc       0x10 CMakeFiles/main.dir/Users/hcy2206/Library/Mobile_Documents/com~apple~CloudDocs/Github/Pico/pico-sdk/src/rp2_common/pico_stdio/stdio.c.obj
                0x00000000100041bc                stdout_serialize_end
 .text.stdio_put_string
                0x00000000100041cc       0x98 CMakeFiles/main.dir/Users/hcy2206/Library/Mobile_Documents/com~apple~CloudDocs/Github/Pico/pico-sdk/src/rp2_common/pico_stdio/stdio.c.obj
 .text.stdio_set_driver_enabled
                0x0000000010004264       0x2c CMakeFiles/main.dir/Users/hcy2206/Library/Mobile_Documents/com~apple~CloudDocs/Github/Pico/pico-sdk/src/rp2_common/pico_stdio/stdio.c.obj
                0x0000000010004264                stdio_set_driver_enabled
 .text.stdio_flush
                0x0000000010004290       0x20 CMakeFiles/main.dir/Users/hcy2206/Library/Mobile_Documents/com~apple~CloudDocs/Github/Pico/pico-sdk/src/rp2_common/pico_stdio/stdio.c.obj
                0x0000000010004290                stdio_flush
 .text.__wrap_puts
                0x00000000100042b0       0x1e CMakeFiles/main.dir/Users/hcy2206/Library/Mobile_Documents/com~apple~CloudDocs/Github/Pico/pico-sdk/src/rp2_common/pico_stdio/stdio.c.obj
                0x00000000100042b0                __wrap_puts
 *fill*         0x00000000100042ce        0x2 
 .text.__wrap_vprintf
                0x00000000100042d0       0x40 CMakeFiles/main.dir/Users/hcy2206/Library/Mobile_Documents/com~apple~CloudDocs/Github/Pico/pico-sdk/src/rp2_common/pico_stdio/stdio.c.obj
                0x00000000100042d0                __wrap_vprintf
 .text.__wrap_printf
                0x0000000010004310       0x18 CMakeFiles/main.dir/Users/hcy2206/Library/Mobile_Documents/com~apple~CloudDocs/Github/Pico/pico-sdk/src/rp2_common/pico_stdio/stdio.c.obj
                0x0000000010004310                __wrap_printf
 .text.stdio_init_all
                0x0000000010004328        0xa CMakeFiles/main.dir/Users/hcy2206/Library/Mobile_Documents/com~apple~CloudDocs/Github/Pico/pico-sdk/src/rp2_common/pico_stdio/stdio.c.obj
                0x0000000010004328                stdio_init_all
 *fill*         0x0000000010004332        0x2 
 .text.stdio_uart_out_chars
                0x0000000010004334       0x74 CMakeFiles/main.dir/Users/hcy2206/Library/Mobile_Documents/com~apple~CloudDocs/Github/Pico/pico-sdk/src/rp2_common/pico_stdio_uart/stdio_uart.c.obj
 .text.stdio_uart_in_chars
                0x00000000100043a8       0x80 CMakeFiles/main.dir/Users/hcy2206/Library/Mobile_Documents/com~apple~CloudDocs/Github/Pico/pico-sdk/src/rp2_common/pico_stdio_uart/stdio_uart.c.obj
                0x00000000100043a8                stdio_uart_in_chars
 .text.on_uart_rx
                0x0000000010004428       0x28 CMakeFiles/main.dir/Users/hcy2206/Library/Mobile_Documents/com~apple~CloudDocs/Github/Pico/pico-sdk/src/rp2_common/pico_stdio_uart/stdio_uart.c.obj
 .text.stdio_uart_set_chars_available_callback
                0x0000000010004450       0x8c CMakeFiles/main.dir/Users/hcy2206/Library/Mobile_Documents/com~apple~CloudDocs/Github/Pico/pico-sdk/src/rp2_common/pico_stdio_uart/stdio_uart.c.obj
 .text.stdio_uart_init_full
                0x00000000100044dc       0x44 CMakeFiles/main.dir/Users/hcy2206/Library/Mobile_Documents/com~apple~CloudDocs/Github/Pico/pico-sdk/src/rp2_common/pico_stdio_uart/stdio_uart.c.obj
                0x00000000100044dc                stdio_uart_init_full
 .text.stdio_uart_init
                0x0000000010004520       0x28 CMakeFiles/main.dir/Users/hcy2206/Library/Mobile_Documents/com~apple~CloudDocs/Github/Pico/pico-sdk/src/rp2_common/pico_stdio_uart/stdio_uart.c.obj
                0x0000000010004520                stdio_uart_init
 .text.strlen   0x0000000010004548       0x5c /opt/homebrew/Cellar/arm-none-eabi-gcc/10.3-2021.07/gcc/bin/../lib/gcc/arm-none-eabi/10.3.1/../../../../arm-none-eabi/lib/thumb/v6-m/nofp/libg.a(lib_a-strlen-stub.o)
                0x0000000010004548                strlen
 *(.fini)
 .fini          0x00000000100045a4        0x4 /opt/homebrew/Cellar/arm-none-eabi-gcc/10.3-2021.07/gcc/bin/../lib/gcc/arm-none-eabi/10.3.1/thumb/v6-m/nofp/crti.o
                0x00000000100045a4                _fini
 .fini.__stub   0x00000000100045a8       0x40 linker stubs
 *crtbegin.o(.ctors)
 *crtbegin?.o(.ctors)
 *(EXCLUDE_FILE(*crtend.o *crtend?.o) .ctors)
 *(SORT_BY_NAME(.ctors.*))
 *(.ctors)
 *crtbegin.o(.dtors)
 *crtbegin?.o(.dtors)
 *(EXCLUDE_FILE(*crtend.o *crtend?.o) .dtors)
 *(SORT_BY_NAME(.dtors.*))
 *(.dtors)
 *(.eh_frame*)
 .eh_frame      0x00000000100045e8        0x0 /opt/homebrew/Cellar/arm-none-eabi-gcc/10.3-2021.07/gcc/bin/../lib/gcc/arm-none-eabi/10.3.1/thumb/v6-m/nofp/crtbegin.o
                0x00000000100045e8                . = ALIGN (0x4)

.glue_7         0x00000000100045e8        0x0
 .glue_7        0x00000000100045e8        0x0 linker stubs

.glue_7t        0x00000000100045e8        0x0
 .glue_7t       0x00000000100045e8        0x0 linker stubs

.vfp11_veneer   0x00000000100045e8        0x0
 .vfp11_veneer  0x00000000100045e8        0x0 linker stubs

.v4_bx          0x00000000100045e8        0x0
 .v4_bx         0x00000000100045e8        0x0 linker stubs

.iplt           0x00000000100045e8        0x0
 .iplt          0x00000000100045e8        0x0 /opt/homebrew/Cellar/arm-none-eabi-gcc/10.3-2021.07/gcc/bin/../lib/gcc/arm-none-eabi/10.3.1/thumb/v6-m/nofp/crtbegin.o

.rodata         0x00000000100045e8     0x11c4
 *(EXCLUDE_FILE(*libm.a: *libc.a:*lib_a-mem*.o *libgcc.a:) .rodata*)
 .rodata.main.str1.4
                0x00000000100045e8        0xe CMakeFiles/main.dir/main.cpp.obj
 *fill*         0x00000000100045f6        0x2 
 .rodata.make_branch.str1.4
                0x00000000100045f8       0xa3 CMakeFiles/main.dir/Users/hcy2206/Library/Mobile_Documents/com~apple~CloudDocs/Github/Pico/pico-sdk/src/rp2_common/hardware_irq/irq.c.obj
 *fill*         0x000000001000469b        0x1 
 .rodata.insert_branch_and_link.str1.4
                0x000000001000469c       0x10 CMakeFiles/main.dir/Users/hcy2206/Library/Mobile_Documents/com~apple~CloudDocs/Github/Pico/pico-sdk/src/rp2_common/hardware_irq/irq.c.obj
 .rodata.irq_set_exclusive_handler.str1.4
                0x00000000100046ac       0x36 CMakeFiles/main.dir/Users/hcy2206/Library/Mobile_Documents/com~apple~CloudDocs/Github/Pico/pico-sdk/src/rp2_common/hardware_irq/irq.c.obj
 *fill*         0x00000000100046e2        0x2 
 .rodata.irq_add_shared_handler.str1.4
                0x00000000100046e4       0xd9 CMakeFiles/main.dir/Users/hcy2206/Library/Mobile_Documents/com~apple~CloudDocs/Github/Pico/pico-sdk/src/rp2_common/hardware_irq/irq.c.obj
 *fill*         0x00000000100047bd        0x3 
 .rodata.irq_remove_handler.str1.4
                0x00000000100047c0       0x3a CMakeFiles/main.dir/Users/hcy2206/Library/Mobile_Documents/com~apple~CloudDocs/Github/Pico/pico-sdk/src/rp2_common/hardware_irq/irq.c.obj
 *fill*         0x00000000100047fa        0x2 
 .rodata.irq_add_tail_to_free_list.str1.4
                0x00000000100047fc       0x3a CMakeFiles/main.dir/Users/hcy2206/Library/Mobile_Documents/com~apple~CloudDocs/Github/Pico/pico-sdk/src/rp2_common/hardware_irq/irq.c.obj
 *fill*         0x0000000010004836        0x2 
 .rodata.__func__.0
                0x0000000010004838       0x1a CMakeFiles/main.dir/Users/hcy2206/Library/Mobile_Documents/com~apple~CloudDocs/Github/Pico/pico-sdk/src/rp2_common/hardware_irq/irq.c.obj
 *fill*         0x0000000010004852        0x2 
 .rodata.__func__.1
                0x0000000010004854       0x17 CMakeFiles/main.dir/Users/hcy2206/Library/Mobile_Documents/com~apple~CloudDocs/Github/Pico/pico-sdk/src/rp2_common/hardware_irq/irq.c.obj
 *fill*         0x000000001000486b        0x1 
 .rodata.__func__.2
                0x000000001000486c       0x13 CMakeFiles/main.dir/Users/hcy2206/Library/Mobile_Documents/com~apple~CloudDocs/Github/Pico/pico-sdk/src/rp2_common/hardware_irq/irq.c.obj
 *fill*         0x000000001000487f        0x1 
 .rodata.__func__.3
                0x0000000010004880        0xc CMakeFiles/main.dir/Users/hcy2206/Library/Mobile_Documents/com~apple~CloudDocs/Github/Pico/pico-sdk/src/rp2_common/hardware_irq/irq.c.obj
 .rodata.__func__.4
                0x000000001000488c        0xf CMakeFiles/main.dir/Users/hcy2206/Library/Mobile_Documents/com~apple~CloudDocs/Github/Pico/pico-sdk/src/rp2_common/hardware_irq/irq.c.obj
 *fill*         0x000000001000489b        0x1 
 .rodata.__func__.6
                0x000000001000489c       0x1a CMakeFiles/main.dir/Users/hcy2206/Library/Mobile_Documents/com~apple~CloudDocs/Github/Pico/pico-sdk/src/rp2_common/hardware_irq/irq.c.obj
 *fill*         0x00000000100048b6        0x2 
 .rodata.str1.4
                0x00000000100048b8      0x159 CMakeFiles/main.dir/Users/hcy2206/Library/Mobile_Documents/com~apple~CloudDocs/Github/Pico/pico-sdk/src/common/pico_sync/mutex.c.obj
 *fill*         0x0000000010004a11        0x3 
 .rodata.__func__.1
                0x0000000010004a14        0xb CMakeFiles/main.dir/Users/hcy2206/Library/Mobile_Documents/com~apple~CloudDocs/Github/Pico/pico-sdk/src/common/pico_sync/mutex.c.obj
 *fill*         0x0000000010004a1f        0x1 
 .rodata.__func__.3
                0x0000000010004a20       0x18 CMakeFiles/main.dir/Users/hcy2206/Library/Mobile_Documents/com~apple~CloudDocs/Github/Pico/pico-sdk/src/common/pico_sync/mutex.c.obj
 .rodata.repeating_timer_callback.str1.4
                0x0000000010004a38       0x81 CMakeFiles/main.dir/Users/hcy2206/Library/Mobile_Documents/com~apple~CloudDocs/Github/Pico/pico-sdk/src/common/pico_time/time.c.obj
 *fill*         0x0000000010004ab9        0x3 
 .rodata.timer_pool_entry_comparator.str1.4
                0x0000000010004abc       0x22 CMakeFiles/main.dir/Users/hcy2206/Library/Mobile_Documents/com~apple~CloudDocs/Github/Pico/pico-sdk/src/common/pico_time/time.c.obj
 *fill*         0x0000000010004ade        0x2 
 .rodata.ph_add_child_node.str1.4
                0x0000000010004ae0       0xca CMakeFiles/main.dir/Users/hcy2206/Library/Mobile_Documents/com~apple~CloudDocs/Github/Pico/pico-sdk/src/common/pico_time/time.c.obj
 *fill*         0x0000000010004baa        0x2 
 .rodata.add_alarm_under_lock.str1.4
                0x0000000010004bac       0x28 CMakeFiles/main.dir/Users/hcy2206/Library/Mobile_Documents/com~apple~CloudDocs/Github/Pico/pico-sdk/src/common/pico_time/time.c.obj
                                         0x2b (size before relaxing)
 .rodata.alarm_pool_alarm_callback.str1.4
                0x0000000010004bd4       0x98 CMakeFiles/main.dir/Users/hcy2206/Library/Mobile_Documents/com~apple~CloudDocs/Github/Pico/pico-sdk/src/common/pico_time/time.c.obj
                                        0x130 (size before relaxing)
 .rodata.alarm_pool_get_default.str1.4
                0x0000000010004c6c       0x21 CMakeFiles/main.dir/Users/hcy2206/Library/Mobile_Documents/com~apple~CloudDocs/Github/Pico/pico-sdk/src/common/pico_time/time.c.obj
 *fill*         0x0000000010004c8d        0x3 
 .rodata.alarm_pool_cancel_alarm.str1.4
                0x0000000010004c90       0x27 CMakeFiles/main.dir/Users/hcy2206/Library/Mobile_Documents/com~apple~CloudDocs/Github/Pico/pico-sdk/src/common/pico_time/time.c.obj
 *fill*         0x0000000010004cb7        0x1 
 .rodata.sleep_until.str1.4
                0x0000000010004cb8       0x4d CMakeFiles/main.dir/Users/hcy2206/Library/Mobile_Documents/com~apple~CloudDocs/Github/Pico/pico-sdk/src/common/pico_time/time.c.obj
 *fill*         0x0000000010004d05        0x3 
 .rodata.__func__.1
                0x0000000010004d08       0x18 CMakeFiles/main.dir/Users/hcy2206/Library/Mobile_Documents/com~apple~CloudDocs/Github/Pico/pico-sdk/src/common/pico_time/time.c.obj
 .rodata.__func__.10
                0x0000000010004d20       0x15 CMakeFiles/main.dir/Users/hcy2206/Library/Mobile_Documents/com~apple~CloudDocs/Github/Pico/pico-sdk/src/common/pico_time/time.c.obj
 *fill*         0x0000000010004d35        0x3 
 .rodata.__func__.11
                0x0000000010004d38       0x1a CMakeFiles/main.dir/Users/hcy2206/Library/Mobile_Documents/com~apple~CloudDocs/Github/Pico/pico-sdk/src/common/pico_time/time.c.obj
 *fill*         0x0000000010004d52        0x2 
 .rodata.__func__.12
                0x0000000010004d54        0xa CMakeFiles/main.dir/Users/hcy2206/Library/Mobile_Documents/com~apple~CloudDocs/Github/Pico/pico-sdk/src/common/pico_time/time.c.obj
 *fill*         0x0000000010004d5e        0x2 
 .rodata.__func__.3
                0x0000000010004d60       0x17 CMakeFiles/main.dir/Users/hcy2206/Library/Mobile_Documents/com~apple~CloudDocs/Github/Pico/pico-sdk/src/common/pico_time/time.c.obj
 *fill*         0x0000000010004d77        0x1 
 .rodata.__func__.4
                0x0000000010004d78       0x12 CMakeFiles/main.dir/Users/hcy2206/Library/Mobile_Documents/com~apple~CloudDocs/Github/Pico/pico-sdk/src/common/pico_time/time.c.obj
 *fill*         0x0000000010004d8a        0x2 
 .rodata.__func__.5
                0x0000000010004d8c        0xd CMakeFiles/main.dir/Users/hcy2206/Library/Mobile_Documents/com~apple~CloudDocs/Github/Pico/pico-sdk/src/common/pico_time/time.c.obj
 *fill*         0x0000000010004d99        0x3 
 .rodata.__func__.6
                0x0000000010004d9c       0x12 CMakeFiles/main.dir/Users/hcy2206/Library/Mobile_Documents/com~apple~CloudDocs/Github/Pico/pico-sdk/src/common/pico_time/time.c.obj
 *fill*         0x0000000010004dae        0x2 
 .rodata.__func__.7
                0x0000000010004db0        0xf CMakeFiles/main.dir/Users/hcy2206/Library/Mobile_Documents/com~apple~CloudDocs/Github/Pico/pico-sdk/src/common/pico_time/time.c.obj
 *fill*         0x0000000010004dbf        0x1 
 .rodata.__func__.8
                0x0000000010004dc0        0xc CMakeFiles/main.dir/Users/hcy2206/Library/Mobile_Documents/com~apple~CloudDocs/Github/Pico/pico-sdk/src/common/pico_time/time.c.obj
 .rodata.__func__.9
                0x0000000010004dcc       0x15 CMakeFiles/main.dir/Users/hcy2206/Library/Mobile_Documents/com~apple~CloudDocs/Github/Pico/pico-sdk/src/common/pico_time/time.c.obj
 *fill*         0x0000000010004de1        0x3 
 .rodata.hardware_alarm_claim.str1.4
                0x0000000010004de4       0x22 CMakeFiles/main.dir/Users/hcy2206/Library/Mobile_Documents/com~apple~CloudDocs/Github/Pico/pico-sdk/src/rp2_common/hardware_timer/timer.c.obj
 *fill*         0x0000000010004e06        0x2 
 .rodata.hardware_alarm_set_target.str1.4
                0x0000000010004e08       0x9b CMakeFiles/main.dir/Users/hcy2206/Library/Mobile_Documents/com~apple~CloudDocs/Github/Pico/pico-sdk/src/rp2_common/hardware_timer/timer.c.obj
 *fill*         0x0000000010004ea3        0x1 
 .rodata.__func__.0
                0x0000000010004ea4       0x1a CMakeFiles/main.dir/Users/hcy2206/Library/Mobile_Documents/com~apple~CloudDocs/Github/Pico/pico-sdk/src/rp2_common/hardware_timer/timer.c.obj
 .rodata.ph_add_child_node.str1.4
                0x0000000010004ebe       0xca CMakeFiles/main.dir/Users/hcy2206/Library/Mobile_Documents/com~apple~CloudDocs/Github/Pico/pico-sdk/src/common/pico_util/pheap.c.obj
 *fill*         0x0000000010004ebe        0x2 
 .rodata.ph_remove_any_head.str1.4
                0x0000000010004ec0       0xc4 CMakeFiles/main.dir/Users/hcy2206/Library/Mobile_Documents/com~apple~CloudDocs/Github/Pico/pico-sdk/src/common/pico_util/pheap.c.obj
                                         0xd8 (size before relaxing)
 .rodata.ph_remove_and_free_node.str1.4
                0x0000000010004f84       0x1e CMakeFiles/main.dir/Users/hcy2206/Library/Mobile_Documents/com~apple~CloudDocs/Github/Pico/pico-sdk/src/common/pico_util/pheap.c.obj
                                         0x26 (size before relaxing)
 *fill*         0x0000000010004fa2        0x2 
 .rodata.__func__.0
                0x0000000010004fa4       0x18 CMakeFiles/main.dir/Users/hcy2206/Library/Mobile_Documents/com~apple~CloudDocs/Github/Pico/pico-sdk/src/common/pico_util/pheap.c.obj
 .rodata.__func__.1
                0x0000000010004fbc       0x13 CMakeFiles/main.dir/Users/hcy2206/Library/Mobile_Documents/com~apple~CloudDocs/Github/Pico/pico-sdk/src/common/pico_util/pheap.c.obj
 *fill*         0x0000000010004fcf        0x1 
 .rodata.__func__.2
                0x0000000010004fd0       0x12 CMakeFiles/main.dir/Users/hcy2206/Library/Mobile_Documents/com~apple~CloudDocs/Github/Pico/pico-sdk/src/common/pico_util/pheap.c.obj
 *fill*         0x0000000010004fe2        0x2 
 .rodata.__func__.3
                0x0000000010004fe4        0xc CMakeFiles/main.dir/Users/hcy2206/Library/Mobile_Documents/com~apple~CloudDocs/Github/Pico/pico-sdk/src/common/pico_util/pheap.c.obj
 .rodata.clock_configure.str1.4
                0x0000000010004ff0       0x8d CMakeFiles/main.dir/Users/hcy2206/Library/Mobile_Documents/com~apple~CloudDocs/Github/Pico/pico-sdk/src/rp2_common/hardware_clocks/clocks.c.obj
 *fill*         0x000000001000507d        0x3 
 .rodata.__func__.1
                0x0000000010005080       0x10 CMakeFiles/main.dir/Users/hcy2206/Library/Mobile_Documents/com~apple~CloudDocs/Github/Pico/pico-sdk/src/rp2_common/hardware_clocks/clocks.c.obj
 .rodata.pll_init.str1.4
                0x0000000010005090      0x157 CMakeFiles/main.dir/Users/hcy2206/Library/Mobile_Documents/com~apple~CloudDocs/Github/Pico/pico-sdk/src/rp2_common/hardware_pll/pll.c.obj
 *fill*         0x00000000100051e7        0x1 
 .rodata.__func__.0
                0x00000000100051e8        0x9 CMakeFiles/main.dir/Users/hcy2206/Library/Mobile_Documents/com~apple~CloudDocs/Github/Pico/pico-sdk/src/rp2_common/hardware_pll/pll.c.obj
 *fill*         0x00000000100051f1        0x3 
 .rodata.__assert_func.str1.4
                0x00000000100051f4       0x3f CMakeFiles/main.dir/Users/hcy2206/Library/Mobile_Documents/com~apple~CloudDocs/Github/Pico/pico-sdk/src/rp2_common/pico_runtime/runtime.c.obj
                                         0x43 (size before relaxing)
 *fill*         0x0000000010005233        0x1 
 .rodata.runtime_init.str1.4
                0x0000000010005234       0x97 CMakeFiles/main.dir/Users/hcy2206/Library/Mobile_Documents/com~apple~CloudDocs/Github/Pico/pico-sdk/src/rp2_common/pico_runtime/runtime.c.obj
 *fill*         0x00000000100052cb        0x1 
 .rodata.panic.str1.4
                0x00000000100052cc       0x12 CMakeFiles/main.dir/Users/hcy2206/Library/Mobile_Documents/com~apple~CloudDocs/Github/Pico/pico-sdk/src/rp2_common/pico_runtime/runtime.c.obj
 *fill*         0x00000000100052de        0x2 
 .rodata.__func__.2
                0x00000000100052e0        0xd CMakeFiles/main.dir/Users/hcy2206/Library/Mobile_Documents/com~apple~CloudDocs/Github/Pico/pico-sdk/src/rp2_common/pico_runtime/runtime.c.obj
 *fill*         0x00000000100052ed        0x3 
 .rodata._ftoa.str1.4
                0x00000000100052f0       0x15 CMakeFiles/main.dir/Users/hcy2206/Library/Mobile_Documents/com~apple~CloudDocs/Github/Pico/pico-sdk/src/rp2_common/pico_printf/printf.c.obj
 *fill*         0x0000000010005305        0x3 
 .rodata._vsnprintf
                0x0000000010005308      0x1e0 CMakeFiles/main.dir/Users/hcy2206/Library/Mobile_Documents/com~apple~CloudDocs/Github/Pico/pico-sdk/src/rp2_common/pico_printf/printf.c.obj
 .rodata.pow10.0
                0x00000000100054e8       0x50 CMakeFiles/main.dir/Users/hcy2206/Library/Mobile_Documents/com~apple~CloudDocs/Github/Pico/pico-sdk/src/rp2_common/pico_printf/printf.c.obj
 .rodata.__aeabi_double_init.str1.4
                0x0000000010005538       0xde CMakeFiles/main.dir/Users/hcy2206/Library/Mobile_Documents/com~apple~CloudDocs/Github/Pico/pico-sdk/src/rp2_common/pico_double/double_init_rom.c.obj
 *fill*         0x0000000010005616        0x2 
 .rodata.__func__.0
                0x0000000010005618       0x14 CMakeFiles/main.dir/Users/hcy2206/Library/Mobile_Documents/com~apple~CloudDocs/Github/Pico/pico-sdk/src/rp2_common/pico_double/double_init_rom.c.obj
 .rodata.__aeabi_float_init.str1.4
                0x000000001000562c       0xb0 CMakeFiles/main.dir/Users/hcy2206/Library/Mobile_Documents/com~apple~CloudDocs/Github/Pico/pico-sdk/src/rp2_common/pico_float/float_init_rom.c.obj
                                         0xb4 (size before relaxing)
 .rodata.__func__.0
                0x00000000100056dc       0x13 CMakeFiles/main.dir/Users/hcy2206/Library/Mobile_Documents/com~apple~CloudDocs/Github/Pico/pico-sdk/src/rp2_common/pico_float/float_init_rom.c.obj
 *fill*         0x00000000100056ef        0x1 
 .rodata.str1.4
                0x00000000100056f0       0x3c CMakeFiles/main.dir/Users/hcy2206/Library/Mobile_Documents/com~apple~CloudDocs/Github/Pico/pico-sdk/src/rp2_common/pico_standard_link/binary_info.c.obj
 .rodata.__bi_44
                0x000000001000572c        0xc CMakeFiles/main.dir/Users/hcy2206/Library/Mobile_Documents/com~apple~CloudDocs/Github/Pico/pico-sdk/src/rp2_common/pico_standard_link/binary_info.c.obj
 .rodata.__bi_75
                0x0000000010005738        0xc CMakeFiles/main.dir/Users/hcy2206/Library/Mobile_Documents/com~apple~CloudDocs/Github/Pico/pico-sdk/src/rp2_common/pico_standard_link/binary_info.c.obj
 .rodata.__bi_81
                0x0000000010005744        0xc CMakeFiles/main.dir/Users/hcy2206/Library/Mobile_Documents/com~apple~CloudDocs/Github/Pico/pico-sdk/src/rp2_common/pico_standard_link/binary_info.c.obj
 .rodata.stdout_serialize_begin.str1.4
                0x0000000010005750       0x97 CMakeFiles/main.dir/Users/hcy2206/Library/Mobile_Documents/com~apple~CloudDocs/Github/Pico/pico-sdk/src/rp2_common/pico_stdio/stdio.c.obj
 .rodata.__func__.3
                0x0000000010005750       0x15 CMakeFiles/main.dir/Users/hcy2206/Library/Mobile_Documents/com~apple~CloudDocs/Github/Pico/pico-sdk/src/rp2_common/pico_stdio/stdio.c.obj
 *fill*         0x0000000010005765        0x3 
 .rodata.crlf_str.2
                0x0000000010005768        0x2 CMakeFiles/main.dir/Users/hcy2206/Library/Mobile_Documents/com~apple~CloudDocs/Github/Pico/pico-sdk/src/rp2_common/pico_stdio/stdio.c.obj
 *fill*         0x000000001000576a        0x2 
 .rodata.str1.4
                0x000000001000576c       0x2c CMakeFiles/main.dir/Users/hcy2206/Library/Mobile_Documents/com~apple~CloudDocs/Github/Pico/pico-sdk/src/rp2_common/pico_stdio_uart/stdio_uart.c.obj
 .rodata.__bi_33.4
                0x0000000010005798        0xc CMakeFiles/main.dir/Users/hcy2206/Library/Mobile_Documents/com~apple~CloudDocs/Github/Pico/pico-sdk/src/rp2_common/pico_stdio_uart/stdio_uart.c.obj
 .rodata.__bi_34.5
                0x00000000100057a4        0x8 CMakeFiles/main.dir/Users/hcy2206/Library/Mobile_Documents/com~apple~CloudDocs/Github/Pico/pico-sdk/src/rp2_common/pico_stdio_uart/stdio_uart.c.obj
                0x00000000100057ac                . = ALIGN (0x4)
 *(SORT_BY_ALIGNMENT(SORT_BY_NAME(.flashdata*)))
                0x00000000100057ac                . = ALIGN (0x4)

.rel.dyn        0x00000000100057ac        0x0
 .rel.iplt      0x00000000100057ac        0x0 /opt/homebrew/Cellar/arm-none-eabi-gcc/10.3-2021.07/gcc/bin/../lib/gcc/arm-none-eabi/10.3.1/thumb/v6-m/nofp/crtbegin.o

.ARM.extab
 *(.ARM.extab* .gnu.linkonce.armextab.*)
                0x00000000100057ac                __exidx_start = .

.ARM.exidx
 *(.ARM.exidx* .gnu.linkonce.armexidx.*)
                0x00000000100057ac                __exidx_end = .
                0x00000000100057ac                . = ALIGN (0x4)
                0x00000000100057ac                __binary_info_start = .

.binary_info    0x00000000100057ac       0x24
 *(.binary_info.keep.*)
 .binary_info.keep.__bi_ptr22
                0x00000000100057ac        0x4 CMakeFiles/main.dir/Users/hcy2206/Library/Mobile_Documents/com~apple~CloudDocs/Github/Pico/pico-sdk/src/rp2_common/pico_standard_link/binary_info.c.obj
 .binary_info.keep.__bi_ptr30
                0x00000000100057b0        0x4 CMakeFiles/main.dir/Users/hcy2206/Library/Mobile_Documents/com~apple~CloudDocs/Github/Pico/pico-sdk/src/rp2_common/pico_standard_link/binary_info.c.obj
 .binary_info.keep.__bi_ptr38
                0x00000000100057b4        0x4 CMakeFiles/main.dir/Users/hcy2206/Library/Mobile_Documents/com~apple~CloudDocs/Github/Pico/pico-sdk/src/rp2_common/pico_standard_link/binary_info.c.obj
 .binary_info.keep.__bi_ptr44
                0x00000000100057b8        0x4 CMakeFiles/main.dir/Users/hcy2206/Library/Mobile_Documents/com~apple~CloudDocs/Github/Pico/pico-sdk/src/rp2_common/pico_standard_link/binary_info.c.obj
 .binary_info.keep.__bi_ptr50
                0x00000000100057bc        0x4 CMakeFiles/main.dir/Users/hcy2206/Library/Mobile_Documents/com~apple~CloudDocs/Github/Pico/pico-sdk/src/rp2_common/pico_standard_link/binary_info.c.obj
 .binary_info.keep.__bi_ptr75
                0x00000000100057c0        0x4 CMakeFiles/main.dir/Users/hcy2206/Library/Mobile_Documents/com~apple~CloudDocs/Github/Pico/pico-sdk/src/rp2_common/pico_standard_link/binary_info.c.obj
 .binary_info.keep.__bi_ptr81
                0x00000000100057c4        0x4 CMakeFiles/main.dir/Users/hcy2206/Library/Mobile_Documents/com~apple~CloudDocs/Github/Pico/pico-sdk/src/rp2_common/pico_standard_link/binary_info.c.obj
 *(.binary_info.*)
 .binary_info.__bi_ptr33
                0x00000000100057c8        0x4 CMakeFiles/main.dir/Users/hcy2206/Library/Mobile_Documents/com~apple~CloudDocs/Github/Pico/pico-sdk/src/rp2_common/pico_stdio_uart/stdio_uart.c.obj
 .binary_info.__bi_ptr34
                0x00000000100057cc        0x4 CMakeFiles/main.dir/Users/hcy2206/Library/Mobile_Documents/com~apple~CloudDocs/Github/Pico/pico-sdk/src/rp2_common/pico_stdio_uart/stdio_uart.c.obj
                0x00000000100057d0                __binary_info_end = .
                0x00000000100057d0                . = ALIGN (0x4)
                0x00000000100057d0                __etext = .

.ram_vector_table
                0x0000000020000000       0xc0
 *(.ram_vector_table)
 .ram_vector_table
                0x0000000020000000       0xc0 CMakeFiles/main.dir/Users/hcy2206/Library/Mobile_Documents/com~apple~CloudDocs/Github/Pico/pico-sdk/src/rp2_common/pico_runtime/runtime.c.obj
                0x0000000020000000                ram_vector_table

.data           0x00000000200000c0      0x244 load address 0x00000000100057d0
                0x00000000200000c0                __data_start__ = .
 *(vtable)
 *(.time_critical*)
 .time_critical.mutex_try_enter
                0x00000000200000c0       0x46 CMakeFiles/main.dir/Users/hcy2206/Library/Mobile_Documents/com~apple~CloudDocs/Github/Pico/pico-sdk/src/common/pico_sync/mutex.c.obj
                0x00000000200000c0                mutex_try_enter
 *fill*         0x0000000020000106        0x2 
 .time_critical.mutex_enter_block_until
                0x0000000020000108       0x8c CMakeFiles/main.dir/Users/hcy2206/Library/Mobile_Documents/com~apple~CloudDocs/Github/Pico/pico-sdk/src/common/pico_sync/mutex.c.obj
                0x0000000020000108                mutex_enter_block_until
 .time_critical.mutex_try_enter_block_until
                0x0000000020000194       0x34 CMakeFiles/main.dir/Users/hcy2206/Library/Mobile_Documents/com~apple~CloudDocs/Github/Pico/pico-sdk/src/common/pico_sync/mutex.c.obj
                0x0000000020000194                mutex_try_enter_block_until
 .time_critical.mutex_exit
                0x00000000200001c8       0x4c CMakeFiles/main.dir/Users/hcy2206/Library/Mobile_Documents/com~apple~CloudDocs/Github/Pico/pico-sdk/src/common/pico_sync/mutex.c.obj
                0x00000000200001c8                mutex_exit
 *(.text*)
 .text          0x0000000020000214        0x4 /opt/homebrew/Cellar/arm-none-eabi-gcc/10.3-2021.07/gcc/bin/../lib/gcc/arm-none-eabi/10.3.1/thumb/v6-m/nofp/libgcc.a(_dvmd_tls.o)
                0x0000000020000214                __aeabi_ldiv0
                0x0000000020000214                __aeabi_idiv0
 .text.__stub   0x0000000020000218       0x20 linker stubs
                0x0000000020000238                . = ALIGN (0x4)
 *(.rodata*)
                0x0000000020000238                . = ALIGN (0x4)
 *(.data*)
 .data.striped_spin_lock_num
                0x0000000020000238        0x1 CMakeFiles/main.dir/Users/hcy2206/Library/Mobile_Documents/com~apple~CloudDocs/Github/Pico/pico-sdk/src/rp2_common/hardware_sync/sync.c.obj
 *fill*         0x0000000020000239        0x3 
 .data          0x000000002000023c       0x48 CMakeFiles/main.dir/Users/hcy2206/Library/Mobile_Documents/com~apple~CloudDocs/Github/Pico/pico-sdk/src/rp2_common/hardware_irq/irq_handler_chain.S.obj
                0x000000002000023c                irq_handler_chain_slots
                0x000000002000026c                irq_handler_chain_first_slot
                0x0000000020000276                irq_handler_chain_remove_tail
 .data.default_alarm_pool
                0x0000000020000284       0x18 CMakeFiles/main.dir/Users/hcy2206/Library/Mobile_Documents/com~apple~CloudDocs/Github/Pico/pico-sdk/src/common/pico_time/time.c.obj
 .data.default_alarm_pool_heap
                0x000000002000029c       0x10 CMakeFiles/main.dir/Users/hcy2206/Library/Mobile_Documents/com~apple~CloudDocs/Github/Pico/pico-sdk/src/common/pico_time/time.c.obj
 *fill*         0x00000000200002ac        0x4 
 .data.aeabi_bits_funcs
                0x00000000200002b0       0x10 CMakeFiles/main.dir/Users/hcy2206/Library/Mobile_Documents/com~apple~CloudDocs/Github/Pico/pico-sdk/src/rp2_common/pico_bit_ops/bit_ops_aeabi.S.obj
                0x00000000200002b0                aeabi_bits_funcs
                0x00000000200002c0                aeabi_bits_funcs_end
 .data.aeabi_mem_funcs
                0x00000000200002c0       0x10 CMakeFiles/main.dir/Users/hcy2206/Library/Mobile_Documents/com~apple~CloudDocs/Github/Pico/pico-sdk/src/rp2_common/pico_mem_ops/mem_ops_aeabi.S.obj
                0x00000000200002c0                aeabi_mem_funcs
                0x00000000200002d0                aeabi_mem_funcs_end
 .data.stdio_uart
                0x00000000200002d0       0x18 CMakeFiles/main.dir/Users/hcy2206/Library/Mobile_Documents/com~apple~CloudDocs/Github/Pico/pico-sdk/src/rp2_common/pico_stdio_uart/stdio_uart.c.obj
                0x00000000200002d0                stdio_uart
                0x00000000200002e8                . = ALIGN (0x4)
 *(.after_data.*)
                0x00000000200002e8                . = ALIGN (0x4)
                0x00000000200002e8                PROVIDE (__mutex_array_start = .)
 *(SORT_BY_NAME(.mutex_array.*))
 *(.mutex_array)
 .mutex_array   0x00000000200002e8        0x8 CMakeFiles/main.dir/Users/hcy2206/Library/Mobile_Documents/com~apple~CloudDocs/Github/Pico/pico-sdk/src/rp2_common/pico_stdio/stdio.c.obj
                0x00000000200002f0                PROVIDE (__mutex_array_end = .)
                0x00000000200002f0                . = ALIGN (0x4)
                0x00000000200002f0                PROVIDE (__preinit_array_start = .)
 *(SORT_BY_NAME(.preinit_array.*))
 .preinit_array.00001
                0x00000000200002f0        0x4 CMakeFiles/main.dir/Users/hcy2206/Library/Mobile_Documents/com~apple~CloudDocs/Github/Pico/pico-sdk/src/rp2_common/pico_mem_ops/mem_ops_aeabi.S.obj
 .preinit_array.00010
                0x00000000200002f4        0x4 CMakeFiles/main.dir/Users/hcy2206/Library/Mobile_Documents/com~apple~CloudDocs/Github/Pico/pico-sdk/src/rp2_common/pico_bit_ops/bit_ops_aeabi.S.obj
 .preinit_array.00020
                0x00000000200002f8        0x4 CMakeFiles/main.dir/Users/hcy2206/Library/Mobile_Documents/com~apple~CloudDocs/Github/Pico/pico-sdk/src/rp2_common/pico_double/double_aeabi.S.obj
 .preinit_array.00020
                0x00000000200002fc        0x4 CMakeFiles/main.dir/Users/hcy2206/Library/Mobile_Documents/com~apple~CloudDocs/Github/Pico/pico-sdk/src/rp2_common/pico_float/float_aeabi.S.obj
 *(.preinit_array)
                0x0000000020000300                PROVIDE (__preinit_array_end = .)
                0x0000000020000300                . = ALIGN (0x4)
                0x0000000020000300                PROVIDE (__init_array_start = .)
 *(SORT_BY_NAME(.init_array.*))
 *(.init_array)
 .init_array    0x0000000020000300        0x4 /opt/homebrew/Cellar/arm-none-eabi-gcc/10.3-2021.07/gcc/bin/../lib/gcc/arm-none-eabi/10.3.1/thumb/v6-m/nofp/crtbegin.o
                0x0000000020000304                PROVIDE (__init_array_end = .)
                0x0000000020000304                . = ALIGN (0x4)
                [!provide]                        PROVIDE (__fini_array_start = .)
 *(SORT_BY_NAME(.fini_array.*))
 *(.fini_array)
                [!provide]                        PROVIDE (__fini_array_end = .)
 *(.jcr)
                0x0000000020000304                . = ALIGN (0x4)
                0x0000000020000304                __data_end__ = .

.igot.plt       0x0000000020000304        0x0 load address 0x0000000010005a14
 .igot.plt      0x0000000020000304        0x0 /opt/homebrew/Cellar/arm-none-eabi-gcc/10.3-2021.07/gcc/bin/../lib/gcc/arm-none-eabi/10.3.1/thumb/v6-m/nofp/crtbegin.o

.uninitialized_data
                0x0000000020000304        0x0 load address 0x0000000010005a14
                0x0000000020000304                . = ALIGN (0x4)
 *(.uninitialized_data*)

.scratch_x      0x0000000020040000        0x0 load address 0x0000000010005a14
                0x0000000020040000                __scratch_x_start__ = .
 *(.scratch_x.*)
                0x0000000020040000                . = ALIGN (0x4)
                0x0000000020040000                __scratch_x_end__ = .
                0x0000000010005a14                __scratch_x_source__ = LOADADDR (.scratch_x)

.scratch_y      0x0000000020041000        0x0 load address 0x0000000010005a14
                0x0000000020041000                __scratch_y_start__ = .
 *(.scratch_y.*)
                0x0000000020041000                . = ALIGN (0x4)
                0x0000000020041000                __scratch_y_end__ = .
                0x0000000010005a14                __scratch_y_source__ = LOADADDR (.scratch_y)

.bss            0x0000000020000308      0x3d8
                0x0000000020000308                . = ALIGN (0x4)
                0x0000000020000308                __bss_start__ = .
 *(SORT_BY_ALIGNMENT(SORT_BY_NAME(.bss*)))
 .bss.default_alarm_pool_entries
                0x0000000020000308      0x100 CMakeFiles/main.dir/Users/hcy2206/Library/Mobile_Documents/com~apple~CloudDocs/Github/Pico/pico-sdk/src/common/pico_time/time.c.obj
 .bss           0x0000000020000408       0x1c /opt/homebrew/Cellar/arm-none-eabi-gcc/10.3-2021.07/gcc/bin/../lib/gcc/arm-none-eabi/10.3.1/thumb/v6-m/nofp/crtbegin.o
 .bss.alarm_callbacks
                0x0000000020000424       0x10 CMakeFiles/main.dir/Users/hcy2206/Library/Mobile_Documents/com~apple~CloudDocs/Github/Pico/pico-sdk/src/rp2_common/hardware_timer/timer.c.obj
 .bss.chars_available_callback
                0x0000000020000434        0x4 CMakeFiles/main.dir/Users/hcy2206/Library/Mobile_Documents/com~apple~CloudDocs/Github/Pico/pico-sdk/src/rp2_common/pico_stdio_uart/stdio_uart.c.obj
 .bss.chars_available_param
                0x0000000020000438        0x4 CMakeFiles/main.dir/Users/hcy2206/Library/Mobile_Documents/com~apple~CloudDocs/Github/Pico/pico-sdk/src/rp2_common/pico_stdio_uart/stdio_uart.c.obj
 .bss.configured_freq
                0x000000002000043c       0x28 CMakeFiles/main.dir/Users/hcy2206/Library/Mobile_Documents/com~apple~CloudDocs/Github/Pico/pico-sdk/src/rp2_common/hardware_clocks/clocks.c.obj
 .bss.default_alarm_pool_entry_ids_high
                0x0000000020000464       0x10 CMakeFiles/main.dir/Users/hcy2206/Library/Mobile_Documents/com~apple~CloudDocs/Github/Pico/pico-sdk/src/common/pico_time/time.c.obj
 .bss.default_alarm_pool_heap_nodes
                0x0000000020000474       0x30 CMakeFiles/main.dir/Users/hcy2206/Library/Mobile_Documents/com~apple~CloudDocs/Github/Pico/pico-sdk/src/common/pico_time/time.c.obj
 .bss.drivers   0x00000000200004a4        0x4 CMakeFiles/main.dir/Users/hcy2206/Library/Mobile_Documents/com~apple~CloudDocs/Github/Pico/pico-sdk/src/rp2_common/pico_stdio/stdio.c.obj
 .bss.filter    0x00000000200004a8        0x4 CMakeFiles/main.dir/Users/hcy2206/Library/Mobile_Documents/com~apple~CloudDocs/Github/Pico/pico-sdk/src/rp2_common/pico_stdio/stdio.c.obj
 .bss.pools     0x00000000200004ac       0x10 CMakeFiles/main.dir/Users/hcy2206/Library/Mobile_Documents/com~apple~CloudDocs/Github/Pico/pico-sdk/src/common/pico_time/time.c.obj
 .bss.sd_table  0x00000000200004bc      0x100 CMakeFiles/main.dir/Users/hcy2206/Library/Mobile_Documents/com~apple~CloudDocs/Github/Pico/pico-sdk/src/rp2_common/pico_double/double_init_rom.c.obj
                0x00000000200004bc                sd_table
 .bss.sf_clz_func
                0x00000000200005bc        0x4 CMakeFiles/main.dir/Users/hcy2206/Library/Mobile_Documents/com~apple~CloudDocs/Github/Pico/pico-sdk/src/rp2_common/pico_double/double_init_rom.c.obj
                0x00000000200005bc                sf_clz_func
 .bss.sf_table  0x00000000200005c0      0x100 CMakeFiles/main.dir/Users/hcy2206/Library/Mobile_Documents/com~apple~CloudDocs/Github/Pico/pico-sdk/src/rp2_common/pico_float/float_init_rom.c.obj
                0x00000000200005c0                sf_table
 .bss.sleep_notifier
                0x00000000200006c0        0x4 CMakeFiles/main.dir/Users/hcy2206/Library/Mobile_Documents/com~apple~CloudDocs/Github/Pico/pico-sdk/src/common/pico_time/time.c.obj
 .bss.target_hi
                0x00000000200006c4       0x10 CMakeFiles/main.dir/Users/hcy2206/Library/Mobile_Documents/com~apple~CloudDocs/Github/Pico/pico-sdk/src/rp2_common/hardware_timer/timer.c.obj
 .bss.uart_char_to_line_feed
                0x00000000200006d4        0x4 CMakeFiles/main.dir/Users/hcy2206/Library/Mobile_Documents/com~apple~CloudDocs/Github/Pico/pico-sdk/src/rp2_common/hardware_uart/uart.c.obj
                0x00000000200006d4                uart_char_to_line_feed
 .bss.uart_instance
                0x00000000200006d8        0x4 CMakeFiles/main.dir/Users/hcy2206/Library/Mobile_Documents/com~apple~CloudDocs/Github/Pico/pico-sdk/src/rp2_common/pico_stdio_uart/stdio_uart.c.obj
 .bss.claimed   0x00000000200006dc        0x1 CMakeFiles/main.dir/Users/hcy2206/Library/Mobile_Documents/com~apple~CloudDocs/Github/Pico/pico-sdk/src/rp2_common/hardware_timer/timer.c.obj
 .bss.irq_hander_chain_free_slot_head
                0x00000000200006dd        0x1 CMakeFiles/main.dir/Users/hcy2206/Library/Mobile_Documents/com~apple~CloudDocs/Github/Pico/pico-sdk/src/rp2_common/hardware_irq/irq.c.obj
 .bss.timer_callbacks_pending
                0x00000000200006de        0x1 CMakeFiles/main.dir/Users/hcy2206/Library/Mobile_Documents/com~apple~CloudDocs/Github/Pico/pico-sdk/src/rp2_common/hardware_timer/timer.c.obj
 *(COMMON)
                0x00000000200006e0                . = ALIGN (0x4)
 *fill*         0x00000000200006df        0x1 
                0x00000000200006e0                __bss_end__ = .

.heap           0x00000000200006e0      0x800
                0x00000000200006e0                __end__ = .
                0x00000000200006e0                end = __end__
 *(.heap*)
 .heap          0x00000000200006e0      0x800 CMakeFiles/main.dir/Users/hcy2206/Library/Mobile_Documents/com~apple~CloudDocs/Github/Pico/pico-sdk/src/rp2_common/pico_standard_link/crt0.S.obj
                0x0000000020000ee0                __HeapLimit = .

.stack1_dummy   0x0000000020040000        0x0
 *(.stack1*)

.stack_dummy    0x0000000020041000      0x800
 *(.stack*)
 .stack         0x0000000020041000      0x800 CMakeFiles/main.dir/Users/hcy2206/Library/Mobile_Documents/com~apple~CloudDocs/Github/Pico/pico-sdk/src/rp2_common/pico_standard_link/crt0.S.obj

.flash_end      0x0000000010005a14        0x0
                0x0000000010005a14                __flash_binary_end = .
                0x0000000020040000                __StackLimit = (ORIGIN (RAM) + LENGTH (RAM))
                0x0000000020041000                __StackOneTop = (ORIGIN (SCRATCH_X) + LENGTH (SCRATCH_X))
                0x0000000020042000                __StackTop = (ORIGIN (SCRATCH_Y) + LENGTH (SCRATCH_Y))
                0x0000000020041000                __StackOneBottom = (__StackOneTop - SIZEOF (.stack1_dummy))
                0x0000000020041800                __StackBottom = (__StackTop - SIZEOF (.stack_dummy))
                0x0000000020042000                PROVIDE (__stack = __StackTop)
                0x0000000000000001                ASSERT ((__StackLimit >= __HeapLimit), region RAM overflowed)
                0x0000000000000001                ASSERT (((__binary_info_header_end - __logical_binary_start) <= 0x100), Binary info must be in first 256 bytes of the binary)
LOAD CMakeFiles/main.dir/main.cpp.obj
LOAD CMakeFiles/main.dir/Users/hcy2206/Library/Mobile_Documents/com~apple~CloudDocs/Github/Pico/pico-sdk/src/rp2_common/pico_stdlib/stdlib.c.obj
LOAD CMakeFiles/main.dir/Users/hcy2206/Library/Mobile_Documents/com~apple~CloudDocs/Github/Pico/pico-sdk/src/rp2_common/hardware_gpio/gpio.c.obj
LOAD CMakeFiles/main.dir/Users/hcy2206/Library/Mobile_Documents/com~apple~CloudDocs/Github/Pico/pico-sdk/src/rp2_common/pico_platform/platform.c.obj
LOAD CMakeFiles/main.dir/Users/hcy2206/Library/Mobile_Documents/com~apple~CloudDocs/Github/Pico/pico-sdk/src/rp2_common/hardware_claim/claim.c.obj
LOAD CMakeFiles/main.dir/Users/hcy2206/Library/Mobile_Documents/com~apple~CloudDocs/Github/Pico/pico-sdk/src/rp2_common/hardware_sync/sync.c.obj
LOAD CMakeFiles/main.dir/Users/hcy2206/Library/Mobile_Documents/com~apple~CloudDocs/Github/Pico/pico-sdk/src/rp2_common/hardware_irq/irq.c.obj
LOAD CMakeFiles/main.dir/Users/hcy2206/Library/Mobile_Documents/com~apple~CloudDocs/Github/Pico/pico-sdk/src/rp2_common/hardware_irq/irq_handler_chain.S.obj
LOAD CMakeFiles/main.dir/Users/hcy2206/Library/Mobile_Documents/com~apple~CloudDocs/Github/Pico/pico-sdk/src/common/pico_sync/sem.c.obj
LOAD CMakeFiles/main.dir/Users/hcy2206/Library/Mobile_Documents/com~apple~CloudDocs/Github/Pico/pico-sdk/src/common/pico_sync/lock_core.c.obj
LOAD CMakeFiles/main.dir/Users/hcy2206/Library/Mobile_Documents/com~apple~CloudDocs/Github/Pico/pico-sdk/src/common/pico_sync/mutex.c.obj
LOAD CMakeFiles/main.dir/Users/hcy2206/Library/Mobile_Documents/com~apple~CloudDocs/Github/Pico/pico-sdk/src/common/pico_sync/critical_section.c.obj
LOAD CMakeFiles/main.dir/Users/hcy2206/Library/Mobile_Documents/com~apple~CloudDocs/Github/Pico/pico-sdk/src/common/pico_time/time.c.obj
LOAD CMakeFiles/main.dir/Users/hcy2206/Library/Mobile_Documents/com~apple~CloudDocs/Github/Pico/pico-sdk/src/common/pico_time/timeout_helper.c.obj
LOAD CMakeFiles/main.dir/Users/hcy2206/Library/Mobile_Documents/com~apple~CloudDocs/Github/Pico/pico-sdk/src/rp2_common/hardware_timer/timer.c.obj
LOAD CMakeFiles/main.dir/Users/hcy2206/Library/Mobile_Documents/com~apple~CloudDocs/Github/Pico/pico-sdk/src/common/pico_util/datetime.c.obj
LOAD CMakeFiles/main.dir/Users/hcy2206/Library/Mobile_Documents/com~apple~CloudDocs/Github/Pico/pico-sdk/src/common/pico_util/pheap.c.obj
LOAD CMakeFiles/main.dir/Users/hcy2206/Library/Mobile_Documents/com~apple~CloudDocs/Github/Pico/pico-sdk/src/common/pico_util/queue.c.obj
LOAD CMakeFiles/main.dir/Users/hcy2206/Library/Mobile_Documents/com~apple~CloudDocs/Github/Pico/pico-sdk/src/rp2_common/hardware_uart/uart.c.obj
LOAD CMakeFiles/main.dir/Users/hcy2206/Library/Mobile_Documents/com~apple~CloudDocs/Github/Pico/pico-sdk/src/rp2_common/hardware_clocks/clocks.c.obj
LOAD CMakeFiles/main.dir/Users/hcy2206/Library/Mobile_Documents/com~apple~CloudDocs/Github/Pico/pico-sdk/src/rp2_common/hardware_pll/pll.c.obj
LOAD CMakeFiles/main.dir/Users/hcy2206/Library/Mobile_Documents/com~apple~CloudDocs/Github/Pico/pico-sdk/src/rp2_common/hardware_vreg/vreg.c.obj
LOAD CMakeFiles/main.dir/Users/hcy2206/Library/Mobile_Documents/com~apple~CloudDocs/Github/Pico/pico-sdk/src/rp2_common/hardware_watchdog/watchdog.c.obj
LOAD CMakeFiles/main.dir/Users/hcy2206/Library/Mobile_Documents/com~apple~CloudDocs/Github/Pico/pico-sdk/src/rp2_common/hardware_xosc/xosc.c.obj
LOAD CMakeFiles/main.dir/Users/hcy2206/Library/Mobile_Documents/com~apple~CloudDocs/Github/Pico/pico-sdk/src/rp2_common/hardware_divider/divider.S.obj
LOAD CMakeFiles/main.dir/Users/hcy2206/Library/Mobile_Documents/com~apple~CloudDocs/Github/Pico/pico-sdk/src/rp2_common/pico_runtime/runtime.c.obj
LOAD CMakeFiles/main.dir/Users/hcy2206/Library/Mobile_Documents/com~apple~CloudDocs/Github/Pico/pico-sdk/src/rp2_common/pico_printf/printf.c.obj
LOAD CMakeFiles/main.dir/Users/hcy2206/Library/Mobile_Documents/com~apple~CloudDocs/Github/Pico/pico-sdk/src/rp2_common/pico_bit_ops/bit_ops_aeabi.S.obj
LOAD CMakeFiles/main.dir/Users/hcy2206/Library/Mobile_Documents/com~apple~CloudDocs/Github/Pico/pico-sdk/src/rp2_common/pico_bootrom/bootrom.c.obj
LOAD CMakeFiles/main.dir/Users/hcy2206/Library/Mobile_Documents/com~apple~CloudDocs/Github/Pico/pico-sdk/src/rp2_common/pico_divider/divider.S.obj
LOAD CMakeFiles/main.dir/Users/hcy2206/Library/Mobile_Documents/com~apple~CloudDocs/Github/Pico/pico-sdk/src/rp2_common/pico_double/double_aeabi.S.obj
LOAD CMakeFiles/main.dir/Users/hcy2206/Library/Mobile_Documents/com~apple~CloudDocs/Github/Pico/pico-sdk/src/rp2_common/pico_double/double_init_rom.c.obj
LOAD CMakeFiles/main.dir/Users/hcy2206/Library/Mobile_Documents/com~apple~CloudDocs/Github/Pico/pico-sdk/src/rp2_common/pico_double/double_math.c.obj
LOAD CMakeFiles/main.dir/Users/hcy2206/Library/Mobile_Documents/com~apple~CloudDocs/Github/Pico/pico-sdk/src/rp2_common/pico_double/double_v1_rom_shim.S.obj
LOAD CMakeFiles/main.dir/Users/hcy2206/Library/Mobile_Documents/com~apple~CloudDocs/Github/Pico/pico-sdk/src/rp2_common/pico_int64_ops/pico_int64_ops_aeabi.S.obj
LOAD CMakeFiles/main.dir/Users/hcy2206/Library/Mobile_Documents/com~apple~CloudDocs/Github/Pico/pico-sdk/src/rp2_common/pico_float/float_aeabi.S.obj
LOAD CMakeFiles/main.dir/Users/hcy2206/Library/Mobile_Documents/com~apple~CloudDocs/Github/Pico/pico-sdk/src/rp2_common/pico_float/float_init_rom.c.obj
LOAD CMakeFiles/main.dir/Users/hcy2206/Library/Mobile_Documents/com~apple~CloudDocs/Github/Pico/pico-sdk/src/rp2_common/pico_float/float_math.c.obj
LOAD CMakeFiles/main.dir/Users/hcy2206/Library/Mobile_Documents/com~apple~CloudDocs/Github/Pico/pico-sdk/src/rp2_common/pico_float/float_v1_rom_shim.S.obj
LOAD CMakeFiles/main.dir/Users/hcy2206/Library/Mobile_Documents/com~apple~CloudDocs/Github/Pico/pico-sdk/src/rp2_common/pico_malloc/pico_malloc.c.obj
LOAD CMakeFiles/main.dir/Users/hcy2206/Library/Mobile_Documents/com~apple~CloudDocs/Github/Pico/pico-sdk/src/rp2_common/pico_mem_ops/mem_ops_aeabi.S.obj
LOAD CMakeFiles/main.dir/Users/hcy2206/Library/Mobile_Documents/com~apple~CloudDocs/Github/Pico/pico-sdk/src/rp2_common/pico_standard_link/crt0.S.obj
LOAD CMakeFiles/main.dir/Users/hcy2206/Library/Mobile_Documents/com~apple~CloudDocs/Github/Pico/pico-sdk/src/rp2_common/pico_standard_link/new_delete.cpp.obj
LOAD CMakeFiles/main.dir/Users/hcy2206/Library/Mobile_Documents/com~apple~CloudDocs/Github/Pico/pico-sdk/src/rp2_common/pico_standard_link/binary_info.c.obj
LOAD CMakeFiles/main.dir/Users/hcy2206/Library/Mobile_Documents/com~apple~CloudDocs/Github/Pico/pico-sdk/src/rp2_common/pico_stdio/stdio.c.obj
LOAD CMakeFiles/main.dir/Users/hcy2206/Library/Mobile_Documents/com~apple~CloudDocs/Github/Pico/pico-sdk/src/rp2_common/pico_stdio_uart/stdio_uart.c.obj
LOAD /var/folders/5q/h16gbyyd0hd0bht8xwx77fq80000gn/T//cczYqJ7s.o
LOAD /opt/homebrew/Cellar/arm-none-eabi-gcc/10.3-2021.07/gcc/bin/../lib/gcc/arm-none-eabi/10.3.1/../../../../arm-none-eabi/lib/thumb/v6-m/nofp/libstdc++.a
LOAD /opt/homebrew/Cellar/arm-none-eabi-gcc/10.3-2021.07/gcc/bin/../lib/gcc/arm-none-eabi/10.3.1/../../../../arm-none-eabi/lib/thumb/v6-m/nofp/libm.a
START GROUP
LOAD /opt/homebrew/Cellar/arm-none-eabi-gcc/10.3-2021.07/gcc/bin/../lib/gcc/arm-none-eabi/10.3.1/thumb/v6-m/nofp/libgcc.a
LOAD /opt/homebrew/Cellar/arm-none-eabi-gcc/10.3-2021.07/gcc/bin/../lib/gcc/arm-none-eabi/10.3.1/../../../../arm-none-eabi/lib/thumb/v6-m/nofp/libg.a
LOAD /opt/homebrew/Cellar/arm-none-eabi-gcc/10.3-2021.07/gcc/bin/../lib/gcc/arm-none-eabi/10.3.1/../../../../arm-none-eabi/lib/thumb/v6-m/nofp/libc.a
END GROUP
START GROUP
LOAD /opt/homebrew/Cellar/arm-none-eabi-gcc/10.3-2021.07/gcc/bin/../lib/gcc/arm-none-eabi/10.3.1/thumb/v6-m/nofp/libgcc.a
LOAD /opt/homebrew/Cellar/arm-none-eabi-gcc/10.3-2021.07/gcc/bin/../lib/gcc/arm-none-eabi/10.3.1/../../../../arm-none-eabi/lib/thumb/v6-m/nofp/libc.a
LOAD /opt/homebrew/Cellar/arm-none-eabi-gcc/10.3-2021.07/gcc/bin/../lib/gcc/arm-none-eabi/10.3.1/../../../../arm-none-eabi/lib/thumb/v6-m/nofp/libnosys.a
END GROUP
LOAD /opt/homebrew/Cellar/arm-none-eabi-gcc/10.3-2021.07/gcc/bin/../lib/gcc/arm-none-eabi/10.3.1/thumb/v6-m/nofp/crtend.o
LOAD /opt/homebrew/Cellar/arm-none-eabi-gcc/10.3-2021.07/gcc/bin/../lib/gcc/arm-none-eabi/10.3.1/thumb/v6-m/nofp/crtn.o
OUTPUT(main.elf elf32-littlearm)
LOAD linker stubs

.ARM.attributes
                0x0000000000000000       0x28
 .ARM.attributes
                0x0000000000000000       0x1e /opt/homebrew/Cellar/arm-none-eabi-gcc/10.3-2021.07/gcc/bin/../lib/gcc/arm-none-eabi/10.3.1/thumb/v6-m/nofp/crti.o
 .ARM.attributes
                0x000000000000001e       0x2c /opt/homebrew/Cellar/arm-none-eabi-gcc/10.3-2021.07/gcc/bin/../lib/gcc/arm-none-eabi/10.3.1/thumb/v6-m/nofp/crtbegin.o
 .ARM.attributes
                0x000000000000004a       0x2c CMakeFiles/main.dir/main.cpp.obj
 .ARM.attributes
                0x0000000000000076       0x2c CMakeFiles/main.dir/Users/hcy2206/Library/Mobile_Documents/com~apple~CloudDocs/Github/Pico/pico-sdk/src/rp2_common/hardware_gpio/gpio.c.obj
 .ARM.attributes
                0x00000000000000a2       0x2c CMakeFiles/main.dir/Users/hcy2206/Library/Mobile_Documents/com~apple~CloudDocs/Github/Pico/pico-sdk/src/rp2_common/pico_platform/platform.c.obj
 .ARM.attributes
                0x00000000000000ce       0x2c CMakeFiles/main.dir/Users/hcy2206/Library/Mobile_Documents/com~apple~CloudDocs/Github/Pico/pico-sdk/src/rp2_common/hardware_claim/claim.c.obj
 .ARM.attributes
                0x00000000000000fa       0x2c CMakeFiles/main.dir/Users/hcy2206/Library/Mobile_Documents/com~apple~CloudDocs/Github/Pico/pico-sdk/src/rp2_common/hardware_sync/sync.c.obj
 .ARM.attributes
                0x0000000000000126       0x2c CMakeFiles/main.dir/Users/hcy2206/Library/Mobile_Documents/com~apple~CloudDocs/Github/Pico/pico-sdk/src/rp2_common/hardware_irq/irq.c.obj
 .ARM.attributes
                0x0000000000000152       0x22 CMakeFiles/main.dir/Users/hcy2206/Library/Mobile_Documents/com~apple~CloudDocs/Github/Pico/pico-sdk/src/rp2_common/hardware_irq/irq_handler_chain.S.obj
 .ARM.attributes
                0x0000000000000174       0x2c CMakeFiles/main.dir/Users/hcy2206/Library/Mobile_Documents/com~apple~CloudDocs/Github/Pico/pico-sdk/src/common/pico_sync/lock_core.c.obj
 .ARM.attributes
                0x00000000000001a0       0x2c CMakeFiles/main.dir/Users/hcy2206/Library/Mobile_Documents/com~apple~CloudDocs/Github/Pico/pico-sdk/src/common/pico_sync/mutex.c.obj
 .ARM.attributes
                0x00000000000001cc       0x2c CMakeFiles/main.dir/Users/hcy2206/Library/Mobile_Documents/com~apple~CloudDocs/Github/Pico/pico-sdk/src/common/pico_time/time.c.obj
 .ARM.attributes
                0x00000000000001f8       0x2c CMakeFiles/main.dir/Users/hcy2206/Library/Mobile_Documents/com~apple~CloudDocs/Github/Pico/pico-sdk/src/rp2_common/hardware_timer/timer.c.obj
 .ARM.attributes
                0x0000000000000224       0x2c CMakeFiles/main.dir/Users/hcy2206/Library/Mobile_Documents/com~apple~CloudDocs/Github/Pico/pico-sdk/src/common/pico_util/pheap.c.obj
 .ARM.attributes
                0x0000000000000250       0x2c CMakeFiles/main.dir/Users/hcy2206/Library/Mobile_Documents/com~apple~CloudDocs/Github/Pico/pico-sdk/src/rp2_common/hardware_uart/uart.c.obj
 .ARM.attributes
                0x000000000000027c       0x2c CMakeFiles/main.dir/Users/hcy2206/Library/Mobile_Documents/com~apple~CloudDocs/Github/Pico/pico-sdk/src/rp2_common/hardware_clocks/clocks.c.obj
 .ARM.attributes
                0x00000000000002a8       0x2c CMakeFiles/main.dir/Users/hcy2206/Library/Mobile_Documents/com~apple~CloudDocs/Github/Pico/pico-sdk/src/rp2_common/hardware_pll/pll.c.obj
 .ARM.attributes
                0x00000000000002d4       0x2c CMakeFiles/main.dir/Users/hcy2206/Library/Mobile_Documents/com~apple~CloudDocs/Github/Pico/pico-sdk/src/rp2_common/hardware_watchdog/watchdog.c.obj
 .ARM.attributes
                0x0000000000000300       0x2c CMakeFiles/main.dir/Users/hcy2206/Library/Mobile_Documents/com~apple~CloudDocs/Github/Pico/pico-sdk/src/rp2_common/hardware_xosc/xosc.c.obj
 .ARM.attributes
                0x000000000000032c       0x2c CMakeFiles/main.dir/Users/hcy2206/Library/Mobile_Documents/com~apple~CloudDocs/Github/Pico/pico-sdk/src/rp2_common/pico_runtime/runtime.c.obj
 .ARM.attributes
                0x0000000000000358       0x2c CMakeFiles/main.dir/Users/hcy2206/Library/Mobile_Documents/com~apple~CloudDocs/Github/Pico/pico-sdk/src/rp2_common/pico_printf/printf.c.obj
 .ARM.attributes
                0x0000000000000384       0x22 CMakeFiles/main.dir/Users/hcy2206/Library/Mobile_Documents/com~apple~CloudDocs/Github/Pico/pico-sdk/src/rp2_common/pico_bit_ops/bit_ops_aeabi.S.obj
 .ARM.attributes
                0x00000000000003a6       0x2c CMakeFiles/main.dir/Users/hcy2206/Library/Mobile_Documents/com~apple~CloudDocs/Github/Pico/pico-sdk/src/rp2_common/pico_bootrom/bootrom.c.obj
 .ARM.attributes
                0x00000000000003d2       0x22 CMakeFiles/main.dir/Users/hcy2206/Library/Mobile_Documents/com~apple~CloudDocs/Github/Pico/pico-sdk/src/rp2_common/pico_divider/divider.S.obj
 .ARM.attributes
                0x00000000000003f4       0x22 CMakeFiles/main.dir/Users/hcy2206/Library/Mobile_Documents/com~apple~CloudDocs/Github/Pico/pico-sdk/src/rp2_common/pico_double/double_aeabi.S.obj
 .ARM.attributes
                0x0000000000000416       0x2c CMakeFiles/main.dir/Users/hcy2206/Library/Mobile_Documents/com~apple~CloudDocs/Github/Pico/pico-sdk/src/rp2_common/pico_double/double_init_rom.c.obj
 .ARM.attributes
                0x0000000000000442       0x22 CMakeFiles/main.dir/Users/hcy2206/Library/Mobile_Documents/com~apple~CloudDocs/Github/Pico/pico-sdk/src/rp2_common/pico_double/double_v1_rom_shim.S.obj
 .ARM.attributes
                0x0000000000000464       0x22 CMakeFiles/main.dir/Users/hcy2206/Library/Mobile_Documents/com~apple~CloudDocs/Github/Pico/pico-sdk/src/rp2_common/pico_int64_ops/pico_int64_ops_aeabi.S.obj
 .ARM.attributes
                0x0000000000000486       0x22 CMakeFiles/main.dir/Users/hcy2206/Library/Mobile_Documents/com~apple~CloudDocs/Github/Pico/pico-sdk/src/rp2_common/pico_float/float_aeabi.S.obj
 .ARM.attributes
                0x00000000000004a8       0x2c CMakeFiles/main.dir/Users/hcy2206/Library/Mobile_Documents/com~apple~CloudDocs/Github/Pico/pico-sdk/src/rp2_common/pico_float/float_init_rom.c.obj
 .ARM.attributes
                0x00000000000004d4       0x22 CMakeFiles/main.dir/Users/hcy2206/Library/Mobile_Documents/com~apple~CloudDocs/Github/Pico/pico-sdk/src/rp2_common/pico_float/float_v1_rom_shim.S.obj
 .ARM.attributes
                0x00000000000004f6       0x22 CMakeFiles/main.dir/Users/hcy2206/Library/Mobile_Documents/com~apple~CloudDocs/Github/Pico/pico-sdk/src/rp2_common/pico_mem_ops/mem_ops_aeabi.S.obj
 .ARM.attributes
                0x0000000000000518       0x22 CMakeFiles/main.dir/Users/hcy2206/Library/Mobile_Documents/com~apple~CloudDocs/Github/Pico/pico-sdk/src/rp2_common/pico_standard_link/crt0.S.obj
 .ARM.attributes
                0x000000000000053a       0x32 CMakeFiles/main.dir/Users/hcy2206/Library/Mobile_Documents/com~apple~CloudDocs/Github/Pico/pico-sdk/src/rp2_common/pico_standard_link/binary_info.c.obj
 .ARM.attributes
                0x000000000000056c       0x2c CMakeFiles/main.dir/Users/hcy2206/Library/Mobile_Documents/com~apple~CloudDocs/Github/Pico/pico-sdk/src/rp2_common/pico_stdio/stdio.c.obj
 .ARM.attributes
                0x0000000000000598       0x2c CMakeFiles/main.dir/Users/hcy2206/Library/Mobile_Documents/com~apple~CloudDocs/Github/Pico/pico-sdk/src/rp2_common/pico_stdio_uart/stdio_uart.c.obj
 .ARM.attributes
                0x00000000000005c4       0x22 /var/folders/5q/h16gbyyd0hd0bht8xwx77fq80000gn/T//cczYqJ7s.o
 .ARM.attributes
                0x00000000000005e6       0x1e /opt/homebrew/Cellar/arm-none-eabi-gcc/10.3-2021.07/gcc/bin/../lib/gcc/arm-none-eabi/10.3.1/thumb/v6-m/nofp/libgcc.a(_dvmd_tls.o)
 .ARM.attributes
                0x0000000000000604       0x2c /opt/homebrew/Cellar/arm-none-eabi-gcc/10.3-2021.07/gcc/bin/../lib/gcc/arm-none-eabi/10.3.1/../../../../arm-none-eabi/lib/thumb/v6-m/nofp/libg.a(lib_a-strlen-stub.o)

.comment        0x0000000000000000       0x49
 .comment       0x0000000000000000       0x49 CMakeFiles/main.dir/main.cpp.obj
                                         0x4a (size before relaxing)
 .comment       0x0000000000000049       0x4a CMakeFiles/main.dir/Users/hcy2206/Library/Mobile_Documents/com~apple~CloudDocs/Github/Pico/pico-sdk/src/rp2_common/hardware_gpio/gpio.c.obj