Archive member included to satisfy reference by file (symbol)

/opt/homebrew/Cellar/arm-none-eabi-gcc/10.3-2021.07/gcc/bin/../lib/gcc/arm-none-eabi/10.3.1/thumb/v6-m/nofp/libgcc.a(_dvmd_tls.o)
                              CMakeFiles/main.dir/Users/hcy2206/Library/Mobile_Documents/com~apple~CloudDocs/Github/Pico/pico-sdk/src/rp2_common/pico_divider/divider.S.obj (__aeabi_idiv0)
/opt/homebrew/Cellar/arm-none-eabi-gcc/10.3-2021.07/gcc/bin/../lib/gcc/arm-none-eabi/10.3.1/../../../../arm-none-eabi/lib/thumb/v6-m/nofp/libg.a(lib_a-calloc.o)
                              CMakeFiles/main.dir/Users/hcy2206/Library/Mobile_Documents/com~apple~CloudDocs/Github/Pico/pico-sdk/src/rp2_common/pico_malloc/pico_malloc.c.obj (calloc)
/opt/homebrew/Cellar/arm-none-eabi-gcc/10.3-2021.07/gcc/bin/../lib/gcc/arm-none-eabi/10.3.1/../../../../arm-none-eabi/lib/thumb/v6-m/nofp/libg.a(lib_a-callocr.o)
                              /opt/homebrew/Cellar/arm-none-eabi-gcc/10.3-2021.07/gcc/bin/../lib/gcc/arm-none-eabi/10.3.1/../../../../arm-none-eabi/lib/thumb/v6-m/nofp/libg.a(lib_a-calloc.o) (_calloc_r)
/opt/homebrew/Cellar/arm-none-eabi-gcc/10.3-2021.07/gcc/bin/../lib/gcc/arm-none-eabi/10.3.1/../../../../arm-none-eabi/lib/thumb/v6-m/nofp/libg.a(lib_a-errno.o)
                              /opt/homebrew/Cellar/arm-none-eabi-gcc/10.3-2021.07/gcc/bin/../lib/gcc/arm-none-eabi/10.3.1/../../../../arm-none-eabi/lib/thumb/v6-m/nofp/libg.a(lib_a-callocr.o) (__errno)
/opt/homebrew/Cellar/arm-none-eabi-gcc/10.3-2021.07/gcc/bin/../lib/gcc/arm-none-eabi/10.3.1/../../../../arm-none-eabi/lib/thumb/v6-m/nofp/libg.a(lib_a-impure.o)
                              /opt/homebrew/Cellar/arm-none-eabi-gcc/10.3-2021.07/gcc/bin/../lib/gcc/arm-none-eabi/10.3.1/../../../../arm-none-eabi/lib/thumb/v6-m/nofp/libg.a(lib_a-calloc.o) (_impure_ptr)
/opt/homebrew/Cellar/arm-none-eabi-gcc/10.3-2021.07/gcc/bin/../lib/gcc/arm-none-eabi/10.3.1/../../../../arm-none-eabi/lib/thumb/v6-m/nofp/libg.a(lib_a-init.o)
                              /opt/homebrew/Cellar/arm-none-eabi-gcc/10.3-2021.07/gcc/bin/../lib/gcc/arm-none-eabi/10.3.1/../../../../arm-none-eabi/lib/thumb/v6-m/nofp/crt0.o (__libc_init_array)
/opt/homebrew/Cellar/arm-none-eabi-gcc/10.3-2021.07/gcc/bin/../lib/gcc/arm-none-eabi/10.3.1/../../../../arm-none-eabi/lib/thumb/v6-m/nofp/libg.a(lib_a-malloc.o)
                              CMakeFiles/main.dir/Users/hcy2206/Library/Mobile_Documents/com~apple~CloudDocs/Github/Pico/pico-sdk/src/rp2_common/pico_malloc/pico_malloc.c.obj (malloc)
/opt/homebrew/Cellar/arm-none-eabi-gcc/10.3-2021.07/gcc/bin/../lib/gcc/arm-none-eabi/10.3.1/../../../../arm-none-eabi/lib/thumb/v6-m/nofp/libg.a(lib_a-mallocr.o)
                              /opt/homebrew/Cellar/arm-none-eabi-gcc/10.3-2021.07/gcc/bin/../lib/gcc/arm-none-eabi/10.3.1/../../../../arm-none-eabi/lib/thumb/v6-m/nofp/libg.a(lib_a-callocr.o) (_malloc_r)
/opt/homebrew/Cellar/arm-none-eabi-gcc/10.3-2021.07/gcc/bin/../lib/gcc/arm-none-eabi/10.3.1/../../../../arm-none-eabi/lib/thumb/v6-m/nofp/libg.a(lib_a-mlock.o)
                              /opt/homebrew/Cellar/arm-none-eabi-gcc/10.3-2021.07/gcc/bin/../lib/gcc/arm-none-eabi/10.3.1/../../../../arm-none-eabi/lib/thumb/v6-m/nofp/libg.a(lib_a-mallocr.o) (__malloc_lock)
/opt/homebrew/Cellar/arm-none-eabi-gcc/10.3-2021.07/gcc/bin/../lib/gcc/arm-none-eabi/10.3.1/../../../../arm-none-eabi/lib/thumb/v6-m/nofp/libg.a(lib_a-realloc.o)
                              CMakeFiles/main.dir/Users/hcy2206/Library/Mobile_Documents/com~apple~CloudDocs/Github/Pico/pico-sdk/src/rp2_common/pico_malloc/pico_malloc.c.obj (realloc)
/opt/homebrew/Cellar/arm-none-eabi-gcc/10.3-2021.07/gcc/bin/../lib/gcc/arm-none-eabi/10.3.1/../../../../arm-none-eabi/lib/thumb/v6-m/nofp/libg.a(lib_a-reallocr.o)
                              /opt/homebrew/Cellar/arm-none-eabi-gcc/10.3-2021.07/gcc/bin/../lib/gcc/arm-none-eabi/10.3.1/../../../../arm-none-eabi/lib/thumb/v6-m/nofp/libg.a(lib_a-realloc.o) (_realloc_r)
/opt/homebrew/Cellar/arm-none-eabi-gcc/10.3-2021.07/gcc/bin/../lib/gcc/arm-none-eabi/10.3.1/../../../../arm-none-eabi/lib/thumb/v6-m/nofp/libg.a(lib_a-sbrkr.o)
                              /opt/homebrew/Cellar/arm-none-eabi-gcc/10.3-2021.07/gcc/bin/../lib/gcc/arm-none-eabi/10.3.1/../../../../arm-none-eabi/lib/thumb/v6-m/nofp/libg.a(lib_a-mallocr.o) (_sbrk_r)
/opt/homebrew/Cellar/arm-none-eabi-gcc/10.3-2021.07/gcc/bin/../lib/gcc/arm-none-eabi/10.3.1/../../../../arm-none-eabi/lib/thumb/v6-m/nofp/libg.a(lib_a-strlen-stub.o)
                              CMakeFiles/main.dir/Users/hcy2206/Library/Mobile_Documents/com~apple~CloudDocs/Github/Pico/pico-sdk/src/rp2_common/pico_stdio/stdio.c.obj (strlen)
/opt/homebrew/Cellar/arm-none-eabi-gcc/10.3-2021.07/gcc/bin/../lib/gcc/arm-none-eabi/10.3.1/../../../../arm-none-eabi/lib/thumb/v6-m/nofp/libg.a(lib_a-freer.o)
[...]
Memory Configuration

Name             Origin             Length             Attributes
FLASH            0x0000000010000000 0x0000000000200000 xr
RAM              0x0000000020000000 0x0000000000040000 xrw
SCRATCH_X        0x0000000020040000 0x0000000000001000 xrw
SCRATCH_Y        0x0000000020041000 0x0000000000001000 xrw
*default*        0x0000000000000000 0xffffffffffffffff

Linker script and memory map

LOAD /opt/homebrew/Cellar/arm-none-eabi-gcc/10.3-2021.07/gcc/bin/../lib/gcc/arm-none-eabi/10.3.1/thumb/v6-m/nofp/crti.o
LOAD /opt/homebrew/Cellar/arm-none-eabi-gcc/10.3-2021.07/gcc/bin/../lib/gcc/arm-none-eabi/10.3.1/thumb/v6-m/nofp/crtbegin.o
LOAD /opt/homebrew/Cellar/arm-none-eabi-gcc/10.3-2021.07/gcc/bin/../lib/gcc/arm-none-eabi/10.3.1/../../../../arm-none-eabi/lib/thumb/v6-m/nofp/crt0.o

.flash_begin    0x0000000010000000        0x0
                0x0000000010000000                __flash_binary_start = .

.boot2          0x0000000010000000      0x100
                0x0000000010000000                __boot2_start__ = .
 *(.boot2)
 .boot2         0x0000000010000000      0x100 /var/folders/5q/h16gbyyd0hd0bht8xwx77fq80000gn/T//ccvSvOxC.o
                0x0000000010000100                __boot2_end__ = .
                0x0000000000000001                ASSERT (((__boot2_end__ - __boot2_start__) == 0x100), ERROR: Pico second stage bootloader must be 256 bytes in size)

.text           0x0000000010000100     0x41b8
                0x0000000010000100                __logical_binary_start = .
 *(.vectors)
 .vectors       0x0000000010000100       0xd4 CMakeFiles/main.dir/Users/hcy2206/Library/Mobile_Documents/com~apple~CloudDocs/Github/Pico/pico-sdk/src/rp2_common/pico_standard_link/crt0.S.obj
                0x0000000010000100                __VECTOR_TABLE
                0x0000000010000100                __vectors
                0x00000000100001c0                __default_isrs_start
                0x00000000100001c0                isr_invalid
                0x00000000100001c2                isr_nmi
                0x00000000100001c4                isr_hardfault
                0x00000000100001c6                isr_svcall
                0x00000000100001c8                isr_pendsv
                0x00000000100001ca                isr_systick
                0x00000000100001cc                isr_irq28
                0x00000000100001cc                isr_irq19
                0x00000000100001cc                isr_irq0
                0x00000000100001cc                isr_irq6
                0x00000000100001cc                isr_irq22
                0x00000000100001cc                isr_irq17
                0x00000000100001cc                isr_irq14
                0x00000000100001cc                isr_irq2
                0x00000000100001cc                isr_irq10
                0x00000000100001cc                isr_irq8
                0x00000000100001cc                isr_irq24
                0x00000000100001cc                isr_irq1
                0x00000000100001cc                isr_irq7
                0x00000000100001cc                isr_irq21
                0x00000000100001cc                isr_irq20
                0x00000000100001cc                isr_irq15
                0x00000000100001cc                isr_irq25
                0x00000000100001cc                isr_irq4
                0x00000000100001cc                isr_irq16
                0x00000000100001cc                isr_irq29
                0x00000000100001cc                isr_irq26
                0x00000000100001cc                __default_isrs_end
                0x00000000100001cc                isr_irq3
                0x00000000100001cc                isr_irq9
                0x00000000100001cc                __unhandled_user_irq
                0x00000000100001cc                isr_irq13
                0x00000000100001cc                isr_irq27
                0x00000000100001cc                isr_irq31
                0x00000000100001cc                isr_irq5
                0x00000000100001cc                isr_irq11
                0x00000000100001cc                isr_irq23
                0x00000000100001cc                isr_irq18
                0x00000000100001cc                isr_irq30
                0x00000000100001cc                isr_irq12
                0x00000000100001d2                unhandled_user_irq_num_in_r0
 *(.binary_info_header)
 .binary_info_header
                0x00000000100001d4       0x14 CMakeFiles/main.dir/Users/hcy2206/Library/Mobile_Documents/com~apple~CloudDocs/Github/Pico/pico-sdk/src/rp2_common/pico_standard_link/crt0.S.obj
                0x00000000100001e8                __binary_info_header_end = .
 *(.reset)
 .reset         0x00000000100001e8       0xa0 CMakeFiles/main.dir/Users/hcy2206/Library/Mobile_Documents/com~apple~CloudDocs/Github/Pico/pico-sdk/src/rp2_common/pico_standard_link/crt0.S.obj
                0x00000000100001e8                _entry_point
 .reset         0x0000000010000288       0x30 CMakeFiles/main.dir/Users/hcy2206/Library/Mobile_Documents/com~apple~CloudDocs/Github/Pico/pico-sdk/src/rp2_common/pico_standard_link/binary_info.c.obj
 *(.init)
 .init          0x00000000100002b8        0x4 /opt/homebrew/Cellar/arm-none-eabi-gcc/10.3-2021.07/gcc/bin/../lib/gcc/arm-none-eabi/10.3.1/thumb/v6-m/nofp/crti.o
                0x00000000100002b8                _init
 *(EXCLUDE_FILE(*libm.a: *libc.a:*lib_a-mem*.o *libgcc.a:) .text*)
 .text          0x00000000100002bc       0x48 /opt/homebrew/Cellar/arm-none-eabi-gcc/10.3-2021.07/gcc/bin/../lib/gcc/arm-none-eabi/10.3.1/thumb/v6-m/nofp/crtbegin.o
 .text.main     0x0000000010000304       0x2c CMakeFiles/main.dir/main.cpp.obj
                0x0000000010000304                main
 .text.gpio_set_function
                0x0000000010000330       0x30 CMakeFiles/main.dir/Users/hcy2206/Library/Mobile_Documents/com~apple~CloudDocs/Github/Pico/pico-sdk/src/rp2_common/hardware_gpio/gpio.c.obj
                0x0000000010000330                gpio_set_function
 .text.gpio_init
                0x0000000010000360       0x16 CMakeFiles/main.dir/Users/hcy2206/Library/Mobile_Documents/com~apple~CloudDocs/Github/Pico/pico-sdk/src/rp2_common/hardware_gpio/gpio.c.obj
                0x0000000010000360                gpio_init
 *fill*         0x0000000010000376        0x2 
 .text.running_on_fpga
                0x0000000010000378       0x14 CMakeFiles/main.dir/Users/hcy2206/Library/Mobile_Documents/com~apple~CloudDocs/Github/Pico/pico-sdk/src/rp2_common/pico_platform/platform.c.obj
                0x0000000010000378                running_on_fpga
 .text.hw_claim_lock
                0x000000001000038c       0x18 CMakeFiles/main.dir/Users/hcy2206/Library/Mobile_Documents/com~apple~CloudDocs/Github/Pico/pico-sdk/src/rp2_common/hardware_claim/claim.c.obj
                0x000000001000038c                hw_claim_lock
 .text.hw_claim_unlock
                0x00000000100003a4       0x14 CMakeFiles/main.dir/Users/hcy2206/Library/Mobile_Documents/com~apple~CloudDocs/Github/Pico/pico-sdk/src/rp2_common/hardware_claim/claim.c.obj
                0x00000000100003a4                hw_claim_unlock
 .text.hw_claim_or_assert
                0x00000000100003b8       0x32 CMakeFiles/main.dir/Users/hcy2206/Library/Mobile_Documents/com~apple~CloudDocs/Github/Pico/pico-sdk/src/rp2_common/hardware_claim/claim.c.obj
                0x00000000100003b8                hw_claim_or_assert
 *fill*         0x00000000100003ea        0x2 
 .text.spin_locks_reset
                0x00000000100003ec       0x20 CMakeFiles/main.dir/Users/hcy2206/Library/Mobile_Documents/com~apple~CloudDocs/Github/Pico/pico-sdk/src/rp2_common/hardware_sync/sync.c.obj
                0x00000000100003ec                spin_locks_reset
 .text.next_striped_spin_lock_num
                0x000000001000040c       0x1c CMakeFiles/main.dir/Users/hcy2206/Library/Mobile_Documents/com~apple~CloudDocs/Github/Pico/pico-sdk/src/rp2_common/hardware_sync/sync.c.obj
                0x000000001000040c                next_striped_spin_lock_num
 .text.set_raw_irq_handler_and_unlock
                0x0000000010000428       0x28 CMakeFiles/main.dir/Users/hcy2206/Library/Mobile_Documents/com~apple~CloudDocs/Github/Pico/pico-sdk/src/rp2_common/hardware_irq/irq.c.obj
 .text.make_branch
                0x0000000010000450       0x48 CMakeFiles/main.dir/Users/hcy2206/Library/Mobile_Documents/com~apple~CloudDocs/Github/Pico/pico-sdk/src/rp2_common/hardware_irq/irq.c.obj
 .text.insert_branch_and_link
                0x0000000010000498       0x40 CMakeFiles/main.dir/Users/hcy2206/Library/Mobile_Documents/com~apple~CloudDocs/Github/Pico/pico-sdk/src/rp2_common/hardware_irq/irq.c.obj
 .text.irq_is_enabled
                0x00000000100004d8       0x18 CMakeFiles/main.dir/Users/hcy2206/Library/Mobile_Documents/com~apple~CloudDocs/Github/Pico/pico-sdk/src/rp2_common/hardware_irq/irq.c.obj
                0x00000000100004d8                irq_is_enabled
 .text.irq_set_mask_enabled
                0x00000000100004f0       0x20 CMakeFiles/main.dir/Users/hcy2206/Library/Mobile_Documents/com~apple~CloudDocs/Github/Pico/pico-sdk/src/rp2_common/hardware_irq/irq.c.obj
                0x00000000100004f0                irq_set_mask_enabled
 .text.irq_set_enabled
                0x0000000010000510        0xe CMakeFiles/main.dir/Users/hcy2206/Library/Mobile_Documents/com~apple~CloudDocs/Github/Pico/pico-sdk/src/rp2_common/hardware_irq/irq.c.obj
                0x0000000010000510                irq_set_enabled
 *fill*         0x000000001000051e        0x2 
 .text.irq_get_vtable_handler
                0x0000000010000520       0x10 CMakeFiles/main.dir/Users/hcy2206/Library/Mobile_Documents/com~apple~CloudDocs/Github/Pico/pico-sdk/src/rp2_common/hardware_irq/irq.c.obj
                0x0000000010000520                irq_get_vtable_handler
 .text.irq_set_exclusive_handler
                0x0000000010000530       0x54 CMakeFiles/main.dir/Users/hcy2206/Library/Mobile_Documents/com~apple~CloudDocs/Github/Pico/pico-sdk/src/rp2_common/hardware_irq/irq.c.obj
                0x0000000010000530                irq_set_exclusive_handler
 .text.irq_remove_handler
                0x0000000010000584      0x1ac CMakeFiles/main.dir/Users/hcy2206/Library/Mobile_Documents/com~apple~CloudDocs/Github/Pico/pico-sdk/src/rp2_common/hardware_irq/irq.c.obj
                0x0000000010000584                irq_remove_handler
 .text.irq_add_tail_to_free_list
                0x0000000010000730       0xf0 CMakeFiles/main.dir/Users/hcy2206/Library/Mobile_Documents/com~apple~CloudDocs/Github/Pico/pico-sdk/src/rp2_common/hardware_irq/irq.c.obj
                0x0000000010000730                irq_add_tail_to_free_list
 .text.irq_init_priorities
                0x0000000010000820       0x1c CMakeFiles/main.dir/Users/hcy2206/Library/Mobile_Documents/com~apple~CloudDocs/Github/Pico/pico-sdk/src/rp2_common/hardware_irq/irq.c.obj
                0x0000000010000820                irq_init_priorities
 .text.lock_init
                0x000000001000083c       0x10 CMakeFiles/main.dir/Users/hcy2206/Library/Mobile_Documents/com~apple~CloudDocs/Github/Pico/pico-sdk/src/common/pico_sync/lock_core.c.obj
                0x000000001000083c                lock_init
 .text.mutex_init
                0x000000001000084c       0x1a CMakeFiles/main.dir/Users/hcy2206/Library/Mobile_Documents/com~apple~CloudDocs/Github/Pico/pico-sdk/src/common/pico_sync/mutex.c.obj
                0x000000001000084c                mutex_init
 .text.recursive_mutex_init
                0x0000000010000866       0x1e CMakeFiles/main.dir/Users/hcy2206/Library/Mobile_Documents/com~apple~CloudDocs/Github/Pico/pico-sdk/src/common/pico_sync/mutex.c.obj
                0x0000000010000866                recursive_mutex_init
 .text.alarm_pool_post_alloc_init
                0x0000000010000884       0x40 CMakeFiles/main.dir/Users/hcy2206/Library/Mobile_Documents/com~apple~CloudDocs/Github/Pico/pico-sdk/src/common/pico_time/time.c.obj
 .text.sleep_until_callback
                0x00000000100008c4       0x30 CMakeFiles/main.dir/Users/hcy2206/Library/Mobile_Documents/com~apple~CloudDocs/Github/Pico/pico-sdk/src/common/pico_time/time.c.obj
 .text.timer_pool_entry_comparator
                0x00000000100008f4       0x7c CMakeFiles/main.dir/Users/hcy2206/Library/Mobile_Documents/com~apple~CloudDocs/Github/Pico/pico-sdk/src/common/pico_time/time.c.obj
                0x00000000100008f4                timer_pool_entry_comparator
 .text.ph_add_child_node
                0x0000000010000970       0xa4 CMakeFiles/main.dir/Users/hcy2206/Library/Mobile_Documents/com~apple~CloudDocs/Github/Pico/pico-sdk/src/common/pico_time/time.c.obj
 .text.ph_merge_nodes
                0x0000000010000a14       0x3e CMakeFiles/main.dir/Users/hcy2206/Library/Mobile_Documents/com~apple~CloudDocs/Github/Pico/pico-sdk/src/common/pico_time/time.c.obj
 *fill*         0x0000000010000a52        0x2 
 .text.add_alarm_under_lock
                0x0000000010000a54      0x174 CMakeFiles/main.dir/Users/hcy2206/Library/Mobile_Documents/com~apple~CloudDocs/Github/Pico/pico-sdk/src/common/pico_time/time.c.obj
 .text.alarm_pool_alarm_callback
                0x0000000010000bc8      0x33c CMakeFiles/main.dir/Users/hcy2206/Library/Mobile_Documents/com~apple~CloudDocs/Github/Pico/pico-sdk/src/common/pico_time/time.c.obj
 .text.alarm_pool_init_default
                0x0000000010000f04       0x40 CMakeFiles/main.dir/Users/hcy2206/Library/Mobile_Documents/com~apple~CloudDocs/Github/Pico/pico-sdk/src/common/pico_time/time.c.obj
                0x0000000010000f04                alarm_pool_init_default
 .text.alarm_pool_get_default
                0x0000000010000f44       0x2c CMakeFiles/main.dir/Users/hcy2206/Library/Mobile_Documents/com~apple~CloudDocs/Github/Pico/pico-sdk/src/common/pico_time/time.c.obj
                0x0000000010000f44                alarm_pool_get_default
 .text.alarm_pool_add_alarm_at
                0x0000000010000f70      0x168 CMakeFiles/main.dir/Users/hcy2206/Library/Mobile_Documents/com~apple~CloudDocs/Github/Pico/pico-sdk/src/common/pico_time/time.c.obj
                0x0000000010000f70                alarm_pool_add_alarm_at
 .text.alarm_pool_cancel_alarm
                0x00000000100010d8       0xf0 CMakeFiles/main.dir/Users/hcy2206/Library/Mobile_Documents/com~apple~CloudDocs/Github/Pico/pico-sdk/src/common/pico_time/time.c.obj
                0x00000000100010d8                alarm_pool_cancel_alarm
 .text.sleep_until
                0x00000000100011c8       0xfc CMakeFiles/main.dir/Users/hcy2206/Library/Mobile_Documents/com~apple~CloudDocs/Github/Pico/pico-sdk/src/common/pico_time/time.c.obj
                0x00000000100011c8                sleep_until
 .text.sleep_us
                0x00000000100012c4       0x58 CMakeFiles/main.dir/Users/hcy2206/Library/Mobile_Documents/com~apple~CloudDocs/Github/Pico/pico-sdk/src/common/pico_time/time.c.obj
                0x00000000100012c4                sleep_us
 .text.sleep_ms
                0x000000001000131c       0x14 CMakeFiles/main.dir/Users/hcy2206/Library/Mobile_Documents/com~apple~CloudDocs/Github/Pico/pico-sdk/src/common/pico_time/time.c.obj
                0x000000001000131c                sleep_ms
 .text.best_effort_wfe_or_timeout
                0x0000000010001330       0xac CMakeFiles/main.dir/Users/hcy2206/Library/Mobile_Documents/com~apple~CloudDocs/Github/Pico/pico-sdk/src/common/pico_time/time.c.obj
                0x0000000010001330                best_effort_wfe_or_timeout
 .text.hardware_alarm_irq_handler
                0x00000000100013dc       0x90 CMakeFiles/main.dir/Users/hcy2206/Library/Mobile_Documents/com~apple~CloudDocs/Github/Pico/pico-sdk/src/rp2_common/hardware_timer/timer.c.obj
 .text.hardware_alarm_claim
                0x000000001000146c       0x18 CMakeFiles/main.dir/Users/hcy2206/Library/Mobile_Documents/com~apple~CloudDocs/Github/Pico/pico-sdk/src/rp2_common/hardware_timer/timer.c.obj
                0x000000001000146c                hardware_alarm_claim
 .text.time_us_64
                0x0000000010001484       0x18 CMakeFiles/main.dir/Users/hcy2206/Library/Mobile_Documents/com~apple~CloudDocs/Github/Pico/pico-sdk/src/rp2_common/hardware_timer/timer.c.obj
                0x0000000010001484                time_us_64
 .text.busy_wait_until
                0x000000001000149c       0x28 CMakeFiles/main.dir/Users/hcy2206/Library/Mobile_Documents/com~apple~CloudDocs/Github/Pico/pico-sdk/src/rp2_common/hardware_timer/timer.c.obj
                0x000000001000149c                busy_wait_until
 .text.hardware_alarm_set_callback
                0x00000000100014c4       0x90 CMakeFiles/main.dir/Users/hcy2206/Library/Mobile_Documents/com~apple~CloudDocs/Github/Pico/pico-sdk/src/rp2_common/hardware_timer/timer.c.obj
                0x00000000100014c4                hardware_alarm_set_callback
 .text.hardware_alarm_set_target
                0x0000000010001554       0xe8 CMakeFiles/main.dir/Users/hcy2206/Library/Mobile_Documents/com~apple~CloudDocs/Github/Pico/pico-sdk/src/rp2_common/hardware_timer/timer.c.obj
                0x0000000010001554                hardware_alarm_set_target
 .text.hardware_alarm_cancel
                0x000000001000163c       0x40 CMakeFiles/main.dir/Users/hcy2206/Library/Mobile_Documents/com~apple~CloudDocs/Github/Pico/pico-sdk/src/rp2_common/hardware_timer/timer.c.obj
                0x000000001000163c                hardware_alarm_cancel
 .text.ph_add_child_node
                0x000000001000167c       0xa4 CMakeFiles/main.dir/Users/hcy2206/Library/Mobile_Documents/com~apple~CloudDocs/Github/Pico/pico-sdk/src/common/pico_util/pheap.c.obj
 .text.ph_merge_nodes
                0x0000000010001720       0x3e CMakeFiles/main.dir/Users/hcy2206/Library/Mobile_Documents/com~apple~CloudDocs/Github/Pico/pico-sdk/src/common/pico_util/pheap.c.obj
 *fill*         0x000000001000175e        0x2 
 .text.ph_clear
                0x0000000010001760       0x70 CMakeFiles/main.dir/Users/hcy2206/Library/Mobile_Documents/com~apple~CloudDocs/Github/Pico/pico-sdk/src/common/pico_util/pheap.c.obj
                0x0000000010001760                ph_clear
 .text.ph_post_alloc_init
                0x00000000100017d0        0xe CMakeFiles/main.dir/Users/hcy2206/Library/Mobile_Documents/com~apple~CloudDocs/Github/Pico/pico-sdk/src/common/pico_util/pheap.c.obj
                0x00000000100017d0                ph_post_alloc_init
 *fill*         0x00000000100017de        0x2 
 .text.ph_merge_two_pass
                0x00000000100017e0       0xa8 CMakeFiles/main.dir/Users/hcy2206/Library/Mobile_Documents/com~apple~CloudDocs/Github/Pico/pico-sdk/src/common/pico_util/pheap.c.obj
                0x00000000100017e0                ph_merge_two_pass
 .text.ph_remove_any_head
                0x0000000010001888      0x128 CMakeFiles/main.dir/Users/hcy2206/Library/Mobile_Documents/com~apple~CloudDocs/Github/Pico/pico-sdk/src/common/pico_util/pheap.c.obj
 .text.ph_remove_head
                0x00000000100019b0       0x14 CMakeFiles/main.dir/Users/hcy2206/Library/Mobile_Documents/com~apple~CloudDocs/Github/Pico/pico-sdk/src/common/pico_util/pheap.c.obj
                0x00000000100019b0                ph_remove_head
 .text.ph_remove_and_free_node
                0x00000000100019c4       0xf8 CMakeFiles/main.dir/Users/hcy2206/Library/Mobile_Documents/com~apple~CloudDocs/Github/Pico/pico-sdk/src/common/pico_util/pheap.c.obj
                0x00000000100019c4                ph_remove_and_free_node
 .text.clock_configure
                0x0000000010001abc      0x104 CMakeFiles/main.dir/Users/hcy2206/Library/Mobile_Documents/com~apple~CloudDocs/Github/Pico/pico-sdk/src/rp2_common/hardware_clocks/clocks.c.obj
                0x0000000010001abc                clock_configure
 .text.clocks_init
                0x0000000010001bc0      0x100 CMakeFiles/main.dir/Users/hcy2206/Library/Mobile_Documents/com~apple~CloudDocs/Github/Pico/pico-sdk/src/rp2_common/hardware_clocks/clocks.c.obj
                0x0000000010001bc0                clocks_init
 .text.pll_init
                0x0000000010001cc0      0x12c CMakeFiles/main.dir/Users/hcy2206/Library/Mobile_Documents/com~apple~CloudDocs/Github/Pico/pico-sdk/src/rp2_common/hardware_pll/pll.c.obj
                0x0000000010001cc0                pll_init
 .text.watchdog_start_tick
                0x0000000010001dec       0x10 CMakeFiles/main.dir/Users/hcy2206/Library/Mobile_Documents/com~apple~CloudDocs/Github/Pico/pico-sdk/src/rp2_common/hardware_watchdog/watchdog.c.obj
                0x0000000010001dec                watchdog_start_tick
 .text.xosc_init
                0x0000000010001dfc       0x28 CMakeFiles/main.dir/Users/hcy2206/Library/Mobile_Documents/com~apple~CloudDocs/Github/Pico/pico-sdk/src/rp2_common/hardware_xosc/xosc.c.obj
                0x0000000010001dfc                xosc_init
 .text._exit    0x0000000010001e24        0x4 CMakeFiles/main.dir/Users/hcy2206/Library/Mobile_Documents/com~apple~CloudDocs/Github/Pico/pico-sdk/src/rp2_common/pico_runtime/runtime.c.obj
                0x0000000010001e24                _exit
 .text.exit     0x0000000010001e28        0x6 CMakeFiles/main.dir/Users/hcy2206/Library/Mobile_Documents/com~apple~CloudDocs/Github/Pico/pico-sdk/src/rp2_common/pico_runtime/runtime.c.obj
                0x0000000010001e28                exit
 *fill*         0x0000000010001e2e        0x2 
 .text.__assert_func
                0x0000000010001e30       0x3c CMakeFiles/main.dir/Users/hcy2206/Library/Mobile_Documents/com~apple~CloudDocs/Github/Pico/pico-sdk/src/rp2_common/pico_runtime/runtime.c.obj
                0x0000000010001e30                __assert_func
 .text.runtime_init
                0x0000000010001e6c       0xf8 CMakeFiles/main.dir/Users/hcy2206/Library/Mobile_Documents/com~apple~CloudDocs/Github/Pico/pico-sdk/src/rp2_common/pico_runtime/runtime.c.obj
                0x0000000010001e6c                runtime_init
 .text.panic    0x0000000010001f64       0x30 CMakeFiles/main.dir/Users/hcy2206/Library/Mobile_Documents/com~apple~CloudDocs/Github/Pico/pico-sdk/src/rp2_common/pico_runtime/runtime.c.obj
                0x0000000010001f64                panic
 .text._out_null
                0x0000000010001f94        0x2 CMakeFiles/main.dir/Users/hcy2206/Library/Mobile_Documents/com~apple~CloudDocs/Github/Pico/pico-sdk/src/rp2_common/pico_printf/printf.c.obj
 .text._out_fct
                0x0000000010001f96        0xe CMakeFiles/main.dir/Users/hcy2206/Library/Mobile_Documents/com~apple~CloudDocs/Github/Pico/pico-sdk/src/rp2_common/pico_printf/printf.c.obj
 .text._atoi    0x0000000010001fa4       0x24 CMakeFiles/main.dir/Users/hcy2206/Library/Mobile_Documents/com~apple~CloudDocs/Github/Pico/pico-sdk/src/rp2_common/pico_printf/printf.c.obj
 .text._out_rev
                0x0000000010001fc8       0xae CMakeFiles/main.dir/Users/hcy2206/Library/Mobile_Documents/com~apple~CloudDocs/Github/Pico/pico-sdk/src/rp2_common/pico_printf/printf.c.obj
 .text._ntoa_format
                0x0000000010002076      0x112 CMakeFiles/main.dir/Users/hcy2206/Library/Mobile_Documents/com~apple~CloudDocs/Github/Pico/pico-sdk/src/rp2_common/pico_printf/printf.c.obj
 .text._ntoa_long
                0x0000000010002188       0xbc CMakeFiles/main.dir/Users/hcy2206/Library/Mobile_Documents/com~apple~CloudDocs/Github/Pico/pico-sdk/src/rp2_common/pico_printf/printf.c.obj
 .text._ntoa_long_long
                0x0000000010002244       0xe2 CMakeFiles/main.dir/Users/hcy2206/Library/Mobile_Documents/com~apple~CloudDocs/Github/Pico/pico-sdk/src/rp2_common/pico_printf/printf.c.obj
 *fill*         0x0000000010002326        0x2 
 .text._etoa    0x0000000010002328      0x414 CMakeFiles/main.dir/Users/hcy2206/Library/Mobile_Documents/com~apple~CloudDocs/Github/Pico/pico-sdk/src/rp2_common/pico_printf/printf.c.obj
 .text._ftoa    0x000000001000273c      0x354 CMakeFiles/main.dir/Users/hcy2206/Library/Mobile_Documents/com~apple~CloudDocs/Github/Pico/pico-sdk/src/rp2_common/pico_printf/printf.c.obj
 .text._vsnprintf
                0x0000000010002a90      0x624 CMakeFiles/main.dir/Users/hcy2206/Library/Mobile_Documents/com~apple~CloudDocs/Github/Pico/pico-sdk/src/rp2_common/pico_printf/printf.c.obj
 .text.vfctprintf
                0x00000000100030b4       0x20 CMakeFiles/main.dir/Users/hcy2206/Library/Mobile_Documents/com~apple~CloudDocs/Github/Pico/pico-sdk/src/rp2_common/pico_printf/printf.c.obj
                0x00000000100030b4                vfctprintf
 .text          0x00000000100030d4       0x10 CMakeFiles/main.dir/Users/hcy2206/Library/Mobile_Documents/com~apple~CloudDocs/Github/Pico/pico-sdk/src/rp2_common/pico_bit_ops/bit_ops_aeabi.S.obj
 .text.rom_func_lookup
                0x00000000100030e4       0x10 CMakeFiles/main.dir/Users/hcy2206/Library/Mobile_Documents/com~apple~CloudDocs/Github/Pico/pico-sdk/src/rp2_common/pico_bootrom/bootrom.c.obj
                0x00000000100030e4                rom_func_lookup
 .text.rom_data_lookup
                0x00000000100030f4       0x10 CMakeFiles/main.dir/Users/hcy2206/Library/Mobile_Documents/com~apple~CloudDocs/Github/Pico/pico-sdk/src/rp2_common/pico_bootrom/bootrom.c.obj
                0x00000000100030f4                rom_data_lookup
 .text.rom_funcs_lookup
                0x0000000010003104       0x36 CMakeFiles/main.dir/Users/hcy2206/Library/Mobile_Documents/com~apple~CloudDocs/Github/Pico/pico-sdk/src/rp2_common/pico_bootrom/bootrom.c.obj
                0x0000000010003104                rom_funcs_lookup
 *fill*         0x000000001000313a        0x2 
 .text.__wrap___aeabi_idiv
                0x000000001000313c       0x50 CMakeFiles/main.dir/Users/hcy2206/Library/Mobile_Documents/com~apple~CloudDocs/Github/Pico/pico-sdk/src/rp2_common/pico_divider/divider.S.obj
                0x000000001000313c                __wrap___aeabi_idivmod
                0x000000001000313c                divmod_s32s32
                0x000000001000313c                div_s32s32
                0x000000001000313c                __wrap___aeabi_idiv
                0x0000000010003144                divmod_s32s32_unsafe
                0x0000000010003170                divmod_s32s32_savestate
 .text.__wrap___aeabi_uidiv
                0x000000001000318c       0x4c CMakeFiles/main.dir/Users/hcy2206/Library/Mobile_Documents/com~apple~CloudDocs/Github/Pico/pico-sdk/src/rp2_common/pico_divider/divider.S.obj
                0x000000001000318c                __wrap___aeabi_uidiv
                0x000000001000318c                __wrap___aeabi_uidivmod
                0x000000001000318c                div_u32u32
                0x000000001000318c                divmod_u32u32
                0x0000000010003194                divmod_u32u32_unsafe
                0x00000000100031bc                divmod_u32u32_savestate
 .text.__wrap___aeabi_ldiv
                0x00000000100031d8      0x424 CMakeFiles/main.dir/Users/hcy2206/Library/Mobile_Documents/com~apple~CloudDocs/Github/Pico/pico-sdk/src/rp2_common/pico_divider/divider.S.obj
                0x00000000100031d8                __wrap___aeabi_ldivmod
                0x00000000100031d8                div_s64s64
                0x00000000100031d8                divmod_s64s64
                0x0000000010003208                divmod_u64u64
                0x0000000010003208                div_u64u64
                0x0000000010003208                __wrap___aeabi_uldivmod
                0x0000000010003218                divmod_u64u64_savestate
                0x0000000010003238                divmod_s64s64_unsafe
                0x00000000100032c0                divmod_u64u64_unsafe
 .text.__wrap___aeabi_darithmetic
                0x00000000100035fc       0x80 CMakeFiles/main.dir/Users/hcy2206/Library/Mobile_Documents/com~apple~CloudDocs/Github/Pico/pico-sdk/src/rp2_common/pico_double/double_aeabi.S.obj
                0x00000000100035fc                __wrap___aeabi_drsub
                0x0000000010003602                __wrap___aeabi_dsub
                0x0000000010003614                __wrap___aeabi_dadd
                0x0000000010003626                __wrap___aeabi_ddiv
                0x0000000010003662                __wrap___aeabi_dmul
 .text.__wrap___aeabi_cdcmple
                0x000000001000367c       0x6c CMakeFiles/main.dir/Users/hcy2206/Library/Mobile_Documents/com~apple~CloudDocs/Github/Pico/pico-sdk/src/rp2_common/pico_double/double_aeabi.S.obj
                0x000000001000367c                __wrap___aeabi_cdrcmple
                0x000000001000368c                __wrap___aeabi_cdcmple
                0x000000001000368c                __wrap___aeabi_cdcmpeq
 .text.__wrap___aeabi_dcmplt
                0x00000000100036e8        0xc CMakeFiles/main.dir/Users/hcy2206/Library/Mobile_Documents/com~apple~CloudDocs/Github/Pico/pico-sdk/src/rp2_common/pico_double/double_aeabi.S.obj
                0x00000000100036e8                __wrap___aeabi_dcmplt
 .text.__wrap___aeabi_dcmple
                0x00000000100036f4       0x10 CMakeFiles/main.dir/Users/hcy2206/Library/Mobile_Documents/com~apple~CloudDocs/Github/Pico/pico-sdk/src/rp2_common/pico_double/double_aeabi.S.obj
                0x00000000100036f4                __wrap___aeabi_dcmple
 .text.__wrap___aeabi_dcmpge
                0x0000000010003704       0x10 CMakeFiles/main.dir/Users/hcy2206/Library/Mobile_Documents/com~apple~CloudDocs/Github/Pico/pico-sdk/src/rp2_common/pico_double/double_aeabi.S.obj
                0x0000000010003704                __wrap___aeabi_dcmpge
 .text.__wrap___aeabi_dcmpgt
                0x0000000010003714        0xa CMakeFiles/main.dir/Users/hcy2206/Library/Mobile_Documents/com~apple~CloudDocs/Github/Pico/pico-sdk/src/rp2_common/pico_double/double_aeabi.S.obj
                0x0000000010003714                __wrap___aeabi_dcmpgt
 .text.__wrap___aeabi_dcmpun
                0x000000001000371e       0x1c CMakeFiles/main.dir/Users/hcy2206/Library/Mobile_Documents/com~apple~CloudDocs/Github/Pico/pico-sdk/src/rp2_common/pico_double/double_aeabi.S.obj
                0x000000001000371e                __wrap___aeabi_dcmpun
 *fill*         0x000000001000373a        0x2 
 .text.__wrap___aeabi_i2d
                0x000000001000373c       0x38 CMakeFiles/main.dir/Users/hcy2206/Library/Mobile_Documents/com~apple~CloudDocs/Github/Pico/pico-sdk/src/rp2_common/pico_double/double_aeabi.S.obj
                0x000000001000373c                __wrap___aeabi_ui2d
                0x0000000010003744                __wrap___aeabi_i2d
 .text.__wrap___aeabi_d2iz
                0x0000000010003774       0x48 CMakeFiles/main.dir/Users/hcy2206/Library/Mobile_Documents/com~apple~CloudDocs/Github/Pico/pico-sdk/src/rp2_common/pico_double/double_aeabi.S.obj
                0x0000000010003774                __wrap___aeabi_d2iz
                0x0000000010003774                double2int_z
 .text.__wrap___aeabi_d2uiz
                0x00000000100037bc       0x18 CMakeFiles/main.dir/Users/hcy2206/Library/Mobile_Documents/com~apple~CloudDocs/Github/Pico/pico-sdk/src/rp2_common/pico_double/double_aeabi.S.obj
                0x00000000100037bc                double2uint
                0x00000000100037bc                __wrap___aeabi_d2uiz
 .text.__aeabi_double_init
                0x00000000100037d4       0xc8 CMakeFiles/main.dir/Users/hcy2206/Library/Mobile_Documents/com~apple~CloudDocs/Github/Pico/pico-sdk/src/rp2_common/pico_double/double_init_rom.c.obj
                0x00000000100037d4                __aeabi_double_init
 .text.double_table_shim_on_use_helper
                0x000000001000389c       0x34 CMakeFiles/main.dir/Users/hcy2206/Library/Mobile_Documents/com~apple~CloudDocs/Github/Pico/pico-sdk/src/rp2_common/pico_double/double_v1_rom_shim.S.obj
                0x000000001000389c                double_table_shim_on_use_helper
 .text.__wrap___aeabi_dsub
                0x00000000100038d0       0x10 CMakeFiles/main.dir/Users/hcy2206/Library/Mobile_Documents/com~apple~CloudDocs/Github/Pico/pico-sdk/src/rp2_common/pico_double/double_v1_rom_shim.S.obj
                0x00000000100038d0                drsub_shim
                0x00000000100038d6                dsub_shim
 .text.dadd_shim
                0x00000000100038e0      0x15c CMakeFiles/main.dir/Users/hcy2206/Library/Mobile_Documents/com~apple~CloudDocs/Github/Pico/pico-sdk/src/rp2_common/pico_double/double_v1_rom_shim.S.obj
                0x00000000100038e0                dadd_shim
 .text.dmul_shim
                0x0000000010003a3c      0x15c CMakeFiles/main.dir/Users/hcy2206/Library/Mobile_Documents/com~apple~CloudDocs/Github/Pico/pico-sdk/src/rp2_common/pico_double/double_v1_rom_shim.S.obj
                0x0000000010003a3c                dmul_shim
 .text.ddiv_shim
                0x0000000010003b98      0x1b0 CMakeFiles/main.dir/Users/hcy2206/Library/Mobile_Documents/com~apple~CloudDocs/Github/Pico/pico-sdk/src/rp2_common/pico_double/double_v1_rom_shim.S.obj
                0x0000000010003b98                ddiv_shim
 .text.double2uint_shim
                0x0000000010003d48        0xe CMakeFiles/main.dir/Users/hcy2206/Library/Mobile_Documents/com~apple~CloudDocs/Github/Pico/pico-sdk/src/rp2_common/pico_double/double_v1_rom_shim.S.obj
                0x0000000010003d48                double2uint_shim
                0x0000000010003d4a                double2ufix_shim
 *fill*         0x0000000010003d56        0x2 
 .text.double2uint64_shim
                0x0000000010003d58       0x70 CMakeFiles/main.dir/Users/hcy2206/Library/Mobile_Documents/com~apple~CloudDocs/Github/Pico/pico-sdk/src/rp2_common/pico_double/double_v1_rom_shim.S.obj
                0x0000000010003d58                double2uint64_shim
                0x0000000010003d5a                double2ufix64_shim
                0x0000000010003d7a                d2fix_a
 .text.dunpacks
                0x0000000010003dc8       0x3c CMakeFiles/main.dir/Users/hcy2206/Library/Mobile_Documents/com~apple~CloudDocs/Github/Pico/pico-sdk/src/rp2_common/pico_double/double_v1_rom_shim.S.obj
                0x0000000010003dc8                dunpacks
 .text.__aeabi_lmul
                0x0000000010003e04       0x32 CMakeFiles/main.dir/Users/hcy2206/Library/Mobile_Documents/com~apple~CloudDocs/Github/Pico/pico-sdk/src/rp2_common/pico_int64_ops/pico_int64_ops_aeabi.S.obj
                0x0000000010003e04                __wrap___aeabi_lmul
 *fill*         0x0000000010003e36        0x2 
 .text.__aeabi_float_init
                0x0000000010003e38       0xfc CMakeFiles/main.dir/Users/hcy2206/Library/Mobile_Documents/com~apple~CloudDocs/Github/Pico/pico-sdk/src/rp2_common/pico_float/float_init_rom.c.obj
                0x0000000010003e38                __aeabi_float_init
 .text.float_table_shim_on_use_helper
                0x0000000010003f34       0x34 CMakeFiles/main.dir/Users/hcy2206/Library/Mobile_Documents/com~apple~CloudDocs/Github/Pico/pico-sdk/src/rp2_common/pico_float/float_v1_rom_shim.S.obj
                0x0000000010003f34                float_table_shim_on_use_helper
 .text          0x0000000010003f68       0x10 CMakeFiles/main.dir/Users/hcy2206/Library/Mobile_Documents/com~apple~CloudDocs/Github/Pico/pico-sdk/src/rp2_common/pico_mem_ops/mem_ops_aeabi.S.obj
                0x0000000010003f68                __aeabi_mem_init
 .text.memcpy   0x0000000010003f78        0xc CMakeFiles/main.dir/Users/hcy2206/Library/Mobile_Documents/com~apple~CloudDocs/Github/Pico/pico-sdk/src/rp2_common/pico_mem_ops/mem_ops_aeabi.S.obj
                0x0000000010003f78                __wrap___aeabi_memcpy
                0x0000000010003f78                __wrap_memcpy
 .text.stdio_out_chars_no_crlf
                0x0000000010003f84        0xe CMakeFiles/main.dir/Users/hcy2206/Library/Mobile_Documents/com~apple~CloudDocs/Github/Pico/pico-sdk/src/rp2_common/pico_stdio/stdio.c.obj
 *fill*         0x0000000010003f92        0x2 
 .text.stdio_out_chars_crlf
                0x0000000010003f94       0x80 CMakeFiles/main.dir/Users/hcy2206/Library/Mobile_Documents/com~apple~CloudDocs/Github/Pico/pico-sdk/src/rp2_common/pico_stdio/stdio.c.obj
 .text.stdio_stack_buffer_flush
                0x0000000010004014       0x44 CMakeFiles/main.dir/Users/hcy2206/Library/Mobile_Documents/com~apple~CloudDocs/Github/Pico/pico-sdk/src/rp2_common/pico_stdio/stdio.c.obj
 .text.stdio_buffered_printer
                0x0000000010004058       0x20 CMakeFiles/main.dir/Users/hcy2206/Library/Mobile_Documents/com~apple~CloudDocs/Github/Pico/pico-sdk/src/rp2_common/pico_stdio/stdio.c.obj
 .text.stdout_serialize_begin
                0x0000000010004078       0x5c CMakeFiles/main.dir/Users/hcy2206/Library/Mobile_Documents/com~apple~CloudDocs/Github/Pico/pico-sdk/src/rp2_common/pico_stdio/stdio.c.obj
                0x0000000010004078                stdout_serialize_begin
 .text.stdout_serialize_end
                0x00000000100040d4       0x10 CMakeFiles/main.dir/Users/hcy2206/Library/Mobile_Documents/com~apple~CloudDocs/Github/Pico/pico-sdk/src/rp2_common/pico_stdio/stdio.c.obj
                0x00000000100040d4                stdout_serialize_end
 .text.stdio_put_string
                0x00000000100040e4       0x98 CMakeFiles/main.dir/Users/hcy2206/Library/Mobile_Documents/com~apple~CloudDocs/Github/Pico/pico-sdk/src/rp2_common/pico_stdio/stdio.c.obj
 .text.stdio_flush
                0x000000001000417c       0x20 CMakeFiles/main.dir/Users/hcy2206/Library/Mobile_Documents/com~apple~CloudDocs/Github/Pico/pico-sdk/src/rp2_common/pico_stdio/stdio.c.obj
                0x000000001000417c                stdio_flush
 .text.__wrap_puts
                0x000000001000419c       0x1e CMakeFiles/main.dir/Users/hcy2206/Library/Mobile_Documents/com~apple~CloudDocs/Github/Pico/pico-sdk/src/rp2_common/pico_stdio/stdio.c.obj
                0x000000001000419c                __wrap_puts
 *fill*         0x00000000100041ba        0x2 
 .text.__wrap_vprintf
                0x00000000100041bc       0x40 CMakeFiles/main.dir/Users/hcy2206/Library/Mobile_Documents/com~apple~CloudDocs/Github/Pico/pico-sdk/src/rp2_common/pico_stdio/stdio.c.obj
                0x00000000100041bc                __wrap_vprintf
 .text.__wrap_printf
                0x00000000100041fc       0x18 CMakeFiles/main.dir/Users/hcy2206/Library/Mobile_Documents/com~apple~CloudDocs/Github/Pico/pico-sdk/src/rp2_common/pico_stdio/stdio.c.obj
                0x00000000100041fc                __wrap_printf
 .text.strlen   0x0000000010004214       0x5c /opt/homebrew/Cellar/arm-none-eabi-gcc/10.3-2021.07/gcc/bin/../lib/gcc/arm-none-eabi/10.3.1/../../../../arm-none-eabi/lib/thumb/v6-m/nofp/libg.a(lib_a-strlen-stub.o)
                0x0000000010004214                strlen
 *(.fini)
 .fini          0x0000000010004270        0x4 /opt/homebrew/Cellar/arm-none-eabi-gcc/10.3-2021.07/gcc/bin/../lib/gcc/arm-none-eabi/10.3.1/thumb/v6-m/nofp/crti.o
                0x0000000010004270                _fini
 *fill*         0x0000000010004274        0x4 
 .fini.__stub   0x0000000010004278       0x40 linker stubs
 *crtbegin.o(.ctors)
 *crtbegin?.o(.ctors)
 *(EXCLUDE_FILE(*crtend.o *crtend?.o) .ctors)
 *(SORT_BY_NAME(.ctors.*))
 *(.ctors)
 *crtbegin.o(.dtors)
 *crtbegin?.o(.dtors)
 *(EXCLUDE_FILE(*crtend.o *crtend?.o) .dtors)
 *(SORT_BY_NAME(.dtors.*))
 *(.dtors)
 *(.eh_frame*)
 .eh_frame      0x00000000100042b8        0x0 /opt/homebrew/Cellar/arm-none-eabi-gcc/10.3-2021.07/gcc/bin/../lib/gcc/arm-none-eabi/10.3.1/thumb/v6-m/nofp/crtbegin.o
                0x00000000100042b8                . = ALIGN (0x4)

.glue_7         0x00000000100042b8        0x0
 .glue_7        0x00000000100042b8        0x0 linker stubs

.glue_7t        0x00000000100042b8        0x0
 .glue_7t       0x00000000100042b8        0x0 linker stubs

.vfp11_veneer   0x00000000100042b8        0x0
 .vfp11_veneer  0x00000000100042b8        0x0 linker stubs

.v4_bx          0x00000000100042b8        0x0
 .v4_bx         0x00000000100042b8        0x0 linker stubs

.iplt           0x00000000100042b8        0x0
 .iplt          0x00000000100042b8        0x0 /opt/homebrew/Cellar/arm-none-eabi-gcc/10.3-2021.07/gcc/bin/../lib/gcc/arm-none-eabi/10.3.1/thumb/v6-m/nofp/crtbegin.o

.rodata         0x00000000100042b8     0x1174
 *(EXCLUDE_FILE(*libm.a: *libc.a:*lib_a-mem*.o *libgcc.a:) .rodata*)
 .rodata.make_branch.str1.4
                0x00000000100042b8       0xa3 CMakeFiles/main.dir/Users/hcy2206/Library/Mobile_Documents/com~apple~CloudDocs/Github/Pico/pico-sdk/src/rp2_common/hardware_irq/irq.c.obj
 *fill*         0x000000001000435b        0x1 
 .rodata.insert_branch_and_link.str1.4
                0x000000001000435c       0x10 CMakeFiles/main.dir/Users/hcy2206/Library/Mobile_Documents/com~apple~CloudDocs/Github/Pico/pico-sdk/src/rp2_common/hardware_irq/irq.c.obj
 .rodata.irq_set_exclusive_handler.str1.4
                0x000000001000436c       0x36 CMakeFiles/main.dir/Users/hcy2206/Library/Mobile_Documents/com~apple~CloudDocs/Github/Pico/pico-sdk/src/rp2_common/hardware_irq/irq.c.obj
 *fill*         0x00000000100043a2        0x2 
 .rodata.irq_add_shared_handler.str1.4
                0x00000000100043a4       0xd9 CMakeFiles/main.dir/Users/hcy2206/Library/Mobile_Documents/com~apple~CloudDocs/Github/Pico/pico-sdk/src/rp2_common/hardware_irq/irq.c.obj
 *fill*         0x000000001000447d        0x3 
 .rodata.irq_remove_handler.str1.4
                0x0000000010004480       0x3a CMakeFiles/main.dir/Users/hcy2206/Library/Mobile_Documents/com~apple~CloudDocs/Github/Pico/pico-sdk/src/rp2_common/hardware_irq/irq.c.obj
 *fill*         0x00000000100044ba        0x2 
 .rodata.irq_add_tail_to_free_list.str1.4
                0x00000000100044bc       0x3a CMakeFiles/main.dir/Users/hcy2206/Library/Mobile_Documents/com~apple~CloudDocs/Github/Pico/pico-sdk/src/rp2_common/hardware_irq/irq.c.obj
 *fill*         0x00000000100044f6        0x2 
 .rodata.__func__.0
                0x00000000100044f8       0x1a CMakeFiles/main.dir/Users/hcy2206/Library/Mobile_Documents/com~apple~CloudDocs/Github/Pico/pico-sdk/src/rp2_common/hardware_irq/irq.c.obj
 *fill*         0x0000000010004512        0x2 
 .rodata.__func__.1
                0x0000000010004514       0x17 CMakeFiles/main.dir/Users/hcy2206/Library/Mobile_Documents/com~apple~CloudDocs/Github/Pico/pico-sdk/src/rp2_common/hardware_irq/irq.c.obj
 *fill*         0x000000001000452b        0x1 
 .rodata.__func__.2
                0x000000001000452c       0x13 CMakeFiles/main.dir/Users/hcy2206/Library/Mobile_Documents/com~apple~CloudDocs/Github/Pico/pico-sdk/src/rp2_common/hardware_irq/irq.c.obj
 *fill*         0x000000001000453f        0x1 
 .rodata.__func__.3
                0x0000000010004540        0xc CMakeFiles/main.dir/Users/hcy2206/Library/Mobile_Documents/com~apple~CloudDocs/Github/Pico/pico-sdk/src/rp2_common/hardware_irq/irq.c.obj
 .rodata.__func__.4
                0x000000001000454c        0xf CMakeFiles/main.dir/Users/hcy2206/Library/Mobile_Documents/com~apple~CloudDocs/Github/Pico/pico-sdk/src/rp2_common/hardware_irq/irq.c.obj
 *fill*         0x000000001000455b        0x1 
 .rodata.__func__.6
                0x000000001000455c       0x1a CMakeFiles/main.dir/Users/hcy2206/Library/Mobile_Documents/com~apple~CloudDocs/Github/Pico/pico-sdk/src/rp2_common/hardware_irq/irq.c.obj
 *fill*         0x0000000010004576        0x2 
 .rodata.str1.4
                0x0000000010004578      0x159 CMakeFiles/main.dir/Users/hcy2206/Library/Mobile_Documents/com~apple~CloudDocs/Github/Pico/pico-sdk/src/common/pico_sync/mutex.c.obj
 *fill*         0x00000000100046d1        0x3 
 .rodata.__func__.1
                0x00000000100046d4        0xb CMakeFiles/main.dir/Users/hcy2206/Library/Mobile_Documents/com~apple~CloudDocs/Github/Pico/pico-sdk/src/common/pico_sync/mutex.c.obj
 *fill*         0x00000000100046df        0x1 
 .rodata.__func__.3
                0x00000000100046e0       0x18 CMakeFiles/main.dir/Users/hcy2206/Library/Mobile_Documents/com~apple~CloudDocs/Github/Pico/pico-sdk/src/common/pico_sync/mutex.c.obj
 .rodata.repeating_timer_callback.str1.4
                0x00000000100046f8       0x81 CMakeFiles/main.dir/Users/hcy2206/Library/Mobile_Documents/com~apple~CloudDocs/Github/Pico/pico-sdk/src/common/pico_time/time.c.obj
 *fill*         0x0000000010004779        0x3 
 .rodata.timer_pool_entry_comparator.str1.4
                0x000000001000477c       0x22 CMakeFiles/main.dir/Users/hcy2206/Library/Mobile_Documents/com~apple~CloudDocs/Github/Pico/pico-sdk/src/common/pico_time/time.c.obj
 *fill*         0x000000001000479e        0x2 
 .rodata.ph_add_child_node.str1.4
                0x00000000100047a0       0xca CMakeFiles/main.dir/Users/hcy2206/Library/Mobile_Documents/com~apple~CloudDocs/Github/Pico/pico-sdk/src/common/pico_time/time.c.obj
 *fill*         0x000000001000486a        0x2 
 .rodata.add_alarm_under_lock.str1.4
                0x000000001000486c       0x28 CMakeFiles/main.dir/Users/hcy2206/Library/Mobile_Documents/com~apple~CloudDocs/Github/Pico/pico-sdk/src/common/pico_time/time.c.obj
                                         0x2b (size before relaxing)
 .rodata.alarm_pool_alarm_callback.str1.4
                0x0000000010004894       0x98 CMakeFiles/main.dir/Users/hcy2206/Library/Mobile_Documents/com~apple~CloudDocs/Github/Pico/pico-sdk/src/common/pico_time/time.c.obj
                                        0x130 (size before relaxing)
 .rodata.alarm_pool_get_default.str1.4
                0x000000001000492c       0x21 CMakeFiles/main.dir/Users/hcy2206/Library/Mobile_Documents/com~apple~CloudDocs/Github/Pico/pico-sdk/src/common/pico_time/time.c.obj
 *fill*         0x000000001000494d        0x3 
 .rodata.alarm_pool_cancel_alarm.str1.4
                0x0000000010004950       0x27 CMakeFiles/main.dir/Users/hcy2206/Library/Mobile_Documents/com~apple~CloudDocs/Github/Pico/pico-sdk/src/common/pico_time/time.c.obj
 *fill*         0x0000000010004977        0x1 
 .rodata.sleep_until.str1.4
                0x0000000010004978       0x4d CMakeFiles/main.dir/Users/hcy2206/Library/Mobile_Documents/com~apple~CloudDocs/Github/Pico/pico-sdk/src/common/pico_time/time.c.obj
 *fill*         0x00000000100049c5        0x3 
 .rodata.__func__.1
                0x00000000100049c8       0x18 CMakeFiles/main.dir/Users/hcy2206/Library/Mobile_Documents/com~apple~CloudDocs/Github/Pico/pico-sdk/src/common/pico_time/time.c.obj
 .rodata.__func__.10
                0x00000000100049e0       0x15 CMakeFiles/main.dir/Users/hcy2206/Library/Mobile_Documents/com~apple~CloudDocs/Github/Pico/pico-sdk/src/common/pico_time/time.c.obj
 *fill*         0x00000000100049f5        0x3 
 .rodata.__func__.11
                0x00000000100049f8       0x1a CMakeFiles/main.dir/Users/hcy2206/Library/Mobile_Documents/com~apple~CloudDocs/Github/Pico/pico-sdk/src/common/pico_time/time.c.obj
 *fill*         0x0000000010004a12        0x2 
 .rodata.__func__.12
                0x0000000010004a14        0xa CMakeFiles/main.dir/Users/hcy2206/Library/Mobile_Documents/com~apple~CloudDocs/Github/Pico/pico-sdk/src/common/pico_time/time.c.obj
 *fill*         0x0000000010004a1e        0x2 
 .rodata.__func__.3
                0x0000000010004a20       0x17 CMakeFiles/main.dir/Users/hcy2206/Library/Mobile_Documents/com~apple~CloudDocs/Github/Pico/pico-sdk/src/common/pico_time/time.c.obj
 *fill*         0x0000000010004a37        0x1 
 .rodata.__func__.4
                0x0000000010004a38       0x12 CMakeFiles/main.dir/Users/hcy2206/Library/Mobile_Documents/com~apple~CloudDocs/Github/Pico/pico-sdk/src/common/pico_time/time.c.obj
 *fill*         0x0000000010004a4a        0x2 
 .rodata.__func__.5
                0x0000000010004a4c        0xd CMakeFiles/main.dir/Users/hcy2206/Library/Mobile_Documents/com~apple~CloudDocs/Github/Pico/pico-sdk/src/common/pico_time/time.c.obj
 *fill*         0x0000000010004a59        0x3 
 .rodata.__func__.6
                0x0000000010004a5c       0x12 CMakeFiles/main.dir/Users/hcy2206/Library/Mobile_Documents/com~apple~CloudDocs/Github/Pico/pico-sdk/src/common/pico_time/time.c.obj
 *fill*         0x0000000010004a6e        0x2 
 .rodata.__func__.7
                0x0000000010004a70        0xf CMakeFiles/main.dir/Users/hcy2206/Library/Mobile_Documents/com~apple~CloudDocs/Github/Pico/pico-sdk/src/common/pico_time/time.c.obj
 *fill*         0x0000000010004a7f        0x1 
 .rodata.__func__.8
                0x0000000010004a80        0xc CMakeFiles/main.dir/Users/hcy2206/Library/Mobile_Documents/com~apple~CloudDocs/Github/Pico/pico-sdk/src/common/pico_time/time.c.obj
 .rodata.__func__.9
                0x0000000010004a8c       0x15 CMakeFiles/main.dir/Users/hcy2206/Library/Mobile_Documents/com~apple~CloudDocs/Github/Pico/pico-sdk/src/common/pico_time/time.c.obj
 *fill*         0x0000000010004aa1        0x3 
 .rodata.hardware_alarm_claim.str1.4
                0x0000000010004aa4       0x22 CMakeFiles/main.dir/Users/hcy2206/Library/Mobile_Documents/com~apple~CloudDocs/Github/Pico/pico-sdk/src/rp2_common/hardware_timer/timer.c.obj
 *fill*         0x0000000010004ac6        0x2 
 .rodata.hardware_alarm_set_target.str1.4
                0x0000000010004ac8       0x9b CMakeFiles/main.dir/Users/hcy2206/Library/Mobile_Documents/com~apple~CloudDocs/Github/Pico/pico-sdk/src/rp2_common/hardware_timer/timer.c.obj
 *fill*         0x0000000010004b63        0x1 
 .rodata.__func__.0
                0x0000000010004b64       0x1a CMakeFiles/main.dir/Users/hcy2206/Library/Mobile_Documents/com~apple~CloudDocs/Github/Pico/pico-sdk/src/rp2_common/hardware_timer/timer.c.obj
 .rodata.ph_add_child_node.str1.4
                0x0000000010004b7e       0xca CMakeFiles/main.dir/Users/hcy2206/Library/Mobile_Documents/com~apple~CloudDocs/Github/Pico/pico-sdk/src/common/pico_util/pheap.c.obj
 *fill*         0x0000000010004b7e        0x2 
 .rodata.ph_remove_any_head.str1.4
                0x0000000010004b80       0xc4 CMakeFiles/main.dir/Users/hcy2206/Library/Mobile_Documents/com~apple~CloudDocs/Github/Pico/pico-sdk/src/common/pico_util/pheap.c.obj
                                         0xd8 (size before relaxing)
 .rodata.ph_remove_and_free_node.str1.4
                0x0000000010004c44       0x1e CMakeFiles/main.dir/Users/hcy2206/Library/Mobile_Documents/com~apple~CloudDocs/Github/Pico/pico-sdk/src/common/pico_util/pheap.c.obj
                                         0x26 (size before relaxing)
 *fill*         0x0000000010004c62        0x2 
 .rodata.__func__.0
                0x0000000010004c64       0x18 CMakeFiles/main.dir/Users/hcy2206/Library/Mobile_Documents/com~apple~CloudDocs/Github/Pico/pico-sdk/src/common/pico_util/pheap.c.obj
 .rodata.__func__.1
                0x0000000010004c7c       0x13 CMakeFiles/main.dir/Users/hcy2206/Library/Mobile_Documents/com~apple~CloudDocs/Github/Pico/pico-sdk/src/common/pico_util/pheap.c.obj
 *fill*         0x0000000010004c8f        0x1 
 .rodata.__func__.2
                0x0000000010004c90       0x12 CMakeFiles/main.dir/Users/hcy2206/Library/Mobile_Documents/com~apple~CloudDocs/Github/Pico/pico-sdk/src/common/pico_util/pheap.c.obj
 *fill*         0x0000000010004ca2        0x2 
 .rodata.__func__.3
                0x0000000010004ca4        0xc CMakeFiles/main.dir/Users/hcy2206/Library/Mobile_Documents/com~apple~CloudDocs/Github/Pico/pico-sdk/src/common/pico_util/pheap.c.obj
 .rodata.clock_configure.str1.4
                0x0000000010004cb0       0x8d CMakeFiles/main.dir/Users/hcy2206/Library/Mobile_Documents/com~apple~CloudDocs/Github/Pico/pico-sdk/src/rp2_common/hardware_clocks/clocks.c.obj
 *fill*         0x0000000010004d3d        0x3 
 .rodata.__func__.1
                0x0000000010004d40       0x10 CMakeFiles/main.dir/Users/hcy2206/Library/Mobile_Documents/com~apple~CloudDocs/Github/Pico/pico-sdk/src/rp2_common/hardware_clocks/clocks.c.obj
 .rodata.pll_init.str1.4
                0x0000000010004d50      0x157 CMakeFiles/main.dir/Users/hcy2206/Library/Mobile_Documents/com~apple~CloudDocs/Github/Pico/pico-sdk/src/rp2_common/hardware_pll/pll.c.obj
 *fill*         0x0000000010004ea7        0x1 
 .rodata.__func__.0
                0x0000000010004ea8        0x9 CMakeFiles/main.dir/Users/hcy2206/Library/Mobile_Documents/com~apple~CloudDocs/Github/Pico/pico-sdk/src/rp2_common/hardware_pll/pll.c.obj
 *fill*         0x0000000010004eb1        0x3 
 .rodata.__assert_func.str1.4
                0x0000000010004eb4       0x3f CMakeFiles/main.dir/Users/hcy2206/Library/Mobile_Documents/com~apple~CloudDocs/Github/Pico/pico-sdk/src/rp2_common/pico_runtime/runtime.c.obj
                                         0x43 (size before relaxing)
 *fill*         0x0000000010004ef3        0x1 
 .rodata.runtime_init.str1.4
                0x0000000010004ef4       0x97 CMakeFiles/main.dir/Users/hcy2206/Library/Mobile_Documents/com~apple~CloudDocs/Github/Pico/pico-sdk/src/rp2_common/pico_runtime/runtime.c.obj
 *fill*         0x0000000010004f8b        0x1 
 .rodata.panic.str1.4
                0x0000000010004f8c       0x12 CMakeFiles/main.dir/Users/hcy2206/Library/Mobile_Documents/com~apple~CloudDocs/Github/Pico/pico-sdk/src/rp2_common/pico_runtime/runtime.c.obj
 *fill*         0x0000000010004f9e        0x2 
 .rodata.__func__.2
                0x0000000010004fa0        0xd CMakeFiles/main.dir/Users/hcy2206/Library/Mobile_Documents/com~apple~CloudDocs/Github/Pico/pico-sdk/src/rp2_common/pico_runtime/runtime.c.obj
 *fill*         0x0000000010004fad        0x3 
 .rodata._ftoa.str1.4
                0x0000000010004fb0       0x15 CMakeFiles/main.dir/Users/hcy2206/Library/Mobile_Documents/com~apple~CloudDocs/Github/Pico/pico-sdk/src/rp2_common/pico_printf/printf.c.obj
 *fill*         0x0000000010004fc5        0x3 
 .rodata._vsnprintf
                0x0000000010004fc8      0x1e0 CMakeFiles/main.dir/Users/hcy2206/Library/Mobile_Documents/com~apple~CloudDocs/Github/Pico/pico-sdk/src/rp2_common/pico_printf/printf.c.obj
 .rodata.pow10.0
                0x00000000100051a8       0x50 CMakeFiles/main.dir/Users/hcy2206/Library/Mobile_Documents/com~apple~CloudDocs/Github/Pico/pico-sdk/src/rp2_common/pico_printf/printf.c.obj
 .rodata.__aeabi_double_init.str1.4
                0x00000000100051f8       0xde CMakeFiles/main.dir/Users/hcy2206/Library/Mobile_Documents/com~apple~CloudDocs/Github/Pico/pico-sdk/src/rp2_common/pico_double/double_init_rom.c.obj
 *fill*         0x00000000100052d6        0x2 
 .rodata.__func__.0
                0x00000000100052d8       0x14 CMakeFiles/main.dir/Users/hcy2206/Library/Mobile_Documents/com~apple~CloudDocs/Github/Pico/pico-sdk/src/rp2_common/pico_double/double_init_rom.c.obj
 .rodata.__aeabi_float_init.str1.4
                0x00000000100052ec       0xb0 CMakeFiles/main.dir/Users/hcy2206/Library/Mobile_Documents/com~apple~CloudDocs/Github/Pico/pico-sdk/src/rp2_common/pico_float/float_init_rom.c.obj
                                         0xb4 (size before relaxing)
 .rodata.__func__.0
                0x000000001000539c       0x13 CMakeFiles/main.dir/Users/hcy2206/Library/Mobile_Documents/com~apple~CloudDocs/Github/Pico/pico-sdk/src/rp2_common/pico_float/float_init_rom.c.obj
 *fill*         0x00000000100053af        0x1 
 .rodata.str1.4
                0x00000000100053b0       0x3c CMakeFiles/main.dir/Users/hcy2206/Library/Mobile_Documents/com~apple~CloudDocs/Github/Pico/pico-sdk/src/rp2_common/pico_standard_link/binary_info.c.obj
 .rodata.__bi_44
                0x00000000100053ec        0xc CMakeFiles/main.dir/Users/hcy2206/Library/Mobile_Documents/com~apple~CloudDocs/Github/Pico/pico-sdk/src/rp2_common/pico_standard_link/binary_info.c.obj
 .rodata.__bi_75
                0x00000000100053f8        0xc CMakeFiles/main.dir/Users/hcy2206/Library/Mobile_Documents/com~apple~CloudDocs/Github/Pico/pico-sdk/src/rp2_common/pico_standard_link/binary_info.c.obj
 .rodata.__bi_81
                0x0000000010005404        0xc CMakeFiles/main.dir/Users/hcy2206/Library/Mobile_Documents/com~apple~CloudDocs/Github/Pico/pico-sdk/src/rp2_common/pico_standard_link/binary_info.c.obj
 .rodata.stdout_serialize_begin.str1.4
                0x0000000010005410       0x97 CMakeFiles/main.dir/Users/hcy2206/Library/Mobile_Documents/com~apple~CloudDocs/Github/Pico/pico-sdk/src/rp2_common/pico_stdio/stdio.c.obj
 .rodata.__func__.3
                0x0000000010005410       0x15 CMakeFiles/main.dir/Users/hcy2206/Library/Mobile_Documents/com~apple~CloudDocs/Github/Pico/pico-sdk/src/rp2_common/pico_stdio/stdio.c.obj
 *fill*         0x0000000010005425        0x3 
 .rodata.crlf_str.2
                0x0000000010005428        0x2 CMakeFiles/main.dir/Users/hcy2206/Library/Mobile_Documents/com~apple~CloudDocs/Github/Pico/pico-sdk/src/rp2_common/pico_stdio/stdio.c.obj
                0x000000001000542c                . = ALIGN (0x4)
 *fill*         0x000000001000542a        0x2 
 *(SORT_BY_ALIGNMENT(SORT_BY_NAME(.flashdata*)))
                0x000000001000542c                . = ALIGN (0x4)

.rel.dyn        0x000000001000542c        0x0
 .rel.iplt      0x000000001000542c        0x0 /opt/homebrew/Cellar/arm-none-eabi-gcc/10.3-2021.07/gcc/bin/../lib/gcc/arm-none-eabi/10.3.1/thumb/v6-m/nofp/crtbegin.o

.ARM.extab
 *(.ARM.extab* .gnu.linkonce.armextab.*)
                0x000000001000542c                __exidx_start = .

.ARM.exidx
 *(.ARM.exidx* .gnu.linkonce.armexidx.*)
                0x000000001000542c                __exidx_end = .
                0x000000001000542c                . = ALIGN (0x4)
                0x000000001000542c                __binary_info_start = .

.binary_info    0x000000001000542c       0x1c
 *(.binary_info.keep.*)
 .binary_info.keep.__bi_ptr22
                0x000000001000542c        0x4 CMakeFiles/main.dir/Users/hcy2206/Library/Mobile_Documents/com~apple~CloudDocs/Github/Pico/pico-sdk/src/rp2_common/pico_standard_link/binary_info.c.obj
 .binary_info.keep.__bi_ptr30
                0x0000000010005430        0x4 CMakeFiles/main.dir/Users/hcy2206/Library/Mobile_Documents/com~apple~CloudDocs/Github/Pico/pico-sdk/src/rp2_common/pico_standard_link/binary_info.c.obj
 .binary_info.keep.__bi_ptr38
                0x0000000010005434        0x4 CMakeFiles/main.dir/Users/hcy2206/Library/Mobile_Documents/com~apple~CloudDocs/Github/Pico/pico-sdk/src/rp2_common/pico_standard_link/binary_info.c.obj
 .binary_info.keep.__bi_ptr44
                0x0000000010005438        0x4 CMakeFiles/main.dir/Users/hcy2206/Library/Mobile_Documents/com~apple~CloudDocs/Github/Pico/pico-sdk/src/rp2_common/pico_standard_link/binary_info.c.obj
 .binary_info.keep.__bi_ptr50
                0x000000001000543c        0x4 CMakeFiles/main.dir/Users/hcy2206/Library/Mobile_Documents/com~apple~CloudDocs/Github/Pico/pico-sdk/src/rp2_common/pico_standard_link/binary_info.c.obj
 .binary_info.keep.__bi_ptr75
                0x0000000010005440        0x4 CMakeFiles/main.dir/Users/hcy2206/Library/Mobile_Documents/com~apple~CloudDocs/Github/Pico/pico-sdk/src/rp2_common/pico_standard_link/binary_info.c.obj
 .binary_info.keep.__bi_ptr81
                0x0000000010005444        0x4 CMakeFiles/main.dir/Users/hcy2206/Library/Mobile_Documents/com~apple~CloudDocs/Github/Pico/pico-sdk/src/rp2_common/pico_standard_link/binary_info.c.obj
 *(.binary_info.*)
                0x0000000010005448                __binary_info_end = .
                0x0000000010005448                . = ALIGN (0x4)
                0x0000000010005448                __etext = .

.ram_vector_table
                0x0000000020000000       0xc0
 *(.ram_vector_table)
 .ram_vector_table
                0x0000000020000000       0xc0 CMakeFiles/main.dir/Users/hcy2206/Library/Mobile_Documents/com~apple~CloudDocs/Github/Pico/pico-sdk/src/rp2_common/pico_runtime/runtime.c.obj
                0x0000000020000000                ram_vector_table

.data           0x00000000200000c0      0x22c load address 0x0000000010005448
                0x00000000200000c0                __data_start__ = .
 *(vtable)
 *(.time_critical*)
 .time_critical.mutex_try_enter
                0x00000000200000c0       0x46 CMakeFiles/main.dir/Users/hcy2206/Library/Mobile_Documents/com~apple~CloudDocs/Github/Pico/pico-sdk/src/common/pico_sync/mutex.c.obj
                0x00000000200000c0                mutex_try_enter
 *fill*         0x0000000020000106        0x2 
 .time_critical.mutex_enter_block_until
                0x0000000020000108       0x8c CMakeFiles/main.dir/Users/hcy2206/Library/Mobile_Documents/com~apple~CloudDocs/Github/Pico/pico-sdk/src/common/pico_sync/mutex.c.obj
                0x0000000020000108                mutex_enter_block_until
 .time_critical.mutex_try_enter_block_until
                0x0000000020000194       0x34 CMakeFiles/main.dir/Users/hcy2206/Library/Mobile_Documents/com~apple~CloudDocs/Github/Pico/pico-sdk/src/common/pico_sync/mutex.c.obj
                0x0000000020000194                mutex_try_enter_block_until
 .time_critical.mutex_exit
                0x00000000200001c8       0x4c CMakeFiles/main.dir/Users/hcy2206/Library/Mobile_Documents/com~apple~CloudDocs/Github/Pico/pico-sdk/src/common/pico_sync/mutex.c.obj
                0x00000000200001c8                mutex_exit
 *(.text*)
 .text          0x0000000020000214        0x4 /opt/homebrew/Cellar/arm-none-eabi-gcc/10.3-2021.07/gcc/bin/../lib/gcc/arm-none-eabi/10.3.1/thumb/v6-m/nofp/libgcc.a(_dvmd_tls.o)
                0x0000000020000214                __aeabi_ldiv0
                0x0000000020000214                __aeabi_idiv0
 .text.__stub   0x0000000020000218       0x20 linker stubs
                0x0000000020000238                . = ALIGN (0x4)
 *(.rodata*)
                0x0000000020000238                . = ALIGN (0x4)
 *(.data*)
 .data.striped_spin_lock_num
                0x0000000020000238        0x1 CMakeFiles/main.dir/Users/hcy2206/Library/Mobile_Documents/com~apple~CloudDocs/Github/Pico/pico-sdk/src/rp2_common/hardware_sync/sync.c.obj
 *fill*         0x0000000020000239        0x3 
 .data          0x000000002000023c       0x48 CMakeFiles/main.dir/Users/hcy2206/Library/Mobile_Documents/com~apple~CloudDocs/Github/Pico/pico-sdk/src/rp2_common/hardware_irq/irq_handler_chain.S.obj
                0x000000002000023c                irq_handler_chain_slots
                0x000000002000026c                irq_handler_chain_first_slot
                0x0000000020000276                irq_handler_chain_remove_tail
 .data.default_alarm_pool
                0x0000000020000284       0x18 CMakeFiles/main.dir/Users/hcy2206/Library/Mobile_Documents/com~apple~CloudDocs/Github/Pico/pico-sdk/src/common/pico_time/time.c.obj
 .data.default_alarm_pool_heap
                0x000000002000029c       0x10 CMakeFiles/main.dir/Users/hcy2206/Library/Mobile_Documents/com~apple~CloudDocs/Github/Pico/pico-sdk/src/common/pico_time/time.c.obj
 *fill*         0x00000000200002ac        0x4 
 .data.aeabi_bits_funcs
                0x00000000200002b0       0x10 CMakeFiles/main.dir/Users/hcy2206/Library/Mobile_Documents/com~apple~CloudDocs/Github/Pico/pico-sdk/src/rp2_common/pico_bit_ops/bit_ops_aeabi.S.obj
                0x00000000200002b0                aeabi_bits_funcs
                0x00000000200002c0                aeabi_bits_funcs_end
 .data.aeabi_mem_funcs
                0x00000000200002c0       0x10 CMakeFiles/main.dir/Users/hcy2206/Library/Mobile_Documents/com~apple~CloudDocs/Github/Pico/pico-sdk/src/rp2_common/pico_mem_ops/mem_ops_aeabi.S.obj
                0x00000000200002c0                aeabi_mem_funcs
                0x00000000200002d0                aeabi_mem_funcs_end
                0x00000000200002d0                . = ALIGN (0x4)
 *(.after_data.*)
                0x00000000200002d0                . = ALIGN (0x4)
                0x00000000200002d0                PROVIDE (__mutex_array_start = .)
 *(SORT_BY_NAME(.mutex_array.*))
 *(.mutex_array)
 .mutex_array   0x00000000200002d0        0x8 CMakeFiles/main.dir/Users/hcy2206/Library/Mobile_Documents/com~apple~CloudDocs/Github/Pico/pico-sdk/src/rp2_common/pico_stdio/stdio.c.obj
                0x00000000200002d8                PROVIDE (__mutex_array_end = .)
                0x00000000200002d8                . = ALIGN (0x4)
                0x00000000200002d8                PROVIDE (__preinit_array_start = .)
 *(SORT_BY_NAME(.preinit_array.*))
 .preinit_array.00001
                0x00000000200002d8        0x4 CMakeFiles/main.dir/Users/hcy2206/Library/Mobile_Documents/com~apple~CloudDocs/Github/Pico/pico-sdk/src/rp2_common/pico_mem_ops/mem_ops_aeabi.S.obj
 .preinit_array.00010
                0x00000000200002dc        0x4 CMakeFiles/main.dir/Users/hcy2206/Library/Mobile_Documents/com~apple~CloudDocs/Github/Pico/pico-sdk/src/rp2_common/pico_bit_ops/bit_ops_aeabi.S.obj
 .preinit_array.00020
                0x00000000200002e0        0x4 CMakeFiles/main.dir/Users/hcy2206/Library/Mobile_Documents/com~apple~CloudDocs/Github/Pico/pico-sdk/src/rp2_common/pico_double/double_aeabi.S.obj
 .preinit_array.00020
                0x00000000200002e4        0x4 CMakeFiles/main.dir/Users/hcy2206/Library/Mobile_Documents/com~apple~CloudDocs/Github/Pico/pico-sdk/src/rp2_common/pico_float/float_aeabi.S.obj
 *(.preinit_array)
                0x00000000200002e8                PROVIDE (__preinit_array_end = .)
                0x00000000200002e8                . = ALIGN (0x4)
                0x00000000200002e8                PROVIDE (__init_array_start = .)
 *(SORT_BY_NAME(.init_array.*))
 *(.init_array)
 .init_array    0x00000000200002e8        0x4 /opt/homebrew/Cellar/arm-none-eabi-gcc/10.3-2021.07/gcc/bin/../lib/gcc/arm-none-eabi/10.3.1/thumb/v6-m/nofp/crtbegin.o
                0x00000000200002ec                PROVIDE (__init_array_end = .)
                0x00000000200002ec                . = ALIGN (0x4)
                [!provide]                        PROVIDE (__fini_array_start = .)
 *(SORT_BY_NAME(.fini_array.*))
 *(.fini_array)
                [!provide]                        PROVIDE (__fini_array_end = .)
 *(.jcr)
                0x00000000200002ec                . = ALIGN (0x4)
                0x00000000200002ec                __data_end__ = .

.igot.plt       0x00000000200002ec        0x0 load address 0x0000000010005674
 .igot.plt      0x00000000200002ec        0x0 /opt/homebrew/Cellar/arm-none-eabi-gcc/10.3-2021.07/gcc/bin/../lib/gcc/arm-none-eabi/10.3.1/thumb/v6-m/nofp/crtbegin.o

.uninitialized_data
                0x00000000200002ec        0x0 load address 0x0000000010005674
                0x00000000200002ec                . = ALIGN (0x4)
 *(.uninitialized_data*)

.scratch_x      0x0000000020040000        0x0 load address 0x0000000010005674
                0x0000000020040000                __scratch_x_start__ = .
 *(.scratch_x.*)
                0x0000000020040000                . = ALIGN (0x4)
                0x0000000020040000                __scratch_x_end__ = .
                0x0000000010005674                __scratch_x_source__ = LOADADDR (.scratch_x)

.scratch_y      0x0000000020041000        0x0 load address 0x0000000010005674
                0x0000000020041000                __scratch_y_start__ = .
 *(.scratch_y.*)
                0x0000000020041000                . = ALIGN (0x4)
                0x0000000020041000                __scratch_y_end__ = .
                0x0000000010005674                __scratch_y_source__ = LOADADDR (.scratch_y)

.bss            0x00000000200002f0      0x3c8
                0x00000000200002f0                . = ALIGN (0x4)
                0x00000000200002f0                __bss_start__ = .
 *(SORT_BY_ALIGNMENT(SORT_BY_NAME(.bss*)))
 .bss.default_alarm_pool_entries
                0x00000000200002f0      0x100 CMakeFiles/main.dir/Users/hcy2206/Library/Mobile_Documents/com~apple~CloudDocs/Github/Pico/pico-sdk/src/common/pico_time/time.c.obj
 .bss           0x00000000200003f0       0x1c /opt/homebrew/Cellar/arm-none-eabi-gcc/10.3-2021.07/gcc/bin/../lib/gcc/arm-none-eabi/10.3.1/thumb/v6-m/nofp/crtbegin.o
 .bss.alarm_callbacks
                0x000000002000040c       0x10 CMakeFiles/main.dir/Users/hcy2206/Library/Mobile_Documents/com~apple~CloudDocs/Github/Pico/pico-sdk/src/rp2_common/hardware_timer/timer.c.obj
 .bss.configured_freq
                0x000000002000041c       0x28 CMakeFiles/main.dir/Users/hcy2206/Library/Mobile_Documents/com~apple~CloudDocs/Github/Pico/pico-sdk/src/rp2_common/hardware_clocks/clocks.c.obj
 .bss.default_alarm_pool_entry_ids_high
                0x0000000020000444       0x10 CMakeFiles/main.dir/Users/hcy2206/Library/Mobile_Documents/com~apple~CloudDocs/Github/Pico/pico-sdk/src/common/pico_time/time.c.obj
 .bss.default_alarm_pool_heap_nodes
                0x0000000020000454       0x30 CMakeFiles/main.dir/Users/hcy2206/Library/Mobile_Documents/com~apple~CloudDocs/Github/Pico/pico-sdk/src/common/pico_time/time.c.obj
 .bss.drivers   0x0000000020000484        0x4 CMakeFiles/main.dir/Users/hcy2206/Library/Mobile_Documents/com~apple~CloudDocs/Github/Pico/pico-sdk/src/rp2_common/pico_stdio/stdio.c.obj
 .bss.filter    0x0000000020000488        0x4 CMakeFiles/main.dir/Users/hcy2206/Library/Mobile_Documents/com~apple~CloudDocs/Github/Pico/pico-sdk/src/rp2_common/pico_stdio/stdio.c.obj
 .bss.pools     0x000000002000048c       0x10 CMakeFiles/main.dir/Users/hcy2206/Library/Mobile_Documents/com~apple~CloudDocs/Github/Pico/pico-sdk/src/common/pico_time/time.c.obj
 .bss.sd_table  0x000000002000049c      0x100 CMakeFiles/main.dir/Users/hcy2206/Library/Mobile_Documents/com~apple~CloudDocs/Github/Pico/pico-sdk/src/rp2_common/pico_double/double_init_rom.c.obj
                0x000000002000049c                sd_table
 .bss.sf_clz_func
                0x000000002000059c        0x4 CMakeFiles/main.dir/Users/hcy2206/Library/Mobile_Documents/com~apple~CloudDocs/Github/Pico/pico-sdk/src/rp2_common/pico_double/double_init_rom.c.obj
                0x000000002000059c                sf_clz_func
 .bss.sf_table  0x00000000200005a0      0x100 CMakeFiles/main.dir/Users/hcy2206/Library/Mobile_Documents/com~apple~CloudDocs/Github/Pico/pico-sdk/src/rp2_common/pico_float/float_init_rom.c.obj
                0x00000000200005a0                sf_table
 .bss.sleep_notifier
                0x00000000200006a0        0x4 CMakeFiles/main.dir/Users/hcy2206/Library/Mobile_Documents/com~apple~CloudDocs/Github/Pico/pico-sdk/src/common/pico_time/time.c.obj
 .bss.target_hi
                0x00000000200006a4       0x10 CMakeFiles/main.dir/Users/hcy2206/Library/Mobile_Documents/com~apple~CloudDocs/Github/Pico/pico-sdk/src/rp2_common/hardware_timer/timer.c.obj
 .bss.claimed   0x00000000200006b4        0x1 CMakeFiles/main.dir/Users/hcy2206/Library/Mobile_Documents/com~apple~CloudDocs/Github/Pico/pico-sdk/src/rp2_common/hardware_timer/timer.c.obj
 .bss.irq_hander_chain_free_slot_head
                0x00000000200006b5        0x1 CMakeFiles/main.dir/Users/hcy2206/Library/Mobile_Documents/com~apple~CloudDocs/Github/Pico/pico-sdk/src/rp2_common/hardware_irq/irq.c.obj
 .bss.timer_callbacks_pending
                0x00000000200006b6        0x1 CMakeFiles/main.dir/Users/hcy2206/Library/Mobile_Documents/com~apple~CloudDocs/Github/Pico/pico-sdk/src/rp2_common/hardware_timer/timer.c.obj
 *(COMMON)
                0x00000000200006b8                . = ALIGN (0x4)
 *fill*         0x00000000200006b7        0x1 
                0x00000000200006b8                __bss_end__ = .

.heap           0x00000000200006b8      0x800
                0x00000000200006b8                __end__ = .
                0x00000000200006b8                end = __end__
 *(.heap*)
 .heap          0x00000000200006b8      0x800 CMakeFiles/main.dir/Users/hcy2206/Library/Mobile_Documents/com~apple~CloudDocs/Github/Pico/pico-sdk/src/rp2_common/pico_standard_link/crt0.S.obj
                0x0000000020000eb8                __HeapLimit = .

.stack1_dummy   0x0000000020040000        0x0
 *(.stack1*)

.stack_dummy    0x0000000020041000      0x800
 *(.stack*)
 .stack         0x0000000020041000      0x800 CMakeFiles/main.dir/Users/hcy2206/Library/Mobile_Documents/com~apple~CloudDocs/Github/Pico/pico-sdk/src/rp2_common/pico_standard_link/crt0.S.obj

.flash_end      0x0000000010005674        0x0
                0x0000000010005674                __flash_binary_end = .
                0x0000000020040000                __StackLimit = (ORIGIN (RAM) + LENGTH (RAM))
                0x0000000020041000                __StackOneTop = (ORIGIN (SCRATCH_X) + LENGTH (SCRATCH_X))
                0x0000000020042000                __StackTop = (ORIGIN (SCRATCH_Y) + LENGTH (SCRATCH_Y))
                0x0000000020041000                __StackOneBottom = (__StackOneTop - SIZEOF (.stack1_dummy))
                0x0000000020041800                __StackBottom = (__StackTop - SIZEOF (.stack_dummy))
                0x0000000020042000                PROVIDE (__stack = __StackTop)
                0x0000000000000001                ASSERT ((__StackLimit >= __HeapLimit), region RAM overflowed)
                0x0000000000000001                ASSERT (((__binary_info_header_end - __logical_binary_start) <= 0x100), Binary info must be in first 256 bytes of the binary)
LOAD CMakeFiles/main.dir/main.cpp.obj
LOAD CMakeFiles/main.dir/Users/hcy2206/Library/Mobile_Documents/com~apple~CloudDocs/Github/Pico/pico-sdk/src/rp2_common/pico_stdlib/stdlib.c.obj
LOAD CMakeFiles/main.dir/Users/hcy2206/Library/Mobile_Documents/com~apple~CloudDocs/Github/Pico/pico-sdk/src/rp2_common/hardware_gpio/gpio.c.obj
LOAD CMakeFiles/main.dir/Users/hcy2206/Library/Mobile_Documents/com~apple~CloudDocs/Github/Pico/pico-sdk/src/rp2_common/pico_platform/platform.c.obj
LOAD CMakeFiles/main.dir/Users/hcy2206/Library/Mobile_Documents/com~apple~CloudDocs/Github/Pico/pico-sdk/src/rp2_common/hardware_claim/claim.c.obj
LOAD CMakeFiles/main.dir/Users/hcy2206/Library/Mobile_Documents/com~apple~CloudDocs/Github/Pico/pico-sdk/src/rp2_common/hardware_sync/sync.c.obj
LOAD CMakeFiles/main.dir/Users/hcy2206/Library/Mobile_Documents/com~apple~CloudDocs/Github/Pico/pico-sdk/src/rp2_common/hardware_irq/irq.c.obj
LOAD CMakeFiles/main.dir/Users/hcy2206/Library/Mobile_Documents/com~apple~CloudDocs/Github/Pico/pico-sdk/src/rp2_common/hardware_irq/irq_handler_chain.S.obj
LOAD CMakeFiles/main.dir/Users/hcy2206/Library/Mobile_Documents/com~apple~CloudDocs/Github/Pico/pico-sdk/src/common/pico_sync/sem.c.obj
LOAD CMakeFiles/main.dir/Users/hcy2206/Library/Mobile_Documents/com~apple~CloudDocs/Github/Pico/pico-sdk/src/common/pico_sync/lock_core.c.obj
LOAD CMakeFiles/main.dir/Users/hcy2206/Library/Mobile_Documents/com~apple~CloudDocs/Github/Pico/pico-sdk/src/common/pico_sync/mutex.c.obj
LOAD CMakeFiles/main.dir/Users/hcy2206/Library/Mobile_Documents/com~apple~CloudDocs/Github/Pico/pico-sdk/src/common/pico_sync/critical_section.c.obj
LOAD CMakeFiles/main.dir/Users/hcy2206/Library/Mobile_Documents/com~apple~CloudDocs/Github/Pico/pico-sdk/src/common/pico_time/time.c.obj
LOAD CMakeFiles/main.dir/Users/hcy2206/Library/Mobile_Documents/com~apple~CloudDocs/Github/Pico/pico-sdk/src/common/pico_time/timeout_helper.c.obj
LOAD CMakeFiles/main.dir/Users/hcy2206/Library/Mobile_Documents/com~apple~CloudDocs/Github/Pico/pico-sdk/src/rp2_common/hardware_timer/timer.c.obj
LOAD CMakeFiles/main.dir/Users/hcy2206/Library/Mobile_Documents/com~apple~CloudDocs/Github/Pico/pico-sdk/src/common/pico_util/datetime.c.obj
LOAD CMakeFiles/main.dir/Users/hcy2206/Library/Mobile_Documents/com~apple~CloudDocs/Github/Pico/pico-sdk/src/common/pico_util/pheap.c.obj
LOAD CMakeFiles/main.dir/Users/hcy2206/Library/Mobile_Documents/com~apple~CloudDocs/Github/Pico/pico-sdk/src/common/pico_util/queue.c.obj
LOAD CMakeFiles/main.dir/Users/hcy2206/Library/Mobile_Documents/com~apple~CloudDocs/Github/Pico/pico-sdk/src/rp2_common/hardware_uart/uart.c.obj
LOAD CMakeFiles/main.dir/Users/hcy2206/Library/Mobile_Documents/com~apple~CloudDocs/Github/Pico/pico-sdk/src/rp2_common/hardware_clocks/clocks.c.obj
LOAD CMakeFiles/main.dir/Users/hcy2206/Library/Mobile_Documents/com~apple~CloudDocs/Github/Pico/pico-sdk/src/rp2_common/hardware_pll/pll.c.obj
LOAD CMakeFiles/main.dir/Users/hcy2206/Library/Mobile_Documents/com~apple~CloudDocs/Github/Pico/pico-sdk/src/rp2_common/hardware_vreg/vreg.c.obj
LOAD CMakeFiles/main.dir/Users/hcy2206/Library/Mobile_Documents/com~apple~CloudDocs/Github/Pico/pico-sdk/src/rp2_common/hardware_watchdog/watchdog.c.obj
LOAD CMakeFiles/main.dir/Users/hcy2206/Library/Mobile_Documents/com~apple~CloudDocs/Github/Pico/pico-sdk/src/rp2_common/hardware_xosc/xosc.c.obj
LOAD CMakeFiles/main.dir/Users/hcy2206/Library/Mobile_Documents/com~apple~CloudDocs/Github/Pico/pico-sdk/src/rp2_common/hardware_divider/divider.S.obj
LOAD CMakeFiles/main.dir/Users/hcy2206/Library/Mobile_Documents/com~apple~CloudDocs/Github/Pico/pico-sdk/src/rp2_common/pico_runtime/runtime.c.obj
LOAD CMakeFiles/main.dir/Users/hcy2206/Library/Mobile_Documents/com~apple~CloudDocs/Github/Pico/pico-sdk/src/rp2_common/pico_printf/printf.c.obj
LOAD CMakeFiles/main.dir/Users/hcy2206/Library/Mobile_Documents/com~apple~CloudDocs/Github/Pico/pico-sdk/src/rp2_common/pico_bit_ops/bit_ops_aeabi.S.obj
LOAD CMakeFiles/main.dir/Users/hcy2206/Library/Mobile_Documents/com~apple~CloudDocs/Github/Pico/pico-sdk/src/rp2_common/pico_bootrom/bootrom.c.obj
LOAD CMakeFiles/main.dir/Users/hcy2206/Library/Mobile_Documents/com~apple~CloudDocs/Github/Pico/pico-sdk/src/rp2_common/pico_divider/divider.S.obj
LOAD CMakeFiles/main.dir/Users/hcy2206/Library/Mobile_Documents/com~apple~CloudDocs/Github/Pico/pico-sdk/src/rp2_common/pico_double/double_aeabi.S.obj
LOAD CMakeFiles/main.dir/Users/hcy2206/Library/Mobile_Documents/com~apple~CloudDocs/Github/Pico/pico-sdk/src/rp2_common/pico_double/double_init_rom.c.obj
LOAD CMakeFiles/main.dir/Users/hcy2206/Library/Mobile_Documents/com~apple~CloudDocs/Github/Pico/pico-sdk/src/rp2_common/pico_double/double_math.c.obj
LOAD CMakeFiles/main.dir/Users/hcy2206/Library/Mobile_Documents/com~apple~CloudDocs/Github/Pico/pico-sdk/src/rp2_common/pico_double/double_v1_rom_shim.S.obj
LOAD CMakeFiles/main.dir/Users/hcy2206/Library/Mobile_Documents/com~apple~CloudDocs/Github/Pico/pico-sdk/src/rp2_common/pico_int64_ops/pico_int64_ops_aeabi.S.obj
LOAD CMakeFiles/main.dir/Users/hcy2206/Library/Mobile_Documents/com~apple~CloudDocs/Github/Pico/pico-sdk/src/rp2_common/pico_float/float_aeabi.S.obj
LOAD CMakeFiles/main.dir/Users/hcy2206/Library/Mobile_Documents/com~apple~CloudDocs/Github/Pico/pico-sdk/src/rp2_common/pico_float/float_init_rom.c.obj
LOAD CMakeFiles/main.dir/Users/hcy2206/Library/Mobile_Documents/com~apple~CloudDocs/Github/Pico/pico-sdk/src/rp2_common/pico_float/float_math.c.obj
LOAD CMakeFiles/main.dir/Users/hcy2206/Library/Mobile_Documents/com~apple~CloudDocs/Github/Pico/pico-sdk/src/rp2_common/pico_float/float_v1_rom_shim.S.obj
LOAD CMakeFiles/main.dir/Users/hcy2206/Library/Mobile_Documents/com~apple~CloudDocs/Github/Pico/pico-sdk/src/rp2_common/pico_malloc/pico_malloc.c.obj
LOAD CMakeFiles/main.dir/Users/hcy2206/Library/Mobile_Documents/com~apple~CloudDocs/Github/Pico/pico-sdk/src/rp2_common/pico_mem_ops/mem_ops_aeabi.S.obj
LOAD CMakeFiles/main.dir/Users/hcy2206/Library/Mobile_Documents/com~apple~CloudDocs/Github/Pico/pico-sdk/src/rp2_common/pico_standard_link/crt0.S.obj
LOAD CMakeFiles/main.dir/Users/hcy2206/Library/Mobile_Documents/com~apple~CloudDocs/Github/Pico/pico-sdk/src/rp2_common/pico_standard_link/new_delete.cpp.obj
LOAD CMakeFiles/main.dir/Users/hcy2206/Library/Mobile_Documents/com~apple~CloudDocs/Github/Pico/pico-sdk/src/rp2_common/pico_standard_link/binary_info.c.obj
LOAD CMakeFiles/main.dir/Users/hcy2206/Library/Mobile_Documents/com~apple~CloudDocs/Github/Pico/pico-sdk/src/rp2_common/pico_stdio/stdio.c.obj
LOAD CMakeFiles/main.dir/Users/hcy2206/Library/Mobile_Documents/com~apple~CloudDocs/Github/Pico/pico-sdk/src/rp2_common/pico_stdio_uart/stdio_uart.c.obj
LOAD /var/folders/5q/h16gbyyd0hd0bht8xwx77fq80000gn/T//ccvSvOxC.o
LOAD /opt/homebrew/Cellar/arm-none-eabi-gcc/10.3-2021.07/gcc/bin/../lib/gcc/arm-none-eabi/10.3.1/../../../../arm-none-eabi/lib/thumb/v6-m/nofp/libstdc++.a
LOAD /opt/homebrew/Cellar/arm-none-eabi-gcc/10.3-2021.07/gcc/bin/../lib/gcc/arm-none-eabi/10.3.1/../../../../arm-none-eabi/lib/thumb/v6-m/nofp/libm.a
START GROUP
LOAD /opt/homebrew/Cellar/arm-none-eabi-gcc/10.3-2021.07/gcc/bin/../lib/gcc/arm-none-eabi/10.3.1/thumb/v6-m/nofp/libgcc.a
LOAD /opt/homebrew/Cellar/arm-none-eabi-gcc/10.3-2021.07/gcc/bin/../lib/gcc/arm-none-eabi/10.3.1/../../../../arm-none-eabi/lib/thumb/v6-m/nofp/libg.a
LOAD /opt/homebrew/Cellar/arm-none-eabi-gcc/10.3-2021.07/gcc/bin/../lib/gcc/arm-none-eabi/10.3.1/../../../../arm-none-eabi/lib/thumb/v6-m/nofp/libc.a
END GROUP
START GROUP
LOAD /opt/homebrew/Cellar/arm-none-eabi-gcc/10.3-2021.07/gcc/bin/../lib/gcc/arm-none-eabi/10.3.1/thumb/v6-m/nofp/libgcc.a
LOAD /opt/homebrew/Cellar/arm-none-eabi-gcc/10.3-2021.07/gcc/bin/../lib/gcc/arm-none-eabi/10.3.1/../../../../arm-none-eabi/lib/thumb/v6-m/nofp/libc.a
LOAD /opt/homebrew/Cellar/arm-none-eabi-gcc/10.3-2021.07/gcc/bin/../lib/gcc/arm-none-eabi/10.3.1/../../../../arm-none-eabi/lib/thumb/v6-m/nofp/libnosys.a
END GROUP
LOAD /opt/homebrew/Cellar/arm-none-eabi-gcc/10.3-2021.07/gcc/bin/../lib/gcc/arm-none-eabi/10.3.1/thumb/v6-m/nofp/crtend.o
LOAD /opt/homebrew/Cellar/arm-none-eabi-gcc/10.3-2021.07/gcc/bin/../lib/gcc/arm-none-eabi/10.3.1/thumb/v6-m/nofp/crtn.o
OUTPUT(main.elf elf32-littlearm)
LOAD linker stubs

.ARM.attributes
                0x0000000000000000       0x28
 .ARM.attributes
                0x0000000000000000       0x1e /opt/homebrew/Cellar/arm-none-eabi-gcc/10.3-2021.07/gcc/bin/../lib/gcc/arm-none-eabi/10.3.1/thumb/v6-m/nofp/crti.o
 .ARM.attributes
                0x000000000000001e       0x2c /opt/homebrew/Cellar/arm-none-eabi-gcc/10.3-2021.07/gcc/bin/../lib/gcc/arm-none-eabi/10.3.1/thumb/v6-m/nofp/crtbegin.o
 .ARM.attributes
                0x000000000000004a       0x2c CMakeFiles/main.dir/main.cpp.obj
 .ARM.attributes
                0x0000000000000076       0x2c CMakeFiles/main.dir/Users/hcy2206/Library/Mobile_Documents/com~apple~CloudDocs/Github/Pico/pico-sdk/src/rp2_common/hardware_gpio/gpio.c.obj
 .ARM.attributes
                0x00000000000000a2       0x2c CMakeFiles/main.dir/Users/hcy2206/Library/Mobile_Documents/com~apple~CloudDocs/Github/Pico/pico-sdk/src/rp2_common/pico_platform/platform.c.obj
 .ARM.attributes
                0x00000000000000ce       0x2c CMakeFiles/main.dir/Users/hcy2206/Library/Mobile_Documents/com~apple~CloudDocs/Github/Pico/pico-sdk/src/rp2_common/hardware_claim/claim.c.obj
 .ARM.attributes
                0x00000000000000fa       0x2c CMakeFiles/main.dir/Users/hcy2206/Library/Mobile_Documents/com~apple~CloudDocs/Github/Pico/pico-sdk/src/rp2_common/hardware_sync/sync.c.obj
 .ARM.attributes
                0x0000000000000126       0x2c CMakeFiles/main.dir/Users/hcy2206/Library/Mobile_Documents/com~apple~CloudDocs/Github/Pico/pico-sdk/src/rp2_common/hardware_irq/irq.c.obj
 .ARM.attributes
                0x0000000000000152       0x22 CMakeFiles/main.dir/Users/hcy2206/Library/Mobile_Documents/com~apple~CloudDocs/Github/Pico/pico-sdk/src/rp2_common/hardware_irq/irq_handler_chain.S.obj
 .ARM.attributes
                0x0000000000000174       0x2c CMakeFiles/main.dir/Users/hcy2206/Library/Mobile_Documents/com~apple~CloudDocs/Github/Pico/pico-sdk/src/common/pico_sync/lock_core.c.obj
 .ARM.attributes
                0x00000000000001a0       0x2c CMakeFiles/main.dir/Users/hcy2206/Library/Mobile_Documents/com~apple~CloudDocs/Github/Pico/pico-sdk/src/common/pico_sync/mutex.c.obj
 .ARM.attributes
                0x00000000000001cc       0x2c CMakeFiles/main.dir/Users/hcy2206/Library/Mobile_Documents/com~apple~CloudDocs/Github/Pico/pico-sdk/src/common/pico_time/time.c.obj
 .ARM.attributes
                0x00000000000001f8       0x2c CMakeFiles/main.dir/Users/hcy2206/Library/Mobile_Documents/com~apple~CloudDocs/Github/Pico/pico-sdk/src/rp2_common/hardware_timer/timer.c.obj
 .ARM.attributes
                0x0000000000000224       0x2c CMakeFiles/main.dir/Users/hcy2206/Library/Mobile_Documents/com~apple~CloudDocs/Github/Pico/pico-sdk/src/common/pico_util/pheap.c.obj
 .ARM.attributes
                0x0000000000000250       0x2c CMakeFiles/main.dir/Users/hcy2206/Library/Mobile_Documents/com~apple~CloudDocs/Github/Pico/pico-sdk/src/rp2_common/hardware_clocks/clocks.c.obj
 .ARM.attributes
                0x000000000000027c       0x2c CMakeFiles/main.dir/Users/hcy2206/Library/Mobile_Documents/com~apple~CloudDocs/Github/Pico/pico-sdk/src/rp2_common/hardware_pll/pll.c.obj
 .ARM.attributes
                0x00000000000002a8       0x2c CMakeFiles/main.dir/Users/hcy2206/Library/Mobile_Documents/com~apple~CloudDocs/Github/Pico/pico-sdk/src/rp2_common/hardware_watchdog/watchdog.c.obj
 .ARM.attributes
                0x00000000000002d4       0x2c CMakeFiles/main.dir/Users/hcy2206/Library/Mobile_Documents/com~apple~CloudDocs/Github/Pico/pico-sdk/src/rp2_common/hardware_xosc/xosc.c.obj
 .ARM.attributes
                0x0000000000000300       0x2c CMakeFiles/main.dir/Users/hcy2206/Library/Mobile_Documents/com~apple~CloudDocs/Github/Pico/pico-sdk/src/rp2_common/pico_runtime/runtime.c.obj
 .ARM.attributes
                0x000000000000032c       0x2c CMakeFiles/main.dir/Users/hcy2206/Library/Mobile_Documents/com~apple~CloudDocs/Github/Pico/pico-sdk/src/rp2_common/pico_printf/printf.c.obj
 .ARM.attributes
                0x0000000000000358       0x22 CMakeFiles/main.dir/Users/hcy2206/Library/Mobile_Documents/com~apple~CloudDocs/Github/Pico/pico-sdk/src/rp2_common/pico_bit_ops/bit_ops_aeabi.S.obj
 .ARM.attributes
                0x000000000000037a       0x2c CMakeFiles/main.dir/Users/hcy2206/Library/Mobile_Documents/com~apple~CloudDocs/Github/Pico/pico-sdk/src/rp2_common/pico_bootrom/bootrom.c.obj
 .ARM.attributes
                0x00000000000003a6       0x22 CMakeFiles/main.dir/Users/hcy2206/Library/Mobile_Documents/com~apple~CloudDocs/Github/Pico/pico-sdk/src/rp2_common/pico_divider/divider.S.obj
 .ARM.attributes
                0x00000000000003c8       0x22 CMakeFiles/main.dir/Users/hcy2206/Library/Mobile_Documents/com~apple~CloudDocs/Github/Pico/pico-sdk/src/rp2_common/pico_double/double_aeabi.S.obj
 .ARM.attributes
                0x00000000000003ea       0x2c CMakeFiles/main.dir/Users/hcy2206/Library/Mobile_Documents/com~apple~CloudDocs/Github/Pico/pico-sdk/src/rp2_common/pico_double/double_init_rom.c.obj
 .ARM.attributes
                0x0000000000000416       0x22 CMakeFiles/main.dir/Users/hcy2206/Library/Mobile_Documents/com~apple~CloudDocs/Github/Pico/pico-sdk/src/rp2_common/pico_double/double_v1_rom_shim.S.obj
 .ARM.attributes
                0x0000000000000438       0x22 CMakeFiles/main.dir/Users/hcy2206/Library/Mobile_Documents/com~apple~CloudDocs/Github/Pico/pico-sdk/src/rp2_common/pico_int64_ops/pico_int64_ops_aeabi.S.obj
 .ARM.attributes
                0x000000000000045a       0x22 CMakeFiles/main.dir/Users/hcy2206/Library/Mobile_Documents/com~apple~CloudDocs/Github/Pico/pico-sdk/src/rp2_common/pico_float/float_aeabi.S.obj
 .ARM.attributes
                0x000000000000047c       0x2c CMakeFiles/main.dir/Users/hcy2206/Library/Mobile_Documents/com~apple~CloudDocs/Github/Pico/pico-sdk/src/rp2_common/pico_float/float_init_rom.c.obj
 .ARM.attributes
                0x00000000000004a8       0x22 CMakeFiles/main.dir/Users/hcy2206/Library/Mobile_Documents/com~apple~CloudDocs/Github/Pico/pico-sdk/src/rp2_common/pico_float/float_v1_rom_shim.S.obj
 .ARM.attributes
                0x00000000000004ca       0x22 CMakeFiles/main.dir/Users/hcy2206/Library/Mobile_Documents/com~apple~CloudDocs/Github/Pico/pico-sdk/src/rp2_common/pico_mem_ops/mem_ops_aeabi.S.obj
 .ARM.attributes
                0x00000000000004ec       0x22 CMakeFiles/main.dir/Users/hcy2206/Library/Mobile_Documents/com~apple~CloudDocs/Github/Pico/pico-sdk/src/rp2_common/pico_standard_link/crt0.S.obj
 .ARM.attributes
                0x000000000000050e       0x32 CMakeFiles/main.dir/Users/hcy2206/Library/Mobile_Documents/com~apple~CloudDocs/Github/Pico/pico-sdk/src/rp2_common/pico_standard_link/binary_info.c.obj
 .ARM.attributes
                0x0000000000000540       0x2c CMakeFiles/main.dir/Users/hcy2206/Library/Mobile_Documents/com~apple~CloudDocs/Github/Pico/pico-sdk/src/rp2_common/pico_stdio/stdio.c.obj
 .ARM.attributes
                0x000000000000056c       0x22 /var/folders/5q/h16gbyyd0hd0bht8xwx77fq80000gn/T//ccvSvOxC.o
 .ARM.attributes
                0x000000000000058e       0x1e /opt/homebrew/Cellar/arm-none-eabi-gcc/10.3-2021.07/gcc/bin/../lib/gcc/arm-none-eabi/10.3.1/thumb/v6-m/nofp/libgcc.a(_dvmd_tls.o)
 .ARM.attributes
                0x00000000000005ac       0x2c /opt/homebrew/Cellar/arm-none-eabi-gcc/10.3-2021.07/gcc/bin/../lib/gcc/arm-none-eabi/10.3.1/../../../../arm-none-eabi/lib/thumb/v6-m/nofp/libg.a(lib_a-strlen-stub.o)

.comment        0x0000000000000000       0x49
 .comment       0x0000000000000000       0x49 CMakeFiles/main.dir/main.cpp.obj
                                         0x4a (size before relaxing)
 .comment       0x0000000000000049       0x4a CMakeFiles/main.dir/Users/hcy2206/Library/Mobile_Documents/com~apple~CloudDocs/Github/Pico/pico-sdk/src/rp2_common/hardware_gpio/gpio.c.obj
 .comment       0x0000000000000049       0x4a CMakeFiles/main.dir/Users/hcy2206/Library/Mobile_Documents/com~apple~CloudDocs/Github/Pico/pico-sdk/src/rp2_common/pico_platform/platform.c.obj
 .comment       0x0000000000000049       0x4a CMakeFiles/main.dir/Users/hcy2206/Library/Mobile_Documents/com~apple~CloudDocs/Github/Pico/pico-sdk/src/rp2_common/hardware_claim/claim.c.obj
 .comment       0x0000000000000049       0x4a CMakeFiles/main.dir/Users/hcy2206/Library/Mobile_Documents/com~apple~CloudDocs/Github/Pico/pico-sdk/src/rp2_common/hardware_sync/sync.c.obj
 .comment       0x0000000000000049       0x4a CMakeFiles/main.dir/Users/hcy2206/Library/Mobile_Documents/com~apple~CloudDocs/Github/Pico/pico-sdk/src/rp2_common/hardware_irq/irq.c.obj
 .comment       0x0000000000000049       0x4a CMakeFiles/main.dir/Users/hcy2206/Library/Mobile_Documents/com~apple~CloudDocs/Github/Pico/pico-sdk/src/common/pico_sync/lock_core.c.obj
 .comment       0x0000000000000049       0x4a CMakeFiles/main.dir/Users/hcy2206/Library/Mobile_Documents/com~apple~CloudDocs/Github/Pico/pico-sdk/src/common/pico_sync/mutex.c.obj
 .comment       0x0000000000000049       0x4a CMakeFiles/main.dir/Users/hcy2206/Library/Mobile_Documents/com~apple~CloudDocs/Github/Pico/pico-sdk/src/common/pico_time/time.c.obj
 .comment       0x0000000000000049       0x4a CMakeFiles/main.dir/Users/hcy2206/Library/Mobile_Documents/com~apple~CloudDocs/Github/Pico/pico-sdk/src/rp2_common/hardware_timer/timer.c.obj
 .comment       0x0000000000000049       0x4a CMakeFiles/main.dir/Users/hcy2206/Library/Mobile_Documents/com~apple~CloudDocs/Github/Pico/pico-sdk/src/common/pico_util/pheap.c.obj
 .comment       0x0000000000000049       0x4a CMakeFiles/main.dir/Users/hcy2206/Library/Mobile_Documents/com~apple~CloudDocs/Github/Pico/pico-sdk/src/rp2_common/hardware_clocks/clocks.c.obj
 .comment       0x0000000000000049       0x4a CMakeFiles/main.dir/Users/hcy2206/Library/Mobile_Documents/com~apple~CloudDocs/Github/Pico/pico-sdk/src/rp2_common/hardware_pll/pll.c.obj
 .comment       0x0000000000000049       0x4a CMakeFiles/main.dir/Users/hcy2206/Library/Mobile_Documents/com~apple~CloudDocs/Github/Pico/pico-sdk/src/rp2_common/hardware_watchdog/watchdog.c.obj
 .comment       0x0000000000000049       0x4a CMakeFiles/main.dir/Users/hcy2206/Library/Mobile_Documents/com~apple~CloudDocs/Github/Pico/pico-sdk/src/rp2_common/hardware_xosc/xosc.c.obj
 .comment       0x0000000000000049       0x4a CMakeFiles/main.dir/Users/hcy2206/Library/Mobile_Documents/com~apple~CloudDocs/Github/Pico/pico-sdk/src/rp2_common/pico_runtime/runtime.c.obj
 .comment       0x0000000000000049       0x4a CMakeFiles/main.dir/Users/hcy2206/Library/Mobile_Documents/com~apple~CloudDocs/Github/Pico/pico-sdk/src/rp2_common/pico_printf/printf.c.obj
 .comment       0x0000000000000049       0x4a CMakeFiles/main.dir/Users/hcy2206/Library/Mobile_Documents/com~apple~CloudDocs/Github/Pico/pico-sdk/src/rp2_common/pico_bootrom/bootrom.c.obj
 .comment       0x0000000000000049       0x4a CMakeFiles/main.dir/Users/hcy2206/Library/Mobile_Documents/com~apple~CloudDocs/Github/Pico/pico-sdk/src/rp2_common/pico_double/double_init_rom.c.obj
 .comment       0x0000000000000049       0x4a CMakeFiles/main.dir/Users/hcy2206/Library/Mobile_Documents/com~apple~CloudDocs/Github/Pico/pico-sdk/src/rp2_common/pico_float/float_init_rom.c.obj
 .comment       0x0000000000000049       0x4a CMakeFiles/main.dir/Users/hcy2206/Library/Mobile_Documents/com~apple~CloudDocs/Github/Pico/pico-sdk/src/rp2_common/pico_standard_link/binary_info.c.obj
 .comment       0x0000000000000049       0x4a CMakeFiles/main.dir/Users/hcy2206/Library/Mobile_Documents/com~apple~CloudDocs/Github/Pico/pico-sdk/src/rp2_common/pico_stdio/stdio.c.obj

.debug_info     0x0000000000000000    0x13b4e
 .debug_info    0x0000000000000000      0x62d CMakeFiles/main.dir/main.cpp.obj
 .debug_info    0x000000000000062d     0x16d8 CMakeFiles/main.dir/Users/hcy2206/Library/Mobile_Documents/com~apple~CloudDocs/Github/Pico/pico-sdk/src/rp2_common/hardware_gpio/gpio.c.obj
 .debug_info    0x0000000000001d05      0x1e3 CMakeFiles/main.dir/Users/hcy2206/Library/Mobile_Documents/com~apple~CloudDocs/Github/Pico/pico-sdk/src/rp2_common/pico_platform/platform.c.obj
 .debug_info    0x0000000000001ee8      0x6bc CMakeFiles/main.dir/Users/hcy2206/Library/Mobile_Documents/com~apple~CloudDocs/Github/Pico/pico-sdk/src/rp2_common/hardware_claim/claim.c.obj
 .debug_info    0x00000000000025a4      0x58e CMakeFiles/main.dir/Users/hcy2206/Library/Mobile_Documents/com~apple~CloudDocs/Github/Pico/pico-sdk/src/rp2_common/hardware_sync/sync.c.obj
 .debug_info    0x0000000000002b32     0x1c9c CMakeFiles/main.dir/Users/hcy2206/Library/Mobile_Documents/com~apple~CloudDocs/Github/Pico/pico-sdk/src/rp2_common/hardware_irq/irq.c.obj
 .debug_info    0x00000000000047ce      0x1a4 CMakeFiles/main.dir/Users/hcy2206/Library/Mobile_Documents/com~apple~CloudDocs/Github/Pico/pico-sdk/src/common/pico_sync/lock_core.c.obj
 .debug_info    0x0000000000004972     0x20d3 CMakeFiles/main.dir/Users/hcy2206/Library/Mobile_Documents/com~apple~CloudDocs/Github/Pico/pico-sdk/src/common/pico_sync/mutex.c.obj
 .debug_info    0x0000000000006a45     0x4066 CMakeFiles/main.dir/Users/hcy2206/Library/Mobile_Documents/com~apple~CloudDocs/Github/Pico/pico-sdk/src/common/pico_time/time.c.obj
 .debug_info    0x000000000000aaab     0x13ee CMakeFiles/main.dir/Users/hcy2206/Library/Mobile_Documents/com~apple~CloudDocs/Github/Pico/pico-sdk/src/rp2_common/hardware_timer/timer.c.obj
 .debug_info    0x000000000000be99     0x123b CMakeFiles/main.dir/Users/hcy2206/Library/Mobile_Documents/com~apple~CloudDocs/Github/Pico/pico-sdk/src/common/pico_util/pheap.c.obj